Archive member included because of file (symbol)

/usr/bin/../lib/gcc/arm-none-eabi/4.9.3/../../../../arm-none-eabi/lib/armv7e-m/fpu/libm.a(lib_a-wf_fmod.o)
                              build/obj/utils.o (fmodf)
/usr/bin/../lib/gcc/arm-none-eabi/4.9.3/../../../../arm-none-eabi/lib/armv7e-m/fpu/libm.a(lib_a-wf_sqrt.o)
                              build/obj/utils.o (sqrtf)
/usr/bin/../lib/gcc/arm-none-eabi/4.9.3/../../../../arm-none-eabi/lib/armv7e-m/fpu/libm.a(lib_a-ef_fmod.o)
                              /usr/bin/../lib/gcc/arm-none-eabi/4.9.3/../../../../arm-none-eabi/lib/armv7e-m/fpu/libm.a(lib_a-wf_fmod.o) (__ieee754_fmodf)
/usr/bin/../lib/gcc/arm-none-eabi/4.9.3/../../../../arm-none-eabi/lib/armv7e-m/fpu/libm.a(lib_a-ef_sqrt.o)
                              /usr/bin/../lib/gcc/arm-none-eabi/4.9.3/../../../../arm-none-eabi/lib/armv7e-m/fpu/libm.a(lib_a-wf_sqrt.o) (__ieee754_sqrtf)
/usr/bin/../lib/gcc/arm-none-eabi/4.9.3/../../../../arm-none-eabi/lib/armv7e-m/fpu/libm.a(lib_a-s_lib_ver.o)
                              /usr/bin/../lib/gcc/arm-none-eabi/4.9.3/../../../../arm-none-eabi/lib/armv7e-m/fpu/libm.a(lib_a-wf_fmod.o) (__fdlib_version)
/usr/bin/../lib/gcc/arm-none-eabi/4.9.3/../../../../arm-none-eabi/lib/armv7e-m/fpu/libm.a(lib_a-s_matherr.o)
                              /usr/bin/../lib/gcc/arm-none-eabi/4.9.3/../../../../arm-none-eabi/lib/armv7e-m/fpu/libm.a(lib_a-wf_fmod.o) (matherr)
/usr/bin/../lib/gcc/arm-none-eabi/4.9.3/../../../../arm-none-eabi/lib/armv7e-m/fpu/libm.a(lib_a-sf_fpclassify.o)
                              /usr/bin/../lib/gcc/arm-none-eabi/4.9.3/../../../../arm-none-eabi/lib/armv7e-m/fpu/libm.a(lib_a-wf_fmod.o) (__fpclassifyf)
/usr/bin/../lib/gcc/arm-none-eabi/4.9.3/armv7e-m/fpu/libgcc.a(_arm_addsubdf3.o)
                              build/obj/chprintf.o (__aeabi_dsub)
/usr/bin/../lib/gcc/arm-none-eabi/4.9.3/armv7e-m/fpu/libgcc.a(_arm_muldivdf3.o)
                              build/obj/chprintf.o (__aeabi_dmul)
/usr/bin/../lib/gcc/arm-none-eabi/4.9.3/armv7e-m/fpu/libgcc.a(_arm_fixdfsi.o)
                              build/obj/chprintf.o (__aeabi_d2iz)
/usr/bin/../lib/gcc/arm-none-eabi/4.9.3/armv7e-m/fpu/libgcc.a(_arm_truncdfsf2.o)
                              build/obj/chprintf.o (__aeabi_d2f)
/usr/bin/../lib/gcc/arm-none-eabi/4.9.3/../../../../arm-none-eabi/lib/armv7e-m/fpu/libg.a(lib_a-errno.o)
                              /usr/bin/../lib/gcc/arm-none-eabi/4.9.3/../../../../arm-none-eabi/lib/armv7e-m/fpu/libm.a(lib_a-wf_fmod.o) (__errno)
/usr/bin/../lib/gcc/arm-none-eabi/4.9.3/../../../../arm-none-eabi/lib/armv7e-m/fpu/libg.a(lib_a-impure.o)
                              /usr/bin/../lib/gcc/arm-none-eabi/4.9.3/../../../../arm-none-eabi/lib/armv7e-m/fpu/libg.a(lib_a-errno.o) (_impure_ptr)
/usr/bin/../lib/gcc/arm-none-eabi/4.9.3/../../../../arm-none-eabi/lib/armv7e-m/fpu/libg.a(lib_a-memcpy.o)
                              build/obj/basic_rf.o (memcpy)
/usr/bin/../lib/gcc/arm-none-eabi/4.9.3/../../../../arm-none-eabi/lib/armv7e-m/fpu/libg.a(lib_a-memset.o)
                              build/obj/usb.o (memset)

Discarded input sections

 .data          0x0000000000000000        0x0 build/obj/crt0_v7m.o
 .bss           0x0000000000000000        0x0 build/obj/crt0_v7m.o
 .data          0x0000000000000000        0x0 build/obj/chcoreasm_v7m.o
 .bss           0x0000000000000000        0x0 build/obj/chcoreasm_v7m.o
 .text          0x0000000000000000        0x0 build/obj/crt1.o
 .data          0x0000000000000000        0x0 build/obj/crt1.o
 .bss           0x0000000000000000        0x0 build/obj/crt1.o
 .text.__early_init
                0x0000000000000000        0x4 build/obj/crt1.o
 .text          0x0000000000000000        0x0 build/obj/vectors.o
 .data          0x0000000000000000        0x0 build/obj/vectors.o
 .bss           0x0000000000000000        0x0 build/obj/vectors.o
 .text          0x0000000000000000        0x0 build/obj/chsys.o
 .data          0x0000000000000000        0x0 build/obj/chsys.o
 .bss           0x0000000000000000        0x0 build/obj/chsys.o
 .text.chSysHalt
                0x0000000000000000        0xc build/obj/chsys.o
 .text.chSysIntegrityCheckI
                0x0000000000000000       0xc0 build/obj/chsys.o
 .text.chSysGetStatusAndLockX
                0x0000000000000000       0x10 build/obj/chsys.o
 .text.chSysRestoreStatusX
                0x0000000000000000       0x20 build/obj/chsys.o
 .text.chSysIsCounterWithinX
                0x0000000000000000       0x10 build/obj/chsys.o
 .text          0x0000000000000000        0x0 build/obj/chdebug.o
 .data          0x0000000000000000        0x0 build/obj/chdebug.o
 .bss           0x0000000000000000        0x0 build/obj/chdebug.o
 .debug_info    0x0000000000000000      0x719 build/obj/chdebug.o
 .debug_abbrev  0x0000000000000000      0x125 build/obj/chdebug.o
 .debug_aranges
                0x0000000000000000       0x18 build/obj/chdebug.o
 .debug_line    0x0000000000000000      0x182 build/obj/chdebug.o
[...]
Memory Configuration

Name             Origin             Length             Attributes
flash            0x0000000008000000 0x0000000000004000
flash2           0x000000000800c000 0x00000000000e0000
ram0             0x0000000020000000 0x0000000000020000
ram1             0x0000000020000000 0x000000000001c000
ram2             0x000000002001c000 0x0000000000004000
ram3             0x0000000000000000 0x0000000000000000
ram4             0x0000000010000000 0x0000000000010000
ram5             0x0000000040024000 0x0000000000001000
ram6             0x0000000000000000 0x0000000000000000
ram7             0x0000000000000000 0x0000000000000000
*default*        0x0000000000000000 0xffffffffffffffff

Linker script and memory map

LOAD build/obj/crt0_v7m.o
LOAD build/obj/chcoreasm_v7m.o
LOAD build/obj/crt1.o
LOAD build/obj/vectors.o
LOAD build/obj/chsys.o
LOAD build/obj/chdebug.o
LOAD build/obj/chvt.o
LOAD build/obj/chschd.o
LOAD build/obj/chthreads.o
LOAD build/obj/chtm.o
LOAD build/obj/chdynamic.o
LOAD build/obj/chregistry.o
LOAD build/obj/chsem.o
LOAD build/obj/chmtx.o
LOAD build/obj/chcond.o
LOAD build/obj/chevents.o
LOAD build/obj/chmsg.o
LOAD build/obj/chmboxes.o
LOAD build/obj/chqueues.o
LOAD build/obj/chmemcore.o
LOAD build/obj/chheap.o
LOAD build/obj/chmempools.o
LOAD build/obj/chcore.o
LOAD build/obj/chcore_v7m.o
LOAD build/obj/osal.o
LOAD build/obj/hal.o
LOAD build/obj/st.o
LOAD build/obj/hal_queues.o
LOAD build/obj/hal_mmcsd.o
LOAD build/obj/adc.o
LOAD build/obj/can.o
LOAD build/obj/ext.o
LOAD build/obj/i2c.o
LOAD build/obj/pal.o
LOAD build/obj/pwm.o
LOAD build/obj/serial_usb.o
LOAD build/obj/spi.o
LOAD build/obj/usb.o
LOAD build/obj/nvic.o
LOAD build/obj/stm32_dma.o
LOAD build/obj/hal_lld.o
LOAD build/obj/st_lld.o
LOAD build/obj/adc_lld.o
LOAD build/obj/ext_lld_isr.o
LOAD build/obj/ext_lld.o
LOAD build/obj/can_lld.o
LOAD build/obj/pal_lld.o
LOAD build/obj/i2c_lld.o
LOAD build/obj/usb_lld.o
LOAD build/obj/spi_lld.o
LOAD build/obj/pwm_lld.o
LOAD build/obj/board.o
LOAD build/obj/chprintf.o
LOAD build/obj/syscalls.o
LOAD build/obj/stm32_hw.o
LOAD build/obj/hal_cc2520.o
LOAD build/obj/hal_rf_security.o
LOAD build/obj/hal_rf_util.o
LOAD build/obj/hal_rf.o
LOAD build/obj/util.o
LOAD build/obj/spi_sw.o
LOAD build/obj/basic_rf.o
LOAD build/obj/basic_rf_security.o
LOAD build/obj/main.o
LOAD build/obj/comm_usb_serial.o
LOAD build/obj/utils.o
LOAD build/obj/comm_cc2520.o
LOAD build/obj/led.o
LOAD build/obj/buffer.o
LOAD build/obj/ext_cb.o
LOAD build/obj/crc.o
LOAD build/obj/comm_usb.o
LOAD build/obj/packet.o
LOAD build/obj/misc.o
LOAD build/obj/stm32f4xx_adc.o
LOAD build/obj/stm32f4xx_dma.o
LOAD build/obj/stm32f4xx_exti.o
LOAD build/obj/stm32f4xx_flash.o
LOAD build/obj/stm32f4xx_rcc.o
LOAD build/obj/stm32f4xx_rng.o
LOAD build/obj/stm32f4xx_syscfg.o
LOAD build/obj/stm32f4xx_tim.o
LOAD build/obj/stm32f4xx_wwdg.o
                0x0000000020000000                __ram0_start__ = ORIGIN (ram0)
                0x0000000000020000                __ram0_size__ = 0x20000
                0x0000000020020000                __ram0_end__ = (__ram0_start__ + __ram0_size__)
                0x0000000020000000                __ram1_start__ = ORIGIN (ram1)
                0x000000000001c000                __ram1_size__ = 0x1c000
                0x000000002001c000                __ram1_end__ = (__ram1_start__ + __ram1_size__)
                0x000000002001c000                __ram2_start__ = ORIGIN (ram2)
                0x0000000000004000                __ram2_size__ = 0x4000
                0x0000000020020000                __ram2_end__ = (__ram2_start__ + __ram2_size__)
                0x0000000000000000                __ram3_start__ = ORIGIN (ram3)
                0x0000000000000000                __ram3_size__ = 0x0
                0x0000000000000000                __ram3_end__ = (__ram3_start__ + __ram3_size__)
                0x0000000010000000                __ram4_start__ = ORIGIN (ram4)
                0x0000000000010000                __ram4_size__ = 0x10000
                0x0000000010010000                __ram4_end__ = (__ram4_start__ + __ram4_size__)
                0x0000000040024000                __ram5_start__ = ORIGIN (ram5)
                0x0000000000001000                __ram5_size__ = 0x1000
                0x0000000040025000                __ram5_end__ = (__ram5_start__ + __ram5_size__)
                0x0000000000000000                __ram6_start__ = ORIGIN (ram6)
                0x0000000000000000                __ram6_size__ = 0x0
                0x0000000000000000                __ram6_end__ = (__ram6_start__ + __ram6_size__)
                0x0000000000000000                __ram7_start__ = ORIGIN (ram7)
                0x0000000000000000                __ram7_size__ = 0x0
                0x0000000000000000                __ram7_end__ = (__ram7_start__ + __ram7_size__)
                0x0000000000000000                . = 0x0
                0x0000000000000000                _text = .

startup         0x0000000008000000      0x1c0
 *(.vectors)
 .vectors       0x0000000008000000      0x1c0 build/obj/vectors.o
                0x0000000008000000                _vectors

constructors    0x000000000800c000        0x0
                0x000000000800c000                PROVIDE (__init_array_start, .)
 *(SORT(.init_array.*))
 *(.init_array)
                0x000000000800c000                PROVIDE (__init_array_end, .)

destructors     0x000000000800c000        0x0
                0x000000000800c000                PROVIDE (__fini_array_start, .)
 *(.fini_array)
 *(SORT(.fini_array.*))
                0x000000000800c000                PROVIDE (__fini_array_end, .)

.text           0x000000000800c000     0x52b4
 *(.text)
 .text          0x000000000800c000      0x108 build/obj/crt0_v7m.o
                0x000000000800c000                Reset_Handler
 *fill*         0x000000000800c108        0x8 
 .text          0x000000000800c110       0x3a build/obj/chcoreasm_v7m.o
                0x000000000800c110                _port_switch
                0x000000000800c128                _port_thread_start
                0x000000000800c134                _port_switch_from_isr
                0x000000000800c138                _port_exit_from_isr
 *fill*         0x000000000800c14a        0x6 
 .text          0x000000000800c150      0x134 /usr/bin/../lib/gcc/arm-none-eabi/4.9.3/../../../../arm-none-eabi/lib/armv7e-m/fpu/libg.a(lib_a-memcpy.o)
                0x000000000800c150                memcpy
 *(.text.*)
 *fill*         0x000000000800c284        0xc 
 .text.__core_init
                0x000000000800c290        0x4 build/obj/crt1.o
                0x000000000800c290                __core_init
 *fill*         0x000000000800c294        0xc 
 .text.__late_init
                0x000000000800c2a0        0x4 build/obj/crt1.o
                0x000000000800c2a0                __late_init
 *fill*         0x000000000800c2a4        0xc 
 .text.__default_exit
                0x000000000800c2b0        0x4 build/obj/crt1.o
                0x000000000800c2b0                __default_exit
 *fill*         0x000000000800c2b4        0xc 
 .text._unhandled_exception
                0x000000000800c2c0        0x4 build/obj/vectors.o
                0x000000000800c2c0                VectorAC
                0x000000000800c2c0                DebugMon_Handler
                0x000000000800c2c0                Vector1A0
                0x000000000800c2c0                Vector11C
                0x000000000800c2c0                HardFault_Handler
                0x000000000800c2c0                Vector1B8
                0x000000000800c2c0                Vector19C
                0x000000000800c2c0                VectorDC
                0x000000000800c2c0                Vector168
                0x000000000800c2c0                NMI_Handler
                0x000000000800c2c0                Vector110
                0x000000000800c2c0                VectorA8
                0x000000000800c2c0                Vector160
                0x000000000800c2c0                Vector1B0
                0x000000000800c2c0                UsageFault_Handler
                0x000000000800c2c0                VectorEC
                0x000000000800c2c0                Vector40
                0x000000000800c2c0                VectorF8
                0x000000000800c2c0                Vector108
                0x000000000800c2c0                Vector190
                0x000000000800c2c0                Vector148
                0x000000000800c2c0                Vector188
                0x000000000800c2c0                Vector198
                0x000000000800c2c0                Vector118
                0x000000000800c2c0                VectorCC
                0x000000000800c2c0                Vector54
                0x000000000800c2c0                VectorD8
                0x000000000800c2c0                Vector24
                0x000000000800c2c0                Vector1AC
                0x000000000800c2c0                Vector178
                0x000000000800c2c0                Vector1A4
                0x000000000800c2c0                VectorD0
                0x000000000800c2c0                Vector1B4
                0x000000000800c2c0                Vector140
                0x000000000800c2c0                Vector134
                0x000000000800c2c0                VectorF0
                0x000000000800c2c0                Vector13C
                0x000000000800c2c0                Vector100
                0x000000000800c2c0                VectorF4
                0x000000000800c2c0                MemManage_Handler
                0x000000000800c2c0                VectorA0
                0x000000000800c2c0                SVC_Handler
                0x000000000800c2c0                Vector180
                0x000000000800c2c0                VectorB0
                0x000000000800c2c0                Vector114
                0x000000000800c2c0                Vector164
                0x000000000800c2c0                Vector1C
                0x000000000800c2c0                Vector1BC
                0x000000000800c2c0                Vector17C
                0x000000000800c2c0                Vector1A8
                0x000000000800c2c0                Vector16C
                0x000000000800c2c0                VectorD4
                0x000000000800c2c0                Vector144
                0x000000000800c2c0                Vector15C
                0x000000000800c2c0                _unhandled_exception
                0x000000000800c2c0                Vector104
                0x000000000800c2c0                Vector184
                0x000000000800c2c0                Vector10C
                0x000000000800c2c0                BusFault_Handler
                0x000000000800c2c0                Vector50
                0x000000000800c2c0                Vector194
                0x000000000800c2c0                Vector28
                0x000000000800c2c0                VectorB8
                0x000000000800c2c0                Vector34
                0x000000000800c2c0                VectorA4
                0x000000000800c2c0                Vector20
                0x000000000800c2c0                Vector18C
                0x000000000800c2c0                Vector174
 *fill*         0x000000000800c2c4        0xc 
 .text._idle_thread
                0x000000000800c2d0        0x4 build/obj/chsys.o
 *fill*         0x000000000800c2d4        0xc 
 .text.chSysInit
                0x000000000800c2e0       0x98 build/obj/chsys.o
                0x000000000800c2e0                chSysInit
 *fill*         0x000000000800c378        0x8 
 .text.chSysTimerHandlerI
                0x000000000800c380       0x50 build/obj/chsys.o
                0x000000000800c380                chSysTimerHandlerI
 .text.chSysPolledDelayX
                0x000000000800c3d0       0x14 build/obj/chsys.o
                0x000000000800c3d0                chSysPolledDelayX
 *fill*         0x000000000800c3e4        0xc 
 .text._vt_init
                0x000000000800c3f0       0x1c build/obj/chvt.o
                0x000000000800c3f0                _vt_init
 *fill*         0x000000000800c40c        0x4 
 .text.chVTDoSetI
                0x000000000800c410       0x3c build/obj/chvt.o
                0x000000000800c410                chVTDoSetI
 *fill*         0x000000000800c44c        0x4 
 .text.chVTDoResetI
                0x000000000800c450       0x28 build/obj/chvt.o
                0x000000000800c450                chVTDoResetI
 *fill*         0x000000000800c478        0x8 
 .text.wakeup   0x000000000800c480       0x5c build/obj/chschd.o
 *fill*         0x000000000800c4dc        0x4 
 .text._scheduler_init
                0x000000000800c4e0       0x14 build/obj/chschd.o
                0x000000000800c4e0                _scheduler_init
 *fill*         0x000000000800c4f4        0xc 
 .text.chSchReadyI
                0x000000000800c500       0x2c build/obj/chschd.o
                0x000000000800c500                chSchReadyI
 *fill*         0x000000000800c52c        0x4 
 .text.chSchGoSleepS
                0x000000000800c530       0x28 build/obj/chschd.o
                0x000000000800c530                chSchGoSleepS
 *fill*         0x000000000800c558        0x8 
 .text.chSchGoSleepTimeoutS
                0x000000000800c560       0x44 build/obj/chschd.o
                0x000000000800c560                chSchGoSleepTimeoutS
 *fill*         0x000000000800c5a4        0xc 
 .text.chSchWakeupS
                0x000000000800c5b0       0x58 build/obj/chschd.o
                0x000000000800c5b0                chSchWakeupS
 *fill*         0x000000000800c608        0x8 
 .text.chSchIsPreemptionRequired
                0x000000000800c610       0x28 build/obj/chschd.o
                0x000000000800c610                chSchIsPreemptionRequired
 *fill*         0x000000000800c638        0x8 
 .text.chSchDoRescheduleBehind
                0x000000000800c640       0x40 build/obj/chschd.o
                0x000000000800c640                chSchDoRescheduleBehind
 .text.chSchDoRescheduleAhead
                0x000000000800c680       0x3c build/obj/chschd.o
                0x000000000800c680                chSchDoRescheduleAhead
 *fill*         0x000000000800c6bc        0x4 
 .text.chSchRescheduleS
                0x000000000800c6c0       0x18 build/obj/chschd.o
                0x000000000800c6c0                chSchRescheduleS
 *fill*         0x000000000800c6d8        0x8 
 .text.chSchDoReschedule
                0x000000000800c6e0       0x14 build/obj/chschd.o
                0x000000000800c6e0                chSchDoReschedule
 *fill*         0x000000000800c6f4        0xc 
 .text._thread_init
                0x000000000800c700       0x50 build/obj/chthreads.o
                0x000000000800c700                _thread_init
 .text.chThdCreateI
                0x000000000800c750       0x70 build/obj/chthreads.o
                0x000000000800c750                chThdCreateI
 .text.chThdCreateStatic
                0x000000000800c7c0       0x7c build/obj/chthreads.o
                0x000000000800c7c0                chThdCreateStatic
 *fill*         0x000000000800c83c        0x4 
 .text.chThdSleep
                0x000000000800c840       0x10 build/obj/chthreads.o
                0x000000000800c840                chThdSleep
 .text.chThdExitS
                0x000000000800c850       0x40 build/obj/chthreads.o
                0x000000000800c850                chThdExitS
 .text.chThdExit
                0x000000000800c890        0x8 build/obj/chthreads.o
                0x000000000800c890                chThdExit
 *fill*         0x000000000800c898        0x8 
 .text.chThdSuspendS
                0x000000000800c8a0       0x1c build/obj/chthreads.o
                0x000000000800c8a0                chThdSuspendS
 *fill*         0x000000000800c8bc        0x4 
 .text.chThdResumeI
                0x000000000800c8c0       0x14 build/obj/chthreads.o
                0x000000000800c8c0                chThdResumeI
 *fill*         0x000000000800c8d4        0xc 
 .text.chThdEnqueueTimeoutS
                0x000000000800c8e0       0x28 build/obj/chthreads.o
                0x000000000800c8e0                chThdEnqueueTimeoutS
 *fill*         0x000000000800c908        0x8 
 .text.chThdDequeueAllI
                0x000000000800c910       0x24 build/obj/chthreads.o
                0x000000000800c910                chThdDequeueAllI
 *fill*         0x000000000800c934        0xc 
 .text.chTMStartMeasurementX
                0x000000000800c940        0xc build/obj/chtm.o
                0x000000000800c940                chTMStartMeasurementX
 *fill*         0x000000000800c94c        0x4 
 .text.chTMStopMeasurementX
                0x000000000800c950       0x48 build/obj/chtm.o
                0x000000000800c950                chTMStopMeasurementX
 *fill*         0x000000000800c998        0x8 
 .text._tm_init
                0x000000000800c9a0       0x38 build/obj/chtm.o
                0x000000000800c9a0                _tm_init
 *fill*         0x000000000800c9d8        0x8 
 .text.chMtxObjectInit
                0x000000000800c9e0        0xc build/obj/chmtx.o
                0x000000000800c9e0                chMtxObjectInit
 *fill*         0x000000000800c9ec        0x4 
 .text.chMtxLockS
                0x000000000800c9f0       0xc8 build/obj/chmtx.o
                0x000000000800c9f0                chMtxLockS
 *fill*         0x000000000800cab8        0x8 
 .text.chMtxLock
                0x000000000800cac0        0xc build/obj/chmtx.o
                0x000000000800cac0                chMtxLock
 *fill*         0x000000000800cacc        0x4 
 .text.chMtxUnlock
                0x000000000800cad0       0x58 build/obj/chmtx.o
                0x000000000800cad0                chMtxUnlock
 *fill*         0x000000000800cb28        0x8 
 .text.chEvtSignalI
                0x000000000800cb30       0x2c build/obj/chevents.o
                0x000000000800cb30                chEvtSignalI
 *fill*         0x000000000800cb5c        0x4 
 .text.chEvtBroadcastFlagsI
                0x000000000800cb60       0x2c build/obj/chevents.o
                0x000000000800cb60                chEvtBroadcastFlagsI
 *fill*         0x000000000800cb8c        0x4 
 .text.chEvtSignal
                0x000000000800cb90       0x10 build/obj/chevents.o
                0x000000000800cb90                chEvtSignal
 .text.chEvtWaitAny
                0x000000000800cba0       0x30 build/obj/chevents.o
                0x000000000800cba0                chEvtWaitAny
 .text.chIQObjectInit
                0x000000000800cbd0       0x20 build/obj/chqueues.o
                0x000000000800cbd0                chIQObjectInit
 .text.chIQResetI
                0x000000000800cbf0       0x14 build/obj/chqueues.o
                0x000000000800cbf0                chIQResetI
 *fill*         0x000000000800cc04        0xc 
 .text.chIQGetTimeout
                0x000000000800cc10       0x40 build/obj/chqueues.o
                0x000000000800cc10                chIQGetTimeout
 .text.chIQReadTimeout
                0x000000000800cc50       0x5c build/obj/chqueues.o
                0x000000000800cc50                chIQReadTimeout
 *fill*         0x000000000800ccac        0x4 
 .text.chOQObjectInit
                0x000000000800ccb0       0x1c build/obj/chqueues.o
                0x000000000800ccb0                chOQObjectInit
 *fill*         0x000000000800cccc        0x4 
 .text.chOQResetI
                0x000000000800ccd0       0x1c build/obj/chqueues.o
                0x000000000800ccd0                chOQResetI
 *fill*         0x000000000800ccec        0x4 
 .text.chOQPutTimeout
                0x000000000800ccf0       0x4c build/obj/chqueues.o
                0x000000000800ccf0                chOQPutTimeout
 *fill*         0x000000000800cd3c        0x4 
 .text.chOQWriteTimeout
                0x000000000800cd40       0x70 build/obj/chqueues.o
                0x000000000800cd40                chOQWriteTimeout
 .text._core_init
                0x000000000800cdb0       0x28 build/obj/chmemcore.o
                0x000000000800cdb0                _core_init
 *fill*         0x000000000800cdd8        0x8 
 .text.chCoreAlloc
                0x000000000800cde0       0x30 build/obj/chmemcore.o
                0x000000000800cde0                chCoreAlloc
 .text._heap_init
                0x000000000800ce10       0x1c build/obj/chheap.o
                0x000000000800ce10                _heap_init
 *fill*         0x000000000800ce2c        0x4 
 .text.PendSV_Handler
                0x000000000800ce30       0x1c build/obj/chcore_v7m.o
                0x000000000800ce30                PendSV_Handler
 *fill*         0x000000000800ce4c        0x4 
 .text._port_irq_epilogue
                0x000000000800ce50       0x58 build/obj/chcore_v7m.o
                0x000000000800ce50                _port_irq_epilogue
 *fill*         0x000000000800cea8        0x8 
 .text.halInit  0x000000000800ceb0       0x3c build/obj/hal.o
                0x000000000800ceb0                halInit
 *fill*         0x000000000800ceec        0x4 
 .text.stInit   0x000000000800cef0        0x4 build/obj/st.o
                0x000000000800cef0                stInit
 *fill*         0x000000000800cef4        0xc 
 .text.adcInit  0x000000000800cf00        0x4 build/obj/adc.o
                0x000000000800cf00                adcInit
 *fill*         0x000000000800cf04        0xc 
 .text.adcObjectInit
                0x000000000800cf10       0x18 build/obj/adc.o
                0x000000000800cf10                adcObjectInit
 *fill*         0x000000000800cf28        0x8 
 .text.canInit  0x000000000800cf30        0x4 build/obj/can.o
                0x000000000800cf30                canInit
 *fill*         0x000000000800cf34        0xc 
 .text.canObjectInit
                0x000000000800cf40       0x44 build/obj/can.o
                0x000000000800cf40                canObjectInit
 *fill*         0x000000000800cf84        0xc 
 .text.extInit  0x000000000800cf90        0x4 build/obj/ext.o
                0x000000000800cf90                extInit
 *fill*         0x000000000800cf94        0xc 
 .text.extObjectInit
                0x000000000800cfa0        0xc build/obj/ext.o
                0x000000000800cfa0                extObjectInit
 *fill*         0x000000000800cfac        0x4 
 .text.extStart
                0x000000000800cfb0       0x14 build/obj/ext.o
                0x000000000800cfb0                extStart
 *fill*         0x000000000800cfc4        0xc 
 .text.extChannelEnable
                0x000000000800cfd0        0xc build/obj/ext.o
                0x000000000800cfd0                extChannelEnable
 *fill*         0x000000000800cfdc        0x4 
 .text.extChannelDisable
                0x000000000800cfe0        0xc build/obj/ext.o
                0x000000000800cfe0                extChannelDisable
 *fill*         0x000000000800cfec        0x4 
 .text.i2cInit  0x000000000800cff0        0x4 build/obj/i2c.o
                0x000000000800cff0                i2cInit
 *fill*         0x000000000800cff4        0xc 
 .text.i2cObjectInit
                0x000000000800d000       0x10 build/obj/i2c.o
                0x000000000800d000                i2cObjectInit
 .text.pwmInit  0x000000000800d010        0x4 build/obj/pwm.o
                0x000000000800d010                pwmInit
 *fill*         0x000000000800d014        0xc 
 .text.pwmObjectInit
                0x000000000800d020       0x10 build/obj/pwm.o
                0x000000000800d020                pwmObjectInit
 .text.onotify  0x000000000800d030       0x54 build/obj/serial_usb.o
 *fill*         0x000000000800d084        0xc 
 .text.inotify  0x000000000800d090       0x68 build/obj/serial_usb.o
 *fill*         0x000000000800d0f8        0x8 
 .text.readt    0x000000000800d100        0x8 build/obj/serial_usb.o
 *fill*         0x000000000800d108        0x8 
 .text.read     0x000000000800d110        0xc build/obj/serial_usb.o
 *fill*         0x000000000800d11c        0x4 
 .text.writet   0x000000000800d120        0x8 build/obj/serial_usb.o
 *fill*         0x000000000800d128        0x8 
 .text.write    0x000000000800d130        0xc build/obj/serial_usb.o
 *fill*         0x000000000800d13c        0x4 
 .text.gett     0x000000000800d140        0x8 build/obj/serial_usb.o
 *fill*         0x000000000800d148        0x8 
 .text.get      0x000000000800d150        0xc build/obj/serial_usb.o
 *fill*         0x000000000800d15c        0x4 
 .text.putt     0x000000000800d160        0x8 build/obj/serial_usb.o
 *fill*         0x000000000800d168        0x8 
 .text.put      0x000000000800d170        0xc build/obj/serial_usb.o
 *fill*         0x000000000800d17c        0x4 
 .text.sduInit  0x000000000800d180        0x4 build/obj/serial_usb.o
                0x000000000800d180                sduInit
 *fill*         0x000000000800d184        0xc 
 .text.sduObjectInit
                0x000000000800d190       0x4c build/obj/serial_usb.o
                0x000000000800d190                sduObjectInit
 *fill*         0x000000000800d1dc        0x4 
 .text.sduStart
                0x000000000800d1e0       0x2c build/obj/serial_usb.o
                0x000000000800d1e0                sduStart
 *fill*         0x000000000800d20c        0x4 
 .text.sduConfigureHookI
                0x000000000800d210       0x4c build/obj/serial_usb.o
                0x000000000800d210                sduConfigureHookI
 *fill*         0x000000000800d25c        0x4 
 .text.sduRequestsHook
                0x000000000800d260       0x40 build/obj/serial_usb.o
                0x000000000800d260                sduRequestsHook
 .text.sduDataTransmitted
                0x000000000800d2a0       0x58 build/obj/serial_usb.o
                0x000000000800d2a0                sduDataTransmitted
 *fill*         0x000000000800d2f8        0x8 
 .text.sduDataReceived
                0x000000000800d300       0x5c build/obj/serial_usb.o
                0x000000000800d300                sduDataReceived
 *fill*         0x000000000800d35c        0x4 
 .text.sduInterruptTransmitted
                0x000000000800d360        0x4 build/obj/serial_usb.o
                0x000000000800d360                sduInterruptTransmitted
 *fill*         0x000000000800d364        0xc 
 .text.spiInit  0x000000000800d370        0x4 build/obj/spi.o
                0x000000000800d370                spiInit
 *fill*         0x000000000800d374        0xc 
 .text.spiObjectInit
                0x000000000800d380       0x10 build/obj/spi.o
                0x000000000800d380                spiObjectInit
 .text.usbInit  0x000000000800d390        0x4 build/obj/usb.o
                0x000000000800d390                usbInit
 *fill*         0x000000000800d394        0xc 
 .text.usbObjectInit
                0x000000000800d3a0       0x1c build/obj/usb.o
                0x000000000800d3a0                usbObjectInit
 *fill*         0x000000000800d3bc        0x4 
 .text.usbStart
                0x000000000800d3c0       0x20 build/obj/usb.o
                0x000000000800d3c0                usbStart
 .text.usbInitEndpointI
                0x000000000800d3e0       0x34 build/obj/usb.o
                0x000000000800d3e0                usbInitEndpointI
 *fill*         0x000000000800d414        0xc 
 .text.usbPrepareQueuedReceive
                0x000000000800d420       0x1c build/obj/usb.o
                0x000000000800d420                usbPrepareQueuedReceive
 *fill*         0x000000000800d43c        0x4 
 .text.usbPrepareQueuedTransmit
                0x000000000800d440       0x1c build/obj/usb.o
                0x000000000800d440                usbPrepareQueuedTransmit
 *fill*         0x000000000800d45c        0x4 
 .text.usbStartReceiveI
                0x000000000800d460       0x24 build/obj/usb.o
                0x000000000800d460                usbStartReceiveI
 *fill*         0x000000000800d484        0xc 
 .text.usbStartTransmitI
                0x000000000800d490       0x24 build/obj/usb.o
                0x000000000800d490                usbStartTransmitI
 *fill*         0x000000000800d4b4        0xc 
 .text._usb_reset
                0x000000000800d4c0       0x28 build/obj/usb.o
                0x000000000800d4c0                _usb_reset
 *fill*         0x000000000800d4e8        0x8 
 .text._usb_ep0setup
                0x000000000800d4f0      0x330 build/obj/usb.o
                0x000000000800d4f0                _usb_ep0setup
 .text._usb_ep0in
                0x000000000800d820       0xb8 build/obj/usb.o
                0x000000000800d820                _usb_ep0in
 *fill*         0x000000000800d8d8        0x8 
 .text._usb_ep0out
                0x000000000800d8e0       0x84 build/obj/usb.o
                0x000000000800d8e0                _usb_ep0out
 *fill*         0x000000000800d964        0xc 
 .text.nvicEnableVector
                0x000000000800d970       0x34 build/obj/nvic.o
                0x000000000800d970                nvicEnableVector
 *fill*         0x000000000800d9a4        0xc 
 .text.nvicSetSystemHandlerPriority
                0x000000000800d9b0       0x10 build/obj/nvic.o
                0x000000000800d9b0                nvicSetSystemHandlerPriority
 .text.Vector6C
                0x000000000800d9c0       0x28 build/obj/stm32_dma.o
                0x000000000800d9c0                Vector6C
 *fill*         0x000000000800d9e8        0x8 
 .text.Vector70
                0x000000000800d9f0       0x2c build/obj/stm32_dma.o
                0x000000000800d9f0                Vector70
 *fill*         0x000000000800da1c        0x4 
 .text.Vector74
                0x000000000800da20       0x2c build/obj/stm32_dma.o
                0x000000000800da20                Vector74
 *fill*         0x000000000800da4c        0x4 
 .text.Vector78
                0x000000000800da50       0x2c build/obj/stm32_dma.o
                0x000000000800da50                Vector78
 *fill*         0x000000000800da7c        0x4 
 .text.Vector7C
                0x000000000800da80       0x28 build/obj/stm32_dma.o
                0x000000000800da80                Vector7C
 *fill*         0x000000000800daa8        0x8 
 .text.Vector80
                0x000000000800dab0       0x2c build/obj/stm32_dma.o
                0x000000000800dab0                Vector80
 *fill*         0x000000000800dadc        0x4 
 .text.Vector84
                0x000000000800dae0       0x2c build/obj/stm32_dma.o
                0x000000000800dae0                Vector84
 *fill*         0x000000000800db0c        0x4 
 .text.VectorFC
                0x000000000800db10       0x2c build/obj/stm32_dma.o
                0x000000000800db10                VectorFC
 *fill*         0x000000000800db3c        0x4 
 .text.Vector120
                0x000000000800db40       0x28 build/obj/stm32_dma.o
                0x000000000800db40                Vector120
 *fill*         0x000000000800db68        0x8 
 .text.Vector124
                0x000000000800db70       0x2c build/obj/stm32_dma.o
                0x000000000800db70                Vector124
 *fill*         0x000000000800db9c        0x4 
 .text.Vector128
                0x000000000800dba0       0x2c build/obj/stm32_dma.o
                0x000000000800dba0                Vector128
 *fill*         0x000000000800dbcc        0x4 
 .text.Vector12C
                0x000000000800dbd0       0x2c build/obj/stm32_dma.o
                0x000000000800dbd0                Vector12C
 *fill*         0x000000000800dbfc        0x4 
 .text.Vector130
                0x000000000800dc00       0x28 build/obj/stm32_dma.o
                0x000000000800dc00                Vector130
 *fill*         0x000000000800dc28        0x8 
 .text.Vector150
                0x000000000800dc30       0x2c build/obj/stm32_dma.o
                0x000000000800dc30                Vector150
 *fill*         0x000000000800dc5c        0x4 
 .text.Vector154
                0x000000000800dc60       0x2c build/obj/stm32_dma.o
                0x000000000800dc60                Vector154
 *fill*         0x000000000800dc8c        0x4 
 .text.Vector158
                0x000000000800dc90       0x2c build/obj/stm32_dma.o
                0x000000000800dc90                Vector158
 *fill*         0x000000000800dcbc        0x4 
 .text.dmaInit  0x000000000800dcc0       0x4c build/obj/stm32_dma.o
                0x000000000800dcc0                dmaInit
 *fill*         0x000000000800dd0c        0x4 
 .text.hal_lld_init
                0x000000000800dd10       0x68 build/obj/hal_lld.o
                0x000000000800dd10                hal_lld_init
 *fill*         0x000000000800dd78        0x8 
 .text.stm32_clock_init
                0x000000000800dd80       0xc8 build/obj/hal_lld.o
                0x000000000800dd80                stm32_clock_init
 *fill*         0x000000000800de48        0x8 
 .text.SysTick_Handler
                0x000000000800de50       0x14 build/obj/st_lld.o
                0x000000000800de50                SysTick_Handler
 *fill*         0x000000000800de64        0xc 
 .text.st_lld_init
                0x000000000800de70       0x1c build/obj/st_lld.o
                0x000000000800de70                st_lld_init
 *fill*         0x000000000800de8c        0x4 
 .text.adc_lld_init
                0x000000000800de90       0x34 build/obj/adc_lld.o
                0x000000000800de90                adc_lld_init
 *fill*         0x000000000800dec4        0xc 
 .text.adc_lld_stop_conversion
                0x000000000800ded0       0x30 build/obj/adc_lld.o
                0x000000000800ded0                adc_lld_stop_conversion
 .text.Vector88
                0x000000000800df00       0x68 build/obj/adc_lld.o
                0x000000000800df00                Vector88
 *fill*         0x000000000800df68        0x8 
 .text.Vector58
                0x000000000800df70       0x24 build/obj/ext_lld_isr.o
                0x000000000800df70                Vector58
 *fill*         0x000000000800df94        0xc 
 .text.Vector5C
                0x000000000800dfa0       0x24 build/obj/ext_lld_isr.o
                0x000000000800dfa0                Vector5C
 *fill*         0x000000000800dfc4        0xc 
 .text.Vector60
                0x000000000800dfd0       0x24 build/obj/ext_lld_isr.o
                0x000000000800dfd0                Vector60
 *fill*         0x000000000800dff4        0xc 
 .text.Vector64
                0x000000000800e000       0x24 build/obj/ext_lld_isr.o
                0x000000000800e000                Vector64
 *fill*         0x000000000800e024        0xc 
 .text.Vector68
                0x000000000800e030       0x24 build/obj/ext_lld_isr.o
                0x000000000800e030                Vector68
 *fill*         0x000000000800e054        0xc 
 .text.Vector9C
                0x000000000800e060       0x6c build/obj/ext_lld_isr.o
                0x000000000800e060                Vector9C
 *fill*         0x000000000800e0cc        0x4 
 .text.VectorE0
                0x000000000800e0d0       0x7c build/obj/ext_lld_isr.o
                0x000000000800e0d0                VectorE0
 *fill*         0x000000000800e14c        0x4 
 .text.Vector44
                0x000000000800e150       0x28 build/obj/ext_lld_isr.o
                0x000000000800e150                Vector44
 *fill*         0x000000000800e178        0x8 
 .text.VectorE4
                0x000000000800e180       0x28 build/obj/ext_lld_isr.o
                0x000000000800e180                VectorE4
 *fill*         0x000000000800e1a8        0x8 
 .text.VectorE8
                0x000000000800e1b0       0x28 build/obj/ext_lld_isr.o
                0x000000000800e1b0                VectorE8
 *fill*         0x000000000800e1d8        0x8 
 .text.Vector138
                0x000000000800e1e0       0x28 build/obj/ext_lld_isr.o
                0x000000000800e1e0                Vector138
 *fill*         0x000000000800e208        0x8 
 .text.Vector170
                0x000000000800e210       0x28 build/obj/ext_lld_isr.o
                0x000000000800e210                Vector170
 *fill*         0x000000000800e238        0x8 
 .text.Vector48
                0x000000000800e240       0x28 build/obj/ext_lld_isr.o
                0x000000000800e240                Vector48
 *fill*         0x000000000800e268        0x8 
 .text.Vector4C
                0x000000000800e270       0x28 build/obj/ext_lld_isr.o
                0x000000000800e270                Vector4C
 *fill*         0x000000000800e298        0x8 
 .text.ext_lld_exti_irq_enable
                0x000000000800e2a0       0x78 build/obj/ext_lld_isr.o
                0x000000000800e2a0                ext_lld_exti_irq_enable
 *fill*         0x000000000800e318        0x8 
 .text.ext_lld_init
                0x000000000800e320        0xc build/obj/ext_lld.o
                0x000000000800e320                ext_lld_init
 *fill*         0x000000000800e32c        0x4 
 .text.ext_lld_channel_enable
                0x000000000800e330       0xa0 build/obj/ext_lld.o
                0x000000000800e330                ext_lld_channel_enable
 .text.ext_lld_channel_disable
                0x000000000800e3d0       0x28 build/obj/ext_lld.o
                0x000000000800e3d0                ext_lld_channel_disable
 *fill*         0x000000000800e3f8        0x8 
 .text.ext_lld_start
                0x000000000800e400       0x40 build/obj/ext_lld.o
                0x000000000800e400                ext_lld_start
 .text.can_lld_set_filters
                0x000000000800e440      0x118 build/obj/can_lld.o
 *fill*         0x000000000800e558        0x8 
 .text.Vector8C
                0x000000000800e560       0x34 build/obj/can_lld.o
                0x000000000800e560                Vector8C
 *fill*         0x000000000800e594        0xc 
 .text.Vector90
                0x000000000800e5a0       0x54 build/obj/can_lld.o
                0x000000000800e5a0                Vector90
 *fill*         0x000000000800e5f4        0xc 
 .text.Vector94
                0x000000000800e600       0x54 build/obj/can_lld.o
                0x000000000800e600                Vector94
 *fill*         0x000000000800e654        0xc 
 .text.Vector98
                0x000000000800e660       0x68 build/obj/can_lld.o
                0x000000000800e660                Vector98
 *fill*         0x000000000800e6c8        0x8 
 .text.can_lld_init
                0x000000000800e6d0       0x24 build/obj/can_lld.o
                0x000000000800e6d0                can_lld_init
 *fill*         0x000000000800e6f4        0xc 
 .text._pal_lld_init
                0x000000000800e700      0x1cc build/obj/pal_lld.o
                0x000000000800e700                _pal_lld_init
 *fill*         0x000000000800e8cc        0x4 
 .text._pal_lld_setgroupmode
                0x000000000800e8d0       0xac build/obj/pal_lld.o
                0x000000000800e8d0                _pal_lld_setgroupmode
 *fill*         0x000000000800e97c        0x4 
 .text.i2c_lld_serve_event_interrupt
                0x000000000800e980       0xf0 build/obj/i2c_lld.o
 .text.i2c_lld_serve_error_interrupt
                0x000000000800ea70       0xb0 build/obj/i2c_lld.o
 .text.VectorBC
                0x000000000800eb20       0x14 build/obj/i2c_lld.o
                0x000000000800eb20                VectorBC
 *fill*         0x000000000800eb34        0xc 
 .text.VectorC0
                0x000000000800eb40       0x24 build/obj/i2c_lld.o
                0x000000000800eb40                VectorC0
 *fill*         0x000000000800eb64        0xc 
 .text.VectorC4
                0x000000000800eb70       0x14 build/obj/i2c_lld.o
                0x000000000800eb70                VectorC4
 *fill*         0x000000000800eb84        0xc 
 .text.VectorC8
                0x000000000800eb90       0x24 build/obj/i2c_lld.o
                0x000000000800eb90                VectorC8
 *fill*         0x000000000800ebb4        0xc 
 .text.i2c_lld_init
                0x000000000800ebc0       0x4c build/obj/i2c_lld.o
                0x000000000800ebc0                i2c_lld_init
 *fill*         0x000000000800ec0c        0x4 
 .text.usb_lld_pump
                0x000000000800ec10      0x2fc build/obj/usb_lld.o
                0x000000000800ec10                usb_lld_pump
 *fill*         0x000000000800ef0c        0x4 
 .text.otg_disable_ep.isra.0
                0x000000000800ef10       0x74 build/obj/usb_lld.o
 *fill*         0x000000000800ef84        0xc 
 .text.usb_lld_init
                0x000000000800ef90       0x24 build/obj/usb_lld.o
                0x000000000800ef90                usb_lld_init
 *fill*         0x000000000800efb4        0xc 
 .text.usb_lld_start
                0x000000000800efc0       0xe8 build/obj/usb_lld.o
                0x000000000800efc0                usb_lld_start
 *fill*         0x000000000800f0a8        0x8 
 .text.usb_lld_reset
                0x000000000800f0b0       0xc4 build/obj/usb_lld.o
                0x000000000800f0b0                usb_lld_reset
 *fill*         0x000000000800f174        0xc 
 .text.usb_lld_set_address
                0x000000000800f180       0x18 build/obj/usb_lld.o
                0x000000000800f180                usb_lld_set_address
 *fill*         0x000000000800f198        0x8 
 .text.usb_lld_init_endpoint
                0x000000000800f1a0      0x160 build/obj/usb_lld.o
                0x000000000800f1a0                usb_lld_init_endpoint
 .text.usb_lld_get_status_out
                0x000000000800f300       0x1c build/obj/usb_lld.o
                0x000000000800f300                usb_lld_get_status_out
 *fill*         0x000000000800f31c        0x4 
 .text.usb_lld_get_status_in
                0x000000000800f320       0x1c build/obj/usb_lld.o
                0x000000000800f320                usb_lld_get_status_in
 *fill*         0x000000000800f33c        0x4 
 .text.usb_lld_read_setup
                0x000000000800f340       0x14 build/obj/usb_lld.o
                0x000000000800f340                usb_lld_read_setup
 *fill*         0x000000000800f354        0xc 
 .text.usb_lld_prepare_receive
                0x000000000800f360       0x44 build/obj/usb_lld.o
                0x000000000800f360                usb_lld_prepare_receive
 *fill*         0x000000000800f3a4        0xc 
 .text.otg_epout_handler.constprop.7
                0x000000000800f3b0       0x9c build/obj/usb_lld.o
 *fill*         0x000000000800f44c        0x4 
 .text.usb_lld_prepare_transmit
                0x000000000800f450       0x50 build/obj/usb_lld.o
                0x000000000800f450                usb_lld_prepare_transmit
 .text.otg_epin_handler.constprop.8
                0x000000000800f4a0       0xb8 build/obj/usb_lld.o
 *fill*         0x000000000800f558        0x8 
 .text.Vector14C
                0x000000000800f560       0xec build/obj/usb_lld.o
                0x000000000800f560                Vector14C
 *fill*         0x000000000800f64c        0x4 
 .text.usb_lld_start_out
                0x000000000800f650       0x14 build/obj/usb_lld.o
                0x000000000800f650                usb_lld_start_out
 *fill*         0x000000000800f664        0xc 
 .text.usb_lld_start_in
                0x000000000800f670       0x28 build/obj/usb_lld.o
                0x000000000800f670                usb_lld_start_in
 *fill*         0x000000000800f698        0x8 
 .text.usb_lld_stall_out
                0x000000000800f6a0       0x14 build/obj/usb_lld.o
                0x000000000800f6a0                usb_lld_stall_out
 *fill*         0x000000000800f6b4        0xc 
 .text.usb_lld_stall_in
                0x000000000800f6c0       0x14 build/obj/usb_lld.o
                0x000000000800f6c0                usb_lld_stall_in
 *fill*         0x000000000800f6d4        0xc 
 .text.usb_lld_clear_out
                0x000000000800f6e0       0x14 build/obj/usb_lld.o
                0x000000000800f6e0                usb_lld_clear_out
 *fill*         0x000000000800f6f4        0xc 
 .text.usb_lld_clear_in
                0x000000000800f700       0x14 build/obj/usb_lld.o
                0x000000000800f700                usb_lld_clear_in
 *fill*         0x000000000800f714        0xc 
 .text.spi_lld_init
                0x000000000800f720       0x44 build/obj/spi_lld.o
                0x000000000800f720                spi_lld_init
 *fill*         0x000000000800f764        0xc 
 .text.VectorB4
                0x000000000800f770       0x64 build/obj/pwm_lld.o
                0x000000000800f770                VectorB4
 *fill*         0x000000000800f7d4        0xc 
 .text.pwm_lld_init
                0x000000000800f7e0       0x1c build/obj/pwm_lld.o
                0x000000000800f7e0                pwm_lld_init
 *fill*         0x000000000800f7fc        0x4 
 .text.__early_init
                0x000000000800f800        0x4 build/obj/board.o
                0x000000000800f800                __early_init
 *fill*         0x000000000800f804        0xc 
 .text.boardInit
                0x000000000800f810        0x4 build/obj/board.o
                0x000000000800f810                boardInit
 *fill*         0x000000000800f814        0xc 
 .text.halAssyInit
                0x000000000800f820       0xa0 build/obj/stm32_hw.o
                0x000000000800f820                halAssyInit
 .text.halSpiExc
                0x000000000800f8c0       0x20 build/obj/stm32_hw.o
                0x000000000800f8c0                halSpiExc
 .text.CC2520_INS_STROBE
                0x000000000800f8e0       0x18 build/obj/hal_cc2520.o
                0x000000000800f8e0                CC2520_INS_STROBE
 *fill*         0x000000000800f8f8        0x8 
 .text.CC2520_MEMRD8
                0x000000000800f900       0x28 build/obj/hal_cc2520.o
                0x000000000800f900                CC2520_MEMRD8
 *fill*         0x000000000800f928        0x8 
 .text.CC2520_MEMWR8
                0x000000000800f930       0x2c build/obj/hal_cc2520.o
                0x000000000800f930                CC2520_MEMWR8
 *fill*         0x000000000800f95c        0x4 
 .text.CC2520_MEMWR16
                0x000000000800f960       0x30 build/obj/hal_cc2520.o
                0x000000000800f960                CC2520_MEMWR16
 .text.CC2520_RXBUF
                0x000000000800f990       0x24 build/obj/hal_cc2520.o
                0x000000000800f990                CC2520_RXBUF
 *fill*         0x000000000800f9b4        0xc 
 .text.CC2520_RXBUF8
                0x000000000800f9c0       0x1c build/obj/hal_cc2520.o
                0x000000000800f9c0                CC2520_RXBUF8
 *fill*         0x000000000800f9dc        0x4 
 .text.CC2520_TXBUF
                0x000000000800f9e0       0x24 build/obj/hal_cc2520.o
                0x000000000800f9e0                CC2520_TXBUF
 *fill*         0x000000000800fa04        0xc 
 .text.CC2520_BCLR
                0x000000000800fa10       0x20 build/obj/hal_cc2520.o
                0x000000000800fa10                CC2520_BCLR
 .text.CC2520_REGRD8
                0x000000000800fa30       0x20 build/obj/hal_cc2520.o
                0x000000000800fa30                CC2520_REGRD8
 .text.CC2520_REGWR8
                0x000000000800fa50       0x20 build/obj/hal_cc2520.o
                0x000000000800fa50                CC2520_REGWR8
 .text.isrThread
                0x000000000800fa70       0x30 build/obj/hal_rf.o
 .text.halRfGetRssiOffset
                0x000000000800faa0        0xc build/obj/hal_rf.o
                0x000000000800faa0                halRfGetRssiOffset
 *fill*         0x000000000800faac        0x4 
 .text.halRfSetChannel
                0x000000000800fab0       0x10 build/obj/hal_rf.o
                0x000000000800fab0                halRfSetChannel
 .text.halRfSetShortAddr
                0x000000000800fac0        0xc build/obj/hal_rf.o
                0x000000000800fac0                halRfSetShortAddr
 *fill*         0x000000000800facc        0x4 
 .text.halRfSetPanId
                0x000000000800fad0        0xc build/obj/hal_rf.o
                0x000000000800fad0                halRfSetPanId
 *fill*         0x000000000800fadc        0x4 
 .text.halRfWriteTxBuf
                0x000000000800fae0        0xc build/obj/hal_rf.o
                0x000000000800fae0                halRfWriteTxBuf
 *fill*         0x000000000800faec        0x4 
 .text.halRfReadRxBuf
                0x000000000800faf0        0xc build/obj/hal_rf.o
                0x000000000800faf0                halRfReadRxBuf
 *fill*         0x000000000800fafc        0x4 
 .text.halRfTransmit
                0x000000000800fb00       0x70 build/obj/hal_rf.o
                0x000000000800fb00                halRfTransmit
 .text.halRfRxInterruptConfig
                0x000000000800fb70       0x10 build/obj/hal_rf.o
                0x000000000800fb70                halRfRxInterruptConfig
 .text.halRfDisableRxInterrupt
                0x000000000800fb80       0x18 build/obj/hal_rf.o
                0x000000000800fb80                halRfDisableRxInterrupt
 *fill*         0x000000000800fb98        0x8 
 .text.halRfInit
                0x000000000800fba0       0xbc build/obj/hal_rf.o
                0x000000000800fba0                halRfInit
 *fill*         0x000000000800fc5c        0x4 
 .text.halRfReceiveOn
                0x000000000800fc60       0x3c build/obj/hal_rf.o
                0x000000000800fc60                halRfReceiveOn
 *fill*         0x000000000800fc9c        0x4 
 .text.halRfReceiveOff
                0x000000000800fca0       0x3c build/obj/hal_rf.o
                0x000000000800fca0                halRfReceiveOff
 *fill*         0x000000000800fcdc        0x4 
 .text.halRfFlushRx
                0x000000000800fce0       0x28 build/obj/hal_rf.o
                0x000000000800fce0                halRfFlushRx
 *fill*         0x000000000800fd08        0x8 
 .text.halRfExtCb
                0x000000000800fd10       0x18 build/obj/hal_rf.o
                0x000000000800fd10                halRfExtCb
 *fill*         0x000000000800fd28        0x8 
 .text.halRfWaitTransceiverReady
                0x000000000800fd30       0x44 build/obj/hal_rf.o
                0x000000000800fd30                halRfWaitTransceiverReady
 *fill*         0x000000000800fd74        0xc 
 .text.min      0x000000000800fd80        0x8 build/obj/util.o
                0x000000000800fd80                min
 *fill*         0x000000000800fd88        0x8 
 .text.spi_sw_transfer
                0x000000000800fd90       0x78 build/obj/spi_sw.o
                0x000000000800fd90                spi_sw_transfer
 *fill*         0x000000000800fe08        0x8 
 .text.spi_sw_begin
                0x000000000800fe10       0x10 build/obj/spi_sw.o
                0x000000000800fe10                spi_sw_begin
 .text.spi_sw_end
                0x000000000800fe20       0x10 build/obj/spi_sw.o
                0x000000000800fe20                spi_sw_end
 .text.basicRf_thread
                0x000000000800fe30       0x44 build/obj/basic_rf.o
 *fill*         0x000000000800fe74        0xc 
 .text.basicRfRxFrmDoneIsr
                0x000000000800fe80       0xb4 build/obj/basic_rf.o
 *fill*         0x000000000800ff34        0xc 
 .text.basicRfInit
                0x000000000800ff40       0x84 build/obj/basic_rf.o
                0x000000000800ff40                basicRfInit
 *fill*         0x000000000800ffc4        0xc 
 .text.basicRfPacketIsReady
                0x000000000800ffd0        0xc build/obj/basic_rf.o
                0x000000000800ffd0                basicRfPacketIsReady
 *fill*         0x000000000800ffdc        0x4 
 .text.basicRfReceive
                0x000000000800ffe0       0x54 build/obj/basic_rf.o
                0x000000000800ffe0                basicRfReceive
 *fill*         0x0000000008010034        0xc 
 .text.basicRfReceiveOn
                0x0000000008010040       0x28 build/obj/basic_rf.o
                0x0000000008010040                basicRfReceiveOn
 *fill*         0x0000000008010068        0x8 
 .text.basicRfReceiveOff
                0x0000000008010070       0x28 build/obj/basic_rf.o
                0x0000000008010070                basicRfReceiveOff
 *fill*         0x0000000008010098        0x8 
 .text.basicRfSendPacket
                0x00000000080100a0       0xf4 build/obj/basic_rf.o
                0x00000000080100a0                basicRfSendPacket
 *fill*         0x0000000008010194        0xc 
 .text.startup.main
                0x00000000080101a0       0x28 build/obj/main.o
                0x00000000080101a0                main
 *fill*         0x00000000080101c8        0x8 
 .text.get_descriptor
                0x00000000080101d0       0x30 build/obj/comm_usb_serial.o
 .text.usb_event
                0x0000000008010200       0x38 build/obj/comm_usb_serial.o
 *fill*         0x0000000008010238        0x8 
 .text.comm_usb_serial_init
                0x0000000008010240       0x4c build/obj/comm_usb_serial.o
                0x0000000008010240                comm_usb_serial_init
 *fill*         0x000000000801028c        0x4 
 .text.tx_thread
                0x0000000008010290       0x70 build/obj/comm_cc2520.o
 .text.rx_thread
                0x0000000008010300       0xd4 build/obj/comm_cc2520.o
 *fill*         0x00000000080103d4        0xc 
 .text.wakeup_tx
                0x00000000080103e0       0x18 build/obj/comm_cc2520.o
 *fill*         0x00000000080103f8        0x8 
 .text.comm_cc2520_init
                0x0000000008010400       0x74 build/obj/comm_cc2520.o
                0x0000000008010400                comm_cc2520_init
 *fill*         0x0000000008010474        0xc 
 .text.comm_cc2520_send_packet
                0x0000000008010480       0x54 build/obj/comm_cc2520.o
                0x0000000008010480                comm_cc2520_send_packet
 *fill*         0x00000000080104d4        0xc 
 .text.comm_cc2520_send_buffer
                0x00000000080104e0      0x128 build/obj/comm_cc2520.o
                0x00000000080104e0                comm_cc2520_send_buffer
 *fill*         0x0000000008010608        0x8 
 .text.led_init
                0x0000000008010610       0x2c build/obj/led.o
                0x0000000008010610                led_init
 *fill*         0x000000000801063c        0x4 
 .text.led_toggle
                0x0000000008010640       0x24 build/obj/led.o
                0x0000000008010640                led_toggle
 *fill*         0x0000000008010664        0xc 
 .text.ext_cb_init
                0x0000000008010670       0x10 build/obj/ext_cb.o
                0x0000000008010670                ext_cb_init
 .text.crc16    0x0000000008010680       0x30 build/obj/crc.o
                0x0000000008010680                crc16
 .text.send_packet
                0x00000000080106b0       0x1c build/obj/comm_usb.o
 *fill*         0x00000000080106cc        0x4 
 .text.serial_process_thread
                0x00000000080106d0       0x60 build/obj/comm_usb.o
 .text.serial_read_thread
                0x0000000008010730       0x74 build/obj/comm_usb.o
 *fill*         0x00000000080107a4        0xc 
 .text.process_packet
                0x00000000080107b0        0x4 build/obj/comm_usb.o
 *fill*         0x00000000080107b4        0xc 
 .text.comm_usb_init
                0x00000000080107c0       0x5c build/obj/comm_usb.o
                0x00000000080107c0                comm_usb_init
 *fill*         0x000000000801081c        0x4 
 .text.comm_usb_send_packet
                0x0000000008010820       0x28 build/obj/comm_usb.o
                0x0000000008010820                comm_usb_send_packet
 *fill*         0x0000000008010848        0x8 
 .text.packet_init
                0x0000000008010850       0x14 build/obj/packet.o
                0x0000000008010850                packet_init
 *fill*         0x0000000008010864        0xc 
 .text.packet_send_packet
                0x0000000008010870       0x84 build/obj/packet.o
                0x0000000008010870                packet_send_packet
 *fill*         0x00000000080108f4        0xc 
 .text.packet_timerfunc
                0x0000000008010900       0x1c build/obj/packet.o
                0x0000000008010900                packet_timerfunc
 *fill*         0x000000000801091c        0x4 
 .text.packet_process_byte
                0x0000000008010920      0x148 build/obj/packet.o
                0x0000000008010920                packet_process_byte
 *fill*         0x0000000008010a68        0x8 
 .text.memset   0x0000000008010a70       0x9c /usr/bin/../lib/gcc/arm-none-eabi/4.9.3/../../../../arm-none-eabi/lib/armv7e-m/fpu/libg.a(lib_a-memset.o)
                0x0000000008010a70                memset
 *(.rodata)
 *(.rodata.*)
 *fill*         0x0000000008010b0c        0x4 
 .rodata.str1.4
                0x0000000008010b10        0x5 build/obj/chsys.o
 *fill*         0x0000000008010b15        0xb 
 .rodata.ch_debug
                0x0000000008010b20       0x16 build/obj/chregistry.o
                0x0000000008010b20                ch_debug
 *fill*         0x0000000008010b36        0xa 
 .rodata.vmt    0x0000000008010b40       0x20 build/obj/serial_usb.o
 .rodata.zero_status
                0x0000000008010b60        0x2 build/obj/usb.o
 *fill*         0x0000000008010b62        0xe 
 .rodata.active_status
                0x0000000008010b70        0x2 build/obj/usb.o
 *fill*         0x0000000008010b72        0xe 
 .rodata.halted_status
                0x0000000008010b80        0x2 build/obj/usb.o
 *fill*         0x0000000008010b82        0xe 
 .rodata._stm32_dma_streams
                0x0000000008010b90       0xc0 build/obj/stm32_dma.o
                0x0000000008010b90                _stm32_dma_streams
 .rodata.fsparams
                0x0000000008010c50        0xc build/obj/usb_lld.o
 *fill*         0x0000000008010c5c        0x4 
 .rodata.str1.4
                0x0000000008010c60        0xd build/obj/usb_lld.o
 *fill*         0x0000000008010c6d        0x3 
 .rodata.ep0config
                0x0000000008010c70       0x24 build/obj/usb_lld.o
 *fill*         0x0000000008010c94        0xc 
 .rodata.pal_default_config
                0x0000000008010ca0       0xfc build/obj/board.o
                0x0000000008010ca0                pal_default_config
 *fill*         0x0000000008010d9c        0x4 
 .rodata.str1.4
                0x0000000008010da0       0x32 build/obj/hal_rf.o
 *fill*         0x0000000008010dd2        0xe 
 .rodata.str1.4
                0x0000000008010de0        0xb build/obj/basic_rf.o
 *fill*         0x0000000008010deb        0x5 
 .rodata.ep1config
                0x0000000008010df0       0x24 build/obj/comm_usb_serial.o
 *fill*         0x0000000008010e14        0xc 
 .rodata.vcom_configuration_descriptor
                0x0000000008010e20        0x8 build/obj/comm_usb_serial.o
 *fill*         0x0000000008010e28        0x8 
 .rodata.ep2config
                0x0000000008010e30       0x24 build/obj/comm_usb_serial.o
 *fill*         0x0000000008010e54        0xc 
 .rodata.usbcfg
                0x0000000008010e60       0x10 build/obj/comm_usb_serial.o
 .rodata.vcom_configuration_descriptor_data
                0x0000000008010e70       0x43 build/obj/comm_usb_serial.o
 *fill*         0x0000000008010eb3        0xd 
 .rodata.vcom_device_descriptor_data
                0x0000000008010ec0       0x12 build/obj/comm_usb_serial.o
 *fill*         0x0000000008010ed2        0xe 
 .rodata.vcom_string0
                0x0000000008010ee0        0x4 build/obj/comm_usb_serial.o
 *fill*         0x0000000008010ee4        0xc 
 .rodata.vcom_string1
                0x0000000008010ef0       0x26 build/obj/comm_usb_serial.o
 *fill*         0x0000000008010f16        0xa 
 .rodata.vcom_string2
                0x0000000008010f20       0x38 build/obj/comm_usb_serial.o
 *fill*         0x0000000008010f58        0x8 
 .rodata.vcom_string3
                0x0000000008010f60        0x8 build/obj/comm_usb_serial.o
 *fill*         0x0000000008010f68        0x8 
 .rodata.vcom_strings
                0x0000000008010f70       0x20 build/obj/comm_usb_serial.o
 .rodata.serusbcfg
                0x0000000008010f90        0x8 build/obj/comm_usb_serial.o
                0x0000000008010f90                serusbcfg
 *fill*         0x0000000008010f98        0x8 
 .rodata.vcom_device_descriptor
                0x0000000008010fa0        0x8 build/obj/comm_usb_serial.o
 *fill*         0x0000000008010fa8        0x8 
 .rodata.str1.4
                0x0000000008010fb0       0x16 build/obj/comm_cc2520.o
 *fill*         0x0000000008010fc6        0xa 
 .rodata.extcfg
                0x0000000008010fd0       0xb8 build/obj/ext_cb.o
 *fill*         0x0000000008011088        0x8 
 .rodata.crc16_tab
                0x0000000008011090      0x200 build/obj/crc.o
                0x0000000008011090                crc16_tab
 .rodata.str1.4
                0x0000000008011290       0x24 build/obj/comm_usb.o
 *(.glue_7t)
 .glue_7t       0x0000000000000000        0x0 linker stubs
 *(.glue_7)
 .glue_7        0x0000000000000000        0x0 linker stubs
 *(.gcc*)

.vfp11_veneer   0x00000000080112b4        0x0
 .vfp11_veneer  0x0000000000000000        0x0 linker stubs

.v4_bx          0x00000000080112b4        0x0
 .v4_bx         0x0000000000000000        0x0 linker stubs

.iplt           0x00000000080112b4        0x0
 .iplt          0x0000000000000000        0x0 build/obj/crt0_v7m.o

.rel.dyn        0x00000000080112b4        0x0
 .rel.iplt      0x0000000000000000        0x0 build/obj/crt0_v7m.o

.ARM.extab
 *(.ARM.extab* .gnu.linkonce.armextab.*)

.ARM.exidx      0x00000000080112b4        0x0
                0x00000000080112b4                PROVIDE (__exidx_start, .)
 *(.ARM.exidx* .gnu.linkonce.armexidx.*)
                0x00000000080112b4                PROVIDE (__exidx_end, .)

.eh_frame_hdr
 *(.eh_frame_hdr)

.eh_frame
 *(.eh_frame)

.textalign      0x00000000080112b4        0x4
                0x00000000080112b8                . = ALIGN (0x8)
 *fill*         0x00000000080112b4        0x4 
                0x00000000080112b8                . = ALIGN (0x4)
                0x00000000080112b8                _etext = .
                0x00000000080112b8                _textdata = _etext

.mstack         0x0000000020000000      0x400
                0x0000000020000000                . = ALIGN (0x8)
                0x0000000020000000                __main_stack_base__ = .
                0x0000000020000400                . = (. + __main_stack_size__)
 *fill*         0x0000000020000000      0x400 
                0x0000000020000400                . = ALIGN (0x8)
                0x0000000020000400                __main_stack_end__ = .

.pstack         0x0000000020000400      0x400
                0x0000000020000400                __process_stack_base__ = .
                0x0000000020000400                __main_thread_stack_base__ = .
                0x0000000020000800                . = (. + __process_stack_size__)
 *fill*         0x0000000020000400      0x400 
                0x0000000020000800                . = ALIGN (0x8)
                0x0000000020000800                __process_stack_end__ = .
                0x0000000020000800                __main_thread_stack_end__ = .

.data           0x0000000020000800       0x38 load address 0x00000000080112b8
                0x0000000020000800                . = ALIGN (0x4)
                0x0000000020000800                PROVIDE (_data, .)
 *(.data)
 *(.data.*)
 .data.linecoding
                0x0000000020000800        0x7 build/obj/serial_usb.o
 *fill*         0x0000000020000807        0x1 
 .data.regval   0x0000000020000808       0x2e build/obj/hal_rf.o
 .data.rssiOffset
                0x0000000020000836        0x1 build/obj/hal_rf.o
 *(.ramtext)
                0x0000000020000838                . = ALIGN (0x4)
 *fill*         0x0000000020000837        0x1 
                0x0000000020000838                PROVIDE (_edata, .)

.igot.plt       0x0000000020000838        0x0 load address 0x00000000080112f0
 .igot.plt      0x0000000000000000        0x0 build/obj/crt0_v7m.o

.bss            0x0000000020000838     0x4f40 load address 0x00000000080112f0
                0x0000000020000838                . = ALIGN (0x4)
                0x0000000020000838                PROVIDE (_bss_start, .)
 *(.bss)
 *(.bss.*)
 .bss.ch        0x0000000020000838      0x258 build/obj/chschd.o
                0x0000000020000838                ch
 .bss.endmem    0x0000000020000a90        0x4 build/obj/chmemcore.o
 .bss.nextmem   0x0000000020000a94        0x4 build/obj/chmemcore.o
 .bss.default_heap
                0x0000000020000a98       0x20 build/obj/chheap.o
 .bss.dma_isr_redir
                0x0000000020000ab8       0x80 build/obj/stm32_dma.o
 .bss.dma_streams_mask
                0x0000000020000b38        0x4 build/obj/stm32_dma.o
 .bss.ADCD1     0x0000000020000b3c       0x34 build/obj/adc_lld.o
                0x0000000020000b3c                ADCD1
 .bss.EXTD1     0x0000000020000b70        0x8 build/obj/ext_lld.o
                0x0000000020000b70                EXTD1
 .bss.CAND1     0x0000000020000b78       0x30 build/obj/can_lld.o
                0x0000000020000b78                CAND1
 .bss.I2CD1     0x0000000020000ba8       0x38 build/obj/i2c_lld.o
                0x0000000020000ba8                I2CD1
 .bss.I2CD2     0x0000000020000be0       0x38 build/obj/i2c_lld.o
                0x0000000020000be0                I2CD2
 .bss.USBD1     0x0000000020000c18      0x280 build/obj/usb_lld.o
                0x0000000020000c18                USBD1
 .bss.ep0_state
                0x0000000020000e98       0x14 build/obj/usb_lld.o
 .bss.ep0setup_buffer
                0x0000000020000eac        0x8 build/obj/usb_lld.o
 .bss.dummytx   0x0000000020000eb4        0x2 build/obj/spi_lld.o
 *fill*         0x0000000020000eb6        0x2 
 .bss.SPID2     0x0000000020000eb8       0x30 build/obj/spi_lld.o
                0x0000000020000eb8                SPID2
 .bss.PWMD3     0x0000000020000ee8       0x1c build/obj/pwm_lld.o
                0x0000000020000ee8                PWMD3
 *fill*         0x0000000020000f04        0x4 
 .bss.waIsrTx   0x0000000020000f08      0x598 build/obj/hal_rf.o
 .bss.isr_tp    0x00000000200014a0        0x4 build/obj/hal_rf.o
 .bss.gpio0_func
                0x00000000200014a4        0x4 build/obj/hal_rf.o
 .bss.rxi       0x00000000200014a8       0x10 build/obj/basic_rf.o
 .bss.rxMpdu    0x00000000200014b8       0x80 build/obj/basic_rf.o
 .bss.basicRf_thread_wa
                0x0000000020001538      0x298 build/obj/basic_rf.o
 .bss.rf_send_mutex
                0x00000000200017d0       0x10 build/obj/basic_rf.o
 .bss.txState   0x00000000200017e0        0x8 build/obj/basic_rf.o
 .bss.rf_mutex  0x00000000200017e8       0x10 build/obj/basic_rf.o
 .bss.pConfig   0x00000000200017f8        0x4 build/obj/basic_rf.o
 .bss.txMpdu    0x00000000200017fc       0x73 build/obj/basic_rf.o
 *fill*         0x000000002000186f        0x1 
 .bss.ep2instate
                0x0000000020001870       0x14 build/obj/comm_usb_serial.o
 .bss.SDU1      0x0000000020001884      0x258 build/obj/comm_usb_serial.o
                0x0000000020001884                SDU1
 .bss.ep1instate
                0x0000000020001adc       0x14 build/obj/comm_usb_serial.o
 .bss.ep1outstate
                0x0000000020001af0       0x14 build/obj/comm_usb_serial.o
 .bss.buf.8601  0x0000000020001b04       0x82 build/obj/comm_cc2520.o
 *fill*         0x0000000020001b86        0x2 
 .bss.tx_buffer
                0x0000000020001b88      0x514 build/obj/comm_cc2520.o
 .bss.rx_buffer
                0x000000002000209c      0x400 build/obj/comm_cc2520.o
 .bss.tx_tp     0x000000002000249c        0x4 build/obj/comm_cc2520.o
 .bss.tx_slot_write
                0x00000000200024a0        0x4 build/obj/comm_cc2520.o
 .bss.tx_slot_len
                0x00000000200024a4        0xa build/obj/comm_cc2520.o
 *fill*         0x00000000200024ae        0x2 
 .bss.vt        0x00000000200024b0       0x14 build/obj/comm_cc2520.o
 *fill*         0x00000000200024c4        0x4 
 .bss.rx_thread_wa
                0x00000000200024c8      0x998 build/obj/comm_cc2520.o
 .bss.basicRfConfig
                0x0000000020002e60        0x6 build/obj/comm_cc2520.o
 *fill*         0x0000000020002e66        0x2 
 .bss.tx_slot_read
                0x0000000020002e68        0x4 build/obj/comm_cc2520.o
 *fill*         0x0000000020002e6c        0x4 
 .bss.tx_thread_wa
                0x0000000020002e70      0x398 build/obj/comm_cc2520.o
 .bss.serial_rx_write_pos
                0x0000000020003208        0x4 build/obj/comm_usb.o
 .bss.send_mutex
                0x000000002000320c       0x10 build/obj/comm_usb.o
 *fill*         0x000000002000321c        0x4 
 .bss.serial_process_thread_wa
                0x0000000020003220     0x1198 build/obj/comm_usb.o
 .bss.serial_rx_buffer
                0x00000000200043b8      0x800 build/obj/comm_usb.o
 .bss.serial_read_thread_wa
                0x0000000020004bb8      0x398 build/obj/comm_usb.o
 .bss.serial_rx_read_pos
                0x0000000020004f50        0x4 build/obj/comm_usb.o
 .bss.process_tp
                0x0000000020004f54        0x4 build/obj/comm_usb.o
 .bss.handler_states
                0x0000000020004f58      0x820 build/obj/packet.o
 *(COMMON)
                0x0000000020005778                . = ALIGN (0x4)
                0x0000000020005778                PROVIDE (_bss_end, .)
                0x0000000020005778                PROVIDE (end, .)

.ram0           0x0000000020005778        0x0 load address 0x00000000080112f0
                0x0000000020005778                . = ALIGN (0x4)
 *(.ram0)
 *(.ram0.*)
                0x0000000020005778                . = ALIGN (0x4)
                0x0000000020005778                __ram0_free__ = .

.ram1           0x0000000020000000        0x0
                0x0000000020000000                . = ALIGN (0x4)
 *(.ram1)
 *(.ram1.*)
                0x0000000020000000                . = ALIGN (0x4)
                0x0000000020000000                __ram1_free__ = .

.ram2           0x000000002001c000        0x0
                0x000000002001c000                . = ALIGN (0x4)
 *(.ram2)
 *(.ram2.*)
                0x000000002001c000                . = ALIGN (0x4)
                0x000000002001c000                __ram2_free__ = .

.ram3           0x0000000000000000        0x0
                0x0000000000000000                . = ALIGN (0x4)
 *(.ram3)
 *(.ram3.*)
                0x0000000000000000                . = ALIGN (0x4)
                0x0000000000000000                __ram3_free__ = .

.ram4           0x0000000010000000        0x0
                0x0000000010000000                . = ALIGN (0x4)
 *(.ram4)
 *(.ram4.*)
                0x0000000010000000                . = ALIGN (0x4)
                0x0000000010000000                __ram4_free__ = .

.ram5           0x0000000040024000        0x0
                0x0000000040024000                . = ALIGN (0x4)
 *(.ram5)
 *(.ram5.*)
                0x0000000040024000                . = ALIGN (0x4)
                0x0000000040024000                __ram5_free__ = .

.ram6           0x0000000000000000        0x0
                0x0000000000000000                . = ALIGN (0x4)
 *(.ram6)
 *(.ram6.*)
                0x0000000000000000                . = ALIGN (0x4)
                0x0000000000000000                __ram6_free__ = .

.ram7           0x0000000000000000        0x0
                0x0000000000000000                . = ALIGN (0x4)
 *(.ram7)
 *(.ram7.*)
                0x0000000000000000                . = ALIGN (0x4)
                0x0000000000000000                __ram7_free__ = .
                0x0000000020005778                __heap_base__ = __ram0_free__
                0x0000000020020000                __heap_end__ = __ram0_end__
                0x0000000000000400                __process_stack_size__ = 0x400
                0x0000000000000400                __main_stack_size__ = 0x400
LOAD /usr/bin/../lib/gcc/arm-none-eabi/4.9.3/../../../../arm-none-eabi/lib/armv7e-m/fpu/libm.a
START GROUP
LOAD /usr/bin/../lib/gcc/arm-none-eabi/4.9.3/armv7e-m/fpu/libgcc.a
LOAD /usr/bin/../lib/gcc/arm-none-eabi/4.9.3/../../../../arm-none-eabi/lib/armv7e-m/fpu/libg.a
LOAD /usr/bin/../lib/gcc/arm-none-eabi/4.9.3/../../../../arm-none-eabi/lib/armv7e-m/fpu/libc.a
END GROUP
OUTPUT(build/rfmote_pa.elf elf32-littlearm)

.ARM.attributes
                0x0000000000000000       0x35
 .ARM.attributes
                0x0000000000000000       0x25 build/obj/crt0_v7m.o
 .ARM.attributes
                0x0000000000000025       0x25 build/obj/chcoreasm_v7m.o
 .ARM.attributes
                0x000000000000004a       0x39 build/obj/crt1.o
 .ARM.attributes
                0x0000000000000083       0x39 build/obj/vectors.o
 .ARM.attributes
                0x00000000000000bc       0x39 build/obj/chsys.o
 .ARM.attributes
                0x00000000000000f5       0x39 build/obj/chvt.o
 .ARM.attributes
                0x000000000000012e       0x39 build/obj/chschd.o
 .ARM.attributes
                0x0000000000000167       0x39 build/obj/chthreads.o
 .ARM.attributes
                0x00000000000001a0       0x39 build/obj/chtm.o
 .ARM.attributes
                0x00000000000001d9       0x39 build/obj/chregistry.o
 .ARM.attributes
                0x0000000000000212       0x39 build/obj/chmtx.o
 .ARM.attributes
                0x000000000000024b       0x39 build/obj/chevents.o
 .ARM.attributes
                0x0000000000000284       0x39 build/obj/chqueues.o
 .ARM.attributes
                0x00000000000002bd       0x39 build/obj/chmemcore.o
 .ARM.attributes
                0x00000000000002f6       0x39 build/obj/chheap.o
 .ARM.attributes
                0x000000000000032f       0x39 build/obj/chcore_v7m.o
 .ARM.attributes
                0x0000000000000368       0x39 build/obj/hal.o
 .ARM.attributes
                0x00000000000003a1       0x39 build/obj/st.o
 .ARM.attributes
                0x00000000000003da       0x39 build/obj/adc.o
 .ARM.attributes
                0x0000000000000413       0x39 build/obj/can.o
 .ARM.attributes
                0x000000000000044c       0x39 build/obj/ext.o
 .ARM.attributes
                0x0000000000000485       0x39 build/obj/i2c.o
 .ARM.attributes
                0x00000000000004be       0x39 build/obj/pwm.o
 .ARM.attributes
                0x00000000000004f7       0x39 build/obj/serial_usb.o
 .ARM.attributes
                0x0000000000000530       0x39 build/obj/spi.o
 .ARM.attributes
                0x0000000000000569       0x39 build/obj/usb.o
 .ARM.attributes
                0x00000000000005a2       0x39 build/obj/nvic.o
 .ARM.attributes
                0x00000000000005db       0x39 build/obj/stm32_dma.o
 .ARM.attributes
                0x0000000000000614       0x39 build/obj/hal_lld.o
 .ARM.attributes
                0x000000000000064d       0x39 build/obj/st_lld.o
 .ARM.attributes
                0x0000000000000686       0x39 build/obj/adc_lld.o
 .ARM.attributes
                0x00000000000006bf       0x39 build/obj/ext_lld_isr.o
 .ARM.attributes
                0x00000000000006f8       0x39 build/obj/ext_lld.o
 .ARM.attributes
                0x0000000000000731       0x39 build/obj/can_lld.o
 .ARM.attributes
                0x000000000000076a       0x39 build/obj/pal_lld.o
 .ARM.attributes
                0x00000000000007a3       0x39 build/obj/i2c_lld.o
 .ARM.attributes
                0x00000000000007dc       0x39 build/obj/usb_lld.o
 .ARM.attributes
                0x0000000000000815       0x39 build/obj/spi_lld.o
 .ARM.attributes
                0x000000000000084e       0x39 build/obj/pwm_lld.o
 .ARM.attributes
                0x0000000000000887       0x39 build/obj/board.o
 .ARM.attributes
                0x00000000000008c0       0x39 build/obj/stm32_hw.o
 .ARM.attributes
                0x00000000000008f9       0x39 build/obj/hal_cc2520.o
 .ARM.attributes
                0x0000000000000932       0x39 build/obj/hal_rf.o
 .ARM.attributes
                0x000000000000096b       0x39 build/obj/util.o
 .ARM.attributes
                0x00000000000009a4       0x39 build/obj/spi_sw.o
 .ARM.attributes
                0x00000000000009dd       0x39 build/obj/basic_rf.o
 .ARM.attributes
                0x0000000000000a16       0x39 build/obj/main.o
 .ARM.attributes
                0x0000000000000a4f       0x39 build/obj/comm_usb_serial.o
 .ARM.attributes
                0x0000000000000a88       0x39 build/obj/comm_cc2520.o
 .ARM.attributes
                0x0000000000000ac1       0x39 build/obj/led.o
 .ARM.attributes
                0x0000000000000afa       0x39 build/obj/ext_cb.o
 .ARM.attributes
                0x0000000000000b33       0x39 build/obj/crc.o
 .ARM.attributes
                0x0000000000000b6c       0x39 build/obj/comm_usb.o
 .ARM.attributes
                0x0000000000000ba5       0x39 build/obj/packet.o
 .ARM.attributes
                0x0000000000000bde       0x20 /usr/bin/../lib/gcc/arm-none-eabi/4.9.3/../../../../arm-none-eabi/lib/armv7e-m/fpu/libg.a(lib_a-memcpy.o)
 .ARM.attributes
                0x0000000000000bfe       0x34 /usr/bin/../lib/gcc/arm-none-eabi/4.9.3/../../../../arm-none-eabi/lib/armv7e-m/fpu/libg.a(lib_a-memset.o)

.comment        0x0000000000000000       0x70
 .comment       0x0000000000000000       0x70 build/obj/crt1.o
                                         0x71 (size before relaxing)
 .comment       0x0000000000000000       0x71 build/obj/vectors.o
 .comment       0x0000000000000000       0x71 build/obj/chsys.o
 .comment       0x0000000000000000       0x71 build/obj/chvt.o
 .comment       0x0000000000000000       0x71 build/obj/chschd.o
 .comment       0x0000000000000000       0x71 build/obj/chthreads.o
 .comment       0x0000000000000000       0x71 build/obj/chtm.o
 .comment       0x0000000000000000       0x71 build/obj/chregistry.o
 .comment       0x0000000000000000       0x71 build/obj/chmtx.o
 .comment       0x0000000000000000       0x71 build/obj/chevents.o
 .comment       0x0000000000000000       0x71 build/obj/chqueues.o
 .comment       0x0000000000000000       0x71 build/obj/chmemcore.o
 .comment       0x0000000000000000       0x71 build/obj/chheap.o
 .comment       0x0000000000000000       0x71 build/obj/chcore_v7m.o
 .comment       0x0000000000000000       0x71 build/obj/hal.o
 .comment       0x0000000000000000       0x71 build/obj/st.o
 .comment       0x0000000000000000       0x71 build/obj/adc.o
 .comment       0x0000000000000000       0x71 build/obj/can.o
 .comment       0x0000000000000000       0x71 build/obj/ext.o
 .comment       0x0000000000000000       0x71 build/obj/i2c.o
 .comment       0x0000000000000000       0x71 build/obj/pwm.o
 .comment       0x0000000000000000       0x71 build/obj/serial_usb.o
 .comment       0x0000000000000000       0x71 build/obj/spi.o
 .comment       0x0000000000000000       0x71 build/obj/usb.o
 .comment       0x0000000000000000       0x71 build/obj/nvic.o
 .comment       0x0000000000000000       0x71 build/obj/stm32_dma.o
 .comment       0x0000000000000000       0x71 build/obj/hal_lld.o
 .comment       0x0000000000000000       0x71 build/obj/st_lld.o
 .comment       0x0000000000000000       0x71 build/obj/adc_lld.o
 .comment       0x0000000000000000       0x71 build/obj/ext_lld_isr.o
 .comment       0x0000000000000000       0x71 build/obj/ext_lld.o
 .comment       0x0000000000000000       0x71 build/obj/can_lld.o
 .comment       0x0000000000000000       0x71 build/obj/pal_lld.o
 .comment       0x0000000000000000       0x71 build/obj/i2c_lld.o
 .comment       0x0000000000000000       0x71 build/obj/usb_lld.o
 .comment       0x0000000000000000       0x71 build/obj/spi_lld.o
 .comment       0x0000000000000000       0x71 build/obj/pwm_lld.o
 .comment       0x0000000000000000       0x71 build/obj/board.o
 .comment       0x0000000000000000       0x71 build/obj/stm32_hw.o
 .comment       0x0000000000000000       0x71 build/obj/hal_cc2520.o
 .comment       0x0000000000000000       0x71 build/obj/hal_rf.o
 .comment       0x0000000000000000       0x71 build/obj/util.o
 .comment       0x0000000000000000       0x71 build/obj/spi_sw.o
 .comment       0x0000000000000000       0x71 build/obj/basic_rf.o
 .comment       0x0000000000000000       0x71 build/obj/main.o
 .comment       0x0000000000000000       0x71 build/obj/comm_usb_serial.o
 .comment       0x0000000000000000       0x71 build/obj/comm_cc2520.o
 .comment       0x0000000000000000       0x71 build/obj/led.o
 .comment       0x0000000000000000       0x71 build/obj/ext_cb.o
 .comment       0x0000000000000000       0x71 build/obj/crc.o
 .comment       0x0000000000000000       0x71 build/obj/comm_usb.o
 .comment       0x0000000000000000       0x71 build/obj/packet.o

.debug_info     0x0000000000000000    0x381eb
 .debug_info    0x0000000000000000       0xde build/obj/crt1.o
 .debug_info    0x00000000000000de      0x1e7 build/obj/vectors.o
 .debug_info    0x00000000000002c5     0x1710 build/obj/chsys.o
 .debug_info    0x00000000000019d5      0x7fd build/obj/chvt.o
 .debug_info    0x00000000000021d2      0xe08 build/obj/chschd.o
 .debug_info    0x0000000000002fda     0x1aca build/obj/chthreads.o
 .debug_info    0x0000000000004aa4      0xaac build/obj/chtm.o
 .debug_info    0x0000000000005550      0xa38 build/obj/chregistry.o
 .debug_info    0x0000000000005f88     0x109b build/obj/chmtx.o
 .debug_info    0x0000000000007023     0x15b4 build/obj/chevents.o
 .debug_info    0x00000000000085d7     0x117d build/obj/chqueues.o
 .debug_info    0x0000000000009754      0x931 build/obj/chmemcore.o
 .debug_info    0x000000000000a085      0xaab build/obj/chheap.o
 .debug_info    0x000000000000ab30      0xc72 build/obj/chcore_v7m.o
 .debug_info    0x000000000000b7a2      0x916 build/obj/hal.o
 .debug_info    0x000000000000c0b8      0x9e5 build/obj/st.o
 .debug_info    0x000000000000ca9d     0x15bc build/obj/adc.o
 .debug_info    0x000000000000e059     0x1a4e build/obj/can.o
 .debug_info    0x000000000000faa7      0xda6 build/obj/ext.o
 .debug_info    0x000000000001084d     0x11f2 build/obj/i2c.o
 .debug_info    0x0000000000011a3f     0x1426 build/obj/pwm.o
 .debug_info    0x0000000000012e65     0x2749 build/obj/serial_usb.o
 .debug_info    0x00000000000155ae     0x1b09 build/obj/spi.o
 .debug_info    0x00000000000170b7     0x28d0 build/obj/usb.o
 .debug_info    0x0000000000019987      0xabd build/obj/nvic.o
 .debug_info    0x000000000001a444     0x10dc build/obj/stm32_dma.o
 .debug_info    0x000000000001b520      0x9e1 build/obj/hal_lld.o
 .debug_info    0x000000000001bf01      0x915 build/obj/st_lld.o
 .debug_info    0x000000000001c816     0x1648 build/obj/adc_lld.o
 .debug_info    0x000000000001de5e     0x108f build/obj/ext_lld_isr.o
 .debug_info    0x000000000001eeed      0xa87 build/obj/ext_lld.o
 .debug_info    0x000000000001f974     0x1de2 build/obj/can_lld.o
 .debug_info    0x0000000000021756      0xd5b build/obj/pal_lld.o
 .debug_info    0x00000000000224b1     0x1eb9 build/obj/i2c_lld.o
 .debug_info    0x000000000002436a     0x3124 build/obj/usb_lld.o
 .debug_info    0x000000000002748e     0x124b build/obj/spi_lld.o
 .debug_info    0x00000000000286d9      0xee6 build/obj/pwm_lld.o
 .debug_info    0x00000000000295bf      0x869 build/obj/board.o
 .debug_info    0x0000000000029e28      0xd1c build/obj/stm32_hw.o
 .debug_info    0x000000000002ab44     0x3255 build/obj/hal_cc2520.o
 .debug_info    0x000000000002dd99     0x17ee build/obj/hal_rf.o
 .debug_info    0x000000000002f587      0x889 build/obj/util.o
 .debug_info    0x000000000002fe10      0xa7e build/obj/spi_sw.o
 .debug_info    0x000000000003088e     0x1396 build/obj/basic_rf.o
 .debug_info    0x0000000000031c24      0x7ec build/obj/main.o
 .debug_info    0x0000000000032410     0x1aa1 build/obj/comm_usb_serial.o
 .debug_info    0x0000000000033eb1     0x1268 build/obj/comm_cc2520.o
 .debug_info    0x0000000000035119      0x981 build/obj/led.o
 .debug_info    0x0000000000035a9a      0x878 build/obj/ext_cb.o
 .debug_info    0x0000000000036312       0xbf build/obj/crc.o
 .debug_info    0x00000000000363d1     0x1ae0 build/obj/comm_usb.o
 .debug_info    0x0000000000037eb1      0x33a build/obj/packet.o

.debug_abbrev   0x0000000000000000     0x92b5
 .debug_abbrev  0x0000000000000000       0x67 build/obj/crt1.o
 .debug_abbrev  0x0000000000000067       0xc7 build/obj/vectors.o
 .debug_abbrev  0x000000000000012e      0x4f8 build/obj/chsys.o
 .debug_abbrev  0x0000000000000626      0x1b1 build/obj/chvt.o
 .debug_abbrev  0x00000000000007d7      0x3a5 build/obj/chschd.o
 .debug_abbrev  0x0000000000000b7c      0x46c build/obj/chthreads.o
 .debug_abbrev  0x0000000000000fe8      0x277 build/obj/chtm.o
 .debug_abbrev  0x000000000000125f      0x231 build/obj/chregistry.o
 .debug_abbrev  0x0000000000001490      0x3da build/obj/chmtx.o
 .debug_abbrev  0x000000000000186a      0x397 build/obj/chevents.o
 .debug_abbrev  0x0000000000001c01      0x3c3 build/obj/chqueues.o
 .debug_abbrev  0x0000000000001fc4      0x27b build/obj/chmemcore.o
 .debug_abbrev  0x000000000000223f      0x292 build/obj/chheap.o
 .debug_abbrev  0x00000000000024d1      0x237 build/obj/chcore_v7m.o
 .debug_abbrev  0x0000000000002708      0x1a0 build/obj/hal.o
 .debug_abbrev  0x00000000000028a8      0x217 build/obj/st.o
 .debug_abbrev  0x0000000000002abf      0x37d build/obj/adc.o
 .debug_abbrev  0x0000000000002e3c      0x43d build/obj/can.o
 .debug_abbrev  0x0000000000003279      0x265 build/obj/ext.o
 .debug_abbrev  0x00000000000034de      0x31e build/obj/i2c.o
 .debug_abbrev  0x00000000000037fc      0x2ab build/obj/pwm.o
 .debug_abbrev  0x0000000000003aa7      0x530 build/obj/serial_usb.o
 .debug_abbrev  0x0000000000003fd7      0x334 build/obj/spi.o
 .debug_abbrev  0x000000000000430b      0x478 build/obj/usb.o
 .debug_abbrev  0x0000000000004783      0x1ba build/obj/nvic.o
 .debug_abbrev  0x000000000000493d      0x278 build/obj/stm32_dma.o
 .debug_abbrev  0x0000000000004bb5      0x1c3 build/obj/hal_lld.o
 .debug_abbrev  0x0000000000004d78      0x1f0 build/obj/st_lld.o
 .debug_abbrev  0x0000000000004f68      0x389 build/obj/adc_lld.o
 .debug_abbrev  0x00000000000052f1      0x22b build/obj/ext_lld_isr.o
 .debug_abbrev  0x000000000000551c      0x210 build/obj/ext_lld.o
 .debug_abbrev  0x000000000000572c      0x470 build/obj/can_lld.o
 .debug_abbrev  0x0000000000005b9c      0x20c build/obj/pal_lld.o
 .debug_abbrev  0x0000000000005da8      0x473 build/obj/i2c_lld.o
 .debug_abbrev  0x000000000000621b      0x52b build/obj/usb_lld.o
 .debug_abbrev  0x0000000000006746      0x37b build/obj/spi_lld.o
 .debug_abbrev  0x0000000000006ac1      0x2bd build/obj/pwm_lld.o
 .debug_abbrev  0x0000000000006d7e      0x18b build/obj/board.o
 .debug_abbrev  0x0000000000006f09      0x241 build/obj/stm32_hw.o
 .debug_abbrev  0x000000000000714a      0x358 build/obj/hal_cc2520.o
 .debug_abbrev  0x00000000000074a2      0x458 build/obj/hal_rf.o
 .debug_abbrev  0x00000000000078fa      0x1d5 build/obj/util.o
 .debug_abbrev  0x0000000000007acf      0x22b build/obj/spi_sw.o
 .debug_abbrev  0x0000000000007cfa      0x3f2 build/obj/basic_rf.o
 .debug_abbrev  0x00000000000080ec      0x19e build/obj/main.o
 .debug_abbrev  0x000000000000828a      0x355 build/obj/comm_usb_serial.o
 .debug_abbrev  0x00000000000085df      0x3ad build/obj/comm_cc2520.o
 .debug_abbrev  0x000000000000898c      0x21c build/obj/led.o
 .debug_abbrev  0x0000000000008ba8      0x1a4 build/obj/ext_cb.o
 .debug_abbrev  0x0000000000008d4c       0x9b build/obj/crc.o
 .debug_abbrev  0x0000000000008de7      0x354 build/obj/comm_usb.o
 .debug_abbrev  0x000000000000913b      0x17a build/obj/packet.o

.debug_aranges  0x0000000000000000     0x1428
 .debug_aranges
                0x0000000000000000       0x38 build/obj/crt1.o
 .debug_aranges
                0x0000000000000038       0x20 build/obj/vectors.o
 .debug_aranges
                0x0000000000000058       0x60 build/obj/chsys.o
 .debug_aranges
                0x00000000000000b8       0x30 build/obj/chvt.o
 .debug_aranges
                0x00000000000000e8       0x70 build/obj/chschd.o
 .debug_aranges
                0x0000000000000158       0xc0 build/obj/chthreads.o
 .debug_aranges
                0x0000000000000218       0x40 build/obj/chtm.o
 .debug_aranges
                0x0000000000000258       0x28 build/obj/chregistry.o
 .debug_aranges
                0x0000000000000280       0x58 build/obj/chmtx.o
 .debug_aranges
                0x00000000000002d8       0xa0 build/obj/chevents.o
 .debug_aranges
                0x0000000000000378       0x68 build/obj/chqueues.o
 .debug_aranges
                0x00000000000003e0       0x38 build/obj/chmemcore.o
 .debug_aranges
                0x0000000000000418       0x40 build/obj/chheap.o
 .debug_aranges
                0x0000000000000458       0x28 build/obj/chcore_v7m.o
 .debug_aranges
                0x0000000000000480       0x20 build/obj/hal.o
 .debug_aranges
                0x00000000000004a0       0x40 build/obj/st.o
 .debug_aranges
                0x00000000000004e0       0x70 build/obj/adc.o
 .debug_aranges
                0x0000000000000550       0x58 build/obj/can.o
 .debug_aranges
                0x00000000000005a8       0x50 build/obj/ext.o
 .debug_aranges
                0x00000000000005f8       0x60 build/obj/i2c.o
 .debug_aranges
                0x0000000000000658       0x70 build/obj/pwm.o
 .debug_aranges
                0x00000000000006c8       0xb0 build/obj/serial_usb.o
 .debug_aranges
                0x0000000000000778       0x98 build/obj/spi.o
 .debug_aranges
                0x0000000000000810       0xa8 build/obj/usb.o
 .debug_aranges
                0x00000000000008b8       0x38 build/obj/nvic.o
 .debug_aranges
                0x00000000000008f0       0xb0 build/obj/stm32_dma.o
 .debug_aranges
                0x00000000000009a0       0x28 build/obj/hal_lld.o
 .debug_aranges
                0x00000000000009c8       0x28 build/obj/st_lld.o
 .debug_aranges
                0x00000000000009f0       0x70 build/obj/adc_lld.o
 .debug_aranges
                0x0000000000000a60       0x98 build/obj/ext_lld_isr.o
 .debug_aranges
                0x0000000000000af8       0x40 build/obj/ext_lld.o
 .debug_aranges
                0x0000000000000b38       0x90 build/obj/can_lld.o
 .debug_aranges
                0x0000000000000bc8       0x28 build/obj/pal_lld.o
 .debug_aranges
                0x0000000000000bf0       0x80 build/obj/i2c_lld.o
 .debug_aranges
                0x0000000000000c70       0xd0 build/obj/usb_lld.o
 .debug_aranges
                0x0000000000000d40       0x78 build/obj/spi_lld.o
 .debug_aranges
                0x0000000000000db8       0x68 build/obj/pwm_lld.o
 .debug_aranges
                0x0000000000000e20       0x28 build/obj/board.o
 .debug_aranges
                0x0000000000000e48       0x28 build/obj/stm32_hw.o
 .debug_aranges
                0x0000000000000e70      0x250 build/obj/hal_cc2520.o
 .debug_aranges
                0x00000000000010c0       0xe8 build/obj/hal_rf.o
 .debug_aranges
                0x00000000000011a8       0x38 build/obj/util.o
 .debug_aranges
                0x00000000000011e0       0x38 build/obj/spi_sw.o
 .debug_aranges
                0x0000000000001218       0x80 build/obj/basic_rf.o
 .debug_aranges
                0x0000000000001298       0x20 build/obj/main.o
 .debug_aranges
                0x00000000000012b8       0x38 build/obj/comm_usb_serial.o
 .debug_aranges
                0x00000000000012f0       0x48 build/obj/comm_cc2520.o
 .debug_aranges
                0x0000000000001338       0x30 build/obj/led.o
 .debug_aranges
                0x0000000000001368       0x20 build/obj/ext_cb.o
 .debug_aranges
                0x0000000000001388       0x20 build/obj/crc.o
 .debug_aranges
                0x00000000000013a8       0x48 build/obj/comm_usb.o
 .debug_aranges
                0x00000000000013f0       0x38 build/obj/packet.o

.debug_ranges   0x0000000000000000     0x1f50
 .debug_ranges  0x0000000000000000       0x28 build/obj/crt1.o
 .debug_ranges  0x0000000000000028       0x10 build/obj/vectors.o
 .debug_ranges  0x0000000000000038      0x118 build/obj/chsys.o
 .debug_ranges  0x0000000000000150       0x20 build/obj/chvt.o
 .debug_ranges  0x0000000000000170      0x1a0 build/obj/chschd.o
 .debug_ranges  0x0000000000000310      0x200 build/obj/chthreads.o
 .debug_ranges  0x0000000000000510       0xc0 build/obj/chtm.o
 .debug_ranges  0x00000000000005d0       0x18 build/obj/chregistry.o
 .debug_ranges  0x00000000000005e8      0x188 build/obj/chmtx.o
 .debug_ranges  0x0000000000000770       0xa8 build/obj/chevents.o
 .debug_ranges  0x0000000000000818       0xe0 build/obj/chqueues.o
 .debug_ranges  0x00000000000008f8       0x28 build/obj/chmemcore.o
 .debug_ranges  0x0000000000000920       0x30 build/obj/chheap.o
 .debug_ranges  0x0000000000000950       0x18 build/obj/chcore_v7m.o
 .debug_ranges  0x0000000000000968       0x10 build/obj/hal.o
 .debug_ranges  0x0000000000000978       0x30 build/obj/st.o
 .debug_ranges  0x00000000000009a8       0x90 build/obj/adc.o
 .debug_ranges  0x0000000000000a38       0xa8 build/obj/can.o
 .debug_ranges  0x0000000000000ae0       0x40 build/obj/ext.o
 .debug_ranges  0x0000000000000b20       0x50 build/obj/i2c.o
 .debug_ranges  0x0000000000000b70       0x60 build/obj/pwm.o
 .debug_ranges  0x0000000000000bd0       0xc0 build/obj/serial_usb.o
 .debug_ranges  0x0000000000000c90       0x88 build/obj/spi.o
 .debug_ranges  0x0000000000000d18      0x158 build/obj/usb.o
 .debug_ranges  0x0000000000000e70       0x28 build/obj/nvic.o
 .debug_ranges  0x0000000000000e98       0xa0 build/obj/stm32_dma.o
 .debug_ranges  0x0000000000000f38       0x38 build/obj/hal_lld.o
 .debug_ranges  0x0000000000000f70       0x18 build/obj/st_lld.o
 .debug_ranges  0x0000000000000f88       0x78 build/obj/adc_lld.o
 .debug_ranges  0x0000000000001000       0x88 build/obj/ext_lld_isr.o
 .debug_ranges  0x0000000000001088       0x30 build/obj/ext_lld.o
 .debug_ranges  0x00000000000010b8       0xc8 build/obj/can_lld.o
 .debug_ranges  0x0000000000001180      0x120 build/obj/pal_lld.o
 .debug_ranges  0x00000000000012a0      0x138 build/obj/i2c_lld.o
 .debug_ranges  0x00000000000013d8      0x358 build/obj/usb_lld.o
 .debug_ranges  0x0000000000001730       0x68 build/obj/spi_lld.o
 .debug_ranges  0x0000000000001798       0x58 build/obj/pwm_lld.o
 .debug_ranges  0x00000000000017f0       0x18 build/obj/board.o
 .debug_ranges  0x0000000000001808       0x50 build/obj/stm32_hw.o
 .debug_ranges  0x0000000000001858      0x240 build/obj/hal_cc2520.o
 .debug_ranges  0x0000000000001a98      0x168 build/obj/hal_rf.o
 .debug_ranges  0x0000000000001c00       0x28 build/obj/util.o
 .debug_ranges  0x0000000000001c28       0x40 build/obj/spi_sw.o
 .debug_ranges  0x0000000000001c68       0xd0 build/obj/basic_rf.o
 .debug_ranges  0x0000000000001d38       0x10 build/obj/main.o