Archive member included because of file (symbol)

/usr/bin/../lib/gcc/arm-none-eabi/4.9.3/../../../../arm-none-eabi/lib/armv7e-m/fpu/libm.a(lib_a-sf_atan.o)
                              build/obj/MahonyAHRS.o (atanf)
/usr/bin/../lib/gcc/arm-none-eabi/4.9.3/../../../../arm-none-eabi/lib/armv7e-m/fpu/libm.a(lib_a-sf_cos.o)
                              build/obj/MahonyAHRS.o (cosf)
/usr/bin/../lib/gcc/arm-none-eabi/4.9.3/../../../../arm-none-eabi/lib/armv7e-m/fpu/libm.a(lib_a-sf_fabs.o)
                              /usr/bin/../lib/gcc/arm-none-eabi/4.9.3/../../../../arm-none-eabi/lib/armv7e-m/fpu/libm.a(lib_a-sf_atan.o) (fabsf)
/usr/bin/../lib/gcc/arm-none-eabi/4.9.3/../../../../arm-none-eabi/lib/armv7e-m/fpu/libm.a(lib_a-sf_sin.o)
                              build/obj/MahonyAHRS.o (sinf)
/usr/bin/../lib/gcc/arm-none-eabi/4.9.3/../../../../arm-none-eabi/lib/armv7e-m/fpu/libm.a(lib_a-wf_atan2.o)
                              build/obj/MahonyAHRS.o (atan2f)
/usr/bin/../lib/gcc/arm-none-eabi/4.9.3/../../../../arm-none-eabi/lib/armv7e-m/fpu/libm.a(lib_a-wf_fmod.o)
                              build/obj/utils.o (fmodf)
/usr/bin/../lib/gcc/arm-none-eabi/4.9.3/../../../../arm-none-eabi/lib/armv7e-m/fpu/libm.a(lib_a-wf_sqrt.o)
                              build/obj/utils.o (sqrtf)
/usr/bin/../lib/gcc/arm-none-eabi/4.9.3/../../../../arm-none-eabi/lib/armv7e-m/fpu/libm.a(lib_a-ef_atan2.o)
                              /usr/bin/../lib/gcc/arm-none-eabi/4.9.3/../../../../arm-none-eabi/lib/armv7e-m/fpu/libm.a(lib_a-wf_atan2.o) (__ieee754_atan2f)
/usr/bin/../lib/gcc/arm-none-eabi/4.9.3/../../../../arm-none-eabi/lib/armv7e-m/fpu/libm.a(lib_a-ef_fmod.o)
                              /usr/bin/../lib/gcc/arm-none-eabi/4.9.3/../../../../arm-none-eabi/lib/armv7e-m/fpu/libm.a(lib_a-wf_fmod.o) (__ieee754_fmodf)
/usr/bin/../lib/gcc/arm-none-eabi/4.9.3/../../../../arm-none-eabi/lib/armv7e-m/fpu/libm.a(lib_a-ef_rem_pio2.o)
                              /usr/bin/../lib/gcc/arm-none-eabi/4.9.3/../../../../arm-none-eabi/lib/armv7e-m/fpu/libm.a(lib_a-sf_cos.o) (__ieee754_rem_pio2f)
/usr/bin/../lib/gcc/arm-none-eabi/4.9.3/../../../../arm-none-eabi/lib/armv7e-m/fpu/libm.a(lib_a-ef_sqrt.o)
                              /usr/bin/../lib/gcc/arm-none-eabi/4.9.3/../../../../arm-none-eabi/lib/armv7e-m/fpu/libm.a(lib_a-wf_sqrt.o) (__ieee754_sqrtf)
/usr/bin/../lib/gcc/arm-none-eabi/4.9.3/../../../../arm-none-eabi/lib/armv7e-m/fpu/libm.a(lib_a-kf_cos.o)
                              /usr/bin/../lib/gcc/arm-none-eabi/4.9.3/../../../../arm-none-eabi/lib/armv7e-m/fpu/libm.a(lib_a-sf_cos.o) (__kernel_cosf)
/usr/bin/../lib/gcc/arm-none-eabi/4.9.3/../../../../arm-none-eabi/lib/armv7e-m/fpu/libm.a(lib_a-kf_rem_pio2.o)
                              /usr/bin/../lib/gcc/arm-none-eabi/4.9.3/../../../../arm-none-eabi/lib/armv7e-m/fpu/libm.a(lib_a-ef_rem_pio2.o) (__kernel_rem_pio2f)
/usr/bin/../lib/gcc/arm-none-eabi/4.9.3/../../../../arm-none-eabi/lib/armv7e-m/fpu/libm.a(lib_a-kf_sin.o)
                              /usr/bin/../lib/gcc/arm-none-eabi/4.9.3/../../../../arm-none-eabi/lib/armv7e-m/fpu/libm.a(lib_a-sf_cos.o) (__kernel_sinf)
/usr/bin/../lib/gcc/arm-none-eabi/4.9.3/../../../../arm-none-eabi/lib/armv7e-m/fpu/libm.a(lib_a-s_lib_ver.o)
                              /usr/bin/../lib/gcc/arm-none-eabi/4.9.3/../../../../arm-none-eabi/lib/armv7e-m/fpu/libm.a(lib_a-wf_fmod.o) (__fdlib_version)
/usr/bin/../lib/gcc/arm-none-eabi/4.9.3/../../../../arm-none-eabi/lib/armv7e-m/fpu/libm.a(lib_a-s_matherr.o)
                              /usr/bin/../lib/gcc/arm-none-eabi/4.9.3/../../../../arm-none-eabi/lib/armv7e-m/fpu/libm.a(lib_a-wf_fmod.o) (matherr)
/usr/bin/../lib/gcc/arm-none-eabi/4.9.3/../../../../arm-none-eabi/lib/armv7e-m/fpu/libm.a(lib_a-sf_floor.o)
                              /usr/bin/../lib/gcc/arm-none-eabi/4.9.3/../../../../arm-none-eabi/lib/armv7e-m/fpu/libm.a(lib_a-kf_rem_pio2.o) (floorf)
/usr/bin/../lib/gcc/arm-none-eabi/4.9.3/../../../../arm-none-eabi/lib/armv7e-m/fpu/libm.a(lib_a-sf_fpclassify.o)
                              /usr/bin/../lib/gcc/arm-none-eabi/4.9.3/../../../../arm-none-eabi/lib/armv7e-m/fpu/libm.a(lib_a-wf_fmod.o) (__fpclassifyf)
/usr/bin/../lib/gcc/arm-none-eabi/4.9.3/../../../../arm-none-eabi/lib/armv7e-m/fpu/libm.a(lib_a-sf_scalbn.o)
                              /usr/bin/../lib/gcc/arm-none-eabi/4.9.3/../../../../arm-none-eabi/lib/armv7e-m/fpu/libm.a(lib_a-kf_rem_pio2.o) (scalbnf)
/usr/bin/../lib/gcc/arm-none-eabi/4.9.3/../../../../arm-none-eabi/lib/armv7e-m/fpu/libm.a(lib_a-sf_copysign.o)
                              /usr/bin/../lib/gcc/arm-none-eabi/4.9.3/../../../../arm-none-eabi/lib/armv7e-m/fpu/libm.a(lib_a-sf_scalbn.o) (copysignf)
/usr/bin/../lib/gcc/arm-none-eabi/4.9.3/armv7e-m/fpu/libgcc.a(_arm_addsubdf3.o)
                              build/obj/chprintf.o (__aeabi_dsub)
/usr/bin/../lib/gcc/arm-none-eabi/4.9.3/armv7e-m/fpu/libgcc.a(_arm_muldivdf3.o)
[...]
Memory Configuration

Name             Origin             Length             Attributes
flash            0x0000000008000000 0x0000000000004000
flash2           0x000000000800c000 0x00000000000e0000
ram0             0x0000000020000000 0x0000000000020000
ram1             0x0000000020000000 0x000000000001c000
ram2             0x000000002001c000 0x0000000000004000
ram3             0x0000000000000000 0x0000000000000000
ram4             0x0000000010000000 0x0000000000010000
ram5             0x0000000040024000 0x0000000000001000
ram6             0x0000000000000000 0x0000000000000000
ram7             0x0000000000000000 0x0000000000000000
*default*        0x0000000000000000 0xffffffffffffffff

Linker script and memory map

LOAD build/obj/crt0_v7m.o
LOAD build/obj/chcoreasm_v7m.o
LOAD build/obj/crt1.o
LOAD build/obj/vectors.o
LOAD build/obj/chsys.o
LOAD build/obj/chdebug.o
LOAD build/obj/chvt.o
LOAD build/obj/chschd.o
LOAD build/obj/chthreads.o
LOAD build/obj/chtm.o
LOAD build/obj/chdynamic.o
LOAD build/obj/chregistry.o
LOAD build/obj/chsem.o
LOAD build/obj/chmtx.o
LOAD build/obj/chcond.o
LOAD build/obj/chevents.o
LOAD build/obj/chmsg.o
LOAD build/obj/chmboxes.o
LOAD build/obj/chqueues.o
LOAD build/obj/chmemcore.o
LOAD build/obj/chheap.o
LOAD build/obj/chmempools.o
LOAD build/obj/chcore.o
LOAD build/obj/chcore_v7m.o
LOAD build/obj/osal.o
LOAD build/obj/hal.o
LOAD build/obj/st.o
LOAD build/obj/hal_queues.o
LOAD build/obj/hal_mmcsd.o
LOAD build/obj/adc.o
LOAD build/obj/can.o
LOAD build/obj/ext.o
LOAD build/obj/i2c.o
LOAD build/obj/pal.o
LOAD build/obj/pwm.o
LOAD build/obj/serial_usb.o
LOAD build/obj/spi.o
LOAD build/obj/usb.o
LOAD build/obj/nvic.o
LOAD build/obj/stm32_dma.o
LOAD build/obj/hal_lld.o
LOAD build/obj/st_lld.o
LOAD build/obj/adc_lld.o
LOAD build/obj/ext_lld_isr.o
LOAD build/obj/ext_lld.o
LOAD build/obj/can_lld.o
LOAD build/obj/pal_lld.o
LOAD build/obj/i2c_lld.o
LOAD build/obj/usb_lld.o
LOAD build/obj/spi_lld.o
LOAD build/obj/pwm_lld.o
LOAD build/obj/board.o
LOAD build/obj/chprintf.o
LOAD build/obj/syscalls.o
LOAD build/obj/stm32_hw.o
LOAD build/obj/hal_cc2520.o
LOAD build/obj/hal_rf_security.o
LOAD build/obj/hal_rf_util.o
LOAD build/obj/hal_rf.o
LOAD build/obj/util.o
LOAD build/obj/basic_rf.o
LOAD build/obj/basic_rf_security.o
LOAD build/obj/main.o
LOAD build/obj/comm_usb_serial.o
LOAD build/obj/utils.o
LOAD build/obj/comm_cc2520.o
LOAD build/obj/mpu9150.o
LOAD build/obj/led.o
LOAD build/obj/buffer.o
LOAD build/obj/MahonyAHRS.o
LOAD build/obj/ext_cb.o
LOAD build/obj/crc.o
LOAD build/obj/adconv.o
LOAD build/obj/comm_usb.o
LOAD build/obj/packet.o
LOAD build/obj/commands.o
LOAD build/obj/conf_general.o
LOAD build/obj/misc.o
LOAD build/obj/stm32f4xx_adc.o
LOAD build/obj/stm32f4xx_dma.o
LOAD build/obj/stm32f4xx_exti.o
LOAD build/obj/stm32f4xx_flash.o
LOAD build/obj/stm32f4xx_rcc.o
LOAD build/obj/stm32f4xx_rng.o
LOAD build/obj/stm32f4xx_syscfg.o
LOAD build/obj/stm32f4xx_tim.o
LOAD build/obj/stm32f4xx_wwdg.o
                0x0000000020000000                __ram0_start__ = ORIGIN (ram0)
                0x0000000000020000                __ram0_size__ = 0x20000
                0x0000000020020000                __ram0_end__ = (__ram0_start__ + __ram0_size__)
                0x0000000020000000                __ram1_start__ = ORIGIN (ram1)
                0x000000000001c000                __ram1_size__ = 0x1c000
                0x000000002001c000                __ram1_end__ = (__ram1_start__ + __ram1_size__)
                0x000000002001c000                __ram2_start__ = ORIGIN (ram2)
                0x0000000000004000                __ram2_size__ = 0x4000
                0x0000000020020000                __ram2_end__ = (__ram2_start__ + __ram2_size__)
                0x0000000000000000                __ram3_start__ = ORIGIN (ram3)
                0x0000000000000000                __ram3_size__ = 0x0
                0x0000000000000000                __ram3_end__ = (__ram3_start__ + __ram3_size__)
                0x0000000010000000                __ram4_start__ = ORIGIN (ram4)
                0x0000000000010000                __ram4_size__ = 0x10000
                0x0000000010010000                __ram4_end__ = (__ram4_start__ + __ram4_size__)
                0x0000000040024000                __ram5_start__ = ORIGIN (ram5)
                0x0000000000001000                __ram5_size__ = 0x1000
                0x0000000040025000                __ram5_end__ = (__ram5_start__ + __ram5_size__)
                0x0000000000000000                __ram6_start__ = ORIGIN (ram6)
                0x0000000000000000                __ram6_size__ = 0x0
                0x0000000000000000                __ram6_end__ = (__ram6_start__ + __ram6_size__)
                0x0000000000000000                __ram7_start__ = ORIGIN (ram7)
                0x0000000000000000                __ram7_size__ = 0x0
                0x0000000000000000                __ram7_end__ = (__ram7_start__ + __ram7_size__)
                0x0000000000000000                . = 0x0
                0x0000000000000000                _text = .

startup         0x0000000008000000      0x1c0
 *(.vectors)
 .vectors       0x0000000008000000      0x1c0 build/obj/vectors.o
                0x0000000008000000                _vectors

constructors    0x000000000800c000        0x0
                0x000000000800c000                PROVIDE (__init_array_start, .)
 *(SORT(.init_array.*))
 *(.init_array)
                0x000000000800c000                PROVIDE (__init_array_end, .)

destructors     0x000000000800c000        0x0
                0x000000000800c000                PROVIDE (__fini_array_start, .)
 *(.fini_array)
 *(SORT(.fini_array.*))
                0x000000000800c000                PROVIDE (__fini_array_end, .)

.text           0x000000000800c000     0xb148
 *(.text)
 .text          0x000000000800c000      0x108 build/obj/crt0_v7m.o
                0x000000000800c000                Reset_Handler
 *fill*         0x000000000800c108        0x8 
 .text          0x000000000800c110       0x3a build/obj/chcoreasm_v7m.o
                0x000000000800c110                _port_switch
                0x000000000800c128                _port_thread_start
                0x000000000800c134                _port_switch_from_isr
                0x000000000800c138                _port_exit_from_isr
 *fill*         0x000000000800c14a        0x6 
 .text          0x000000000800c150      0x370 /usr/bin/../lib/gcc/arm-none-eabi/4.9.3/armv7e-m/fpu/libgcc.a(_arm_addsubdf3.o)
                0x000000000800c150                __aeabi_drsub
                0x000000000800c158                __aeabi_dsub
                0x000000000800c158                __subdf3
                0x000000000800c15c                __adddf3
                0x000000000800c15c                __aeabi_dadd
                0x000000000800c3d4                __aeabi_ui2d
                0x000000000800c3d4                __floatunsidf
                0x000000000800c3f4                __floatsidf
                0x000000000800c3f4                __aeabi_i2d
                0x000000000800c418                __extendsfdf2
                0x000000000800c418                __aeabi_f2d
                0x000000000800c454                __aeabi_ul2d
                0x000000000800c454                __floatundidf
                0x000000000800c464                __floatdidf
                0x000000000800c464                __aeabi_l2d
 .text          0x000000000800c4c0      0x424 /usr/bin/../lib/gcc/arm-none-eabi/4.9.3/armv7e-m/fpu/libgcc.a(_arm_muldivdf3.o)
                0x000000000800c4c0                __aeabi_dmul
                0x000000000800c4c0                __muldf3
                0x000000000800c714                __aeabi_ddiv
                0x000000000800c714                __divdf3
 *fill*         0x000000000800c8e4        0xc 
 .text          0x000000000800c8f0       0x50 /usr/bin/../lib/gcc/arm-none-eabi/4.9.3/armv7e-m/fpu/libgcc.a(_arm_fixdfsi.o)
                0x000000000800c8f0                __fixdfsi
                0x000000000800c8f0                __aeabi_d2iz
 .text          0x000000000800c940      0x134 /usr/bin/../lib/gcc/arm-none-eabi/4.9.3/../../../../arm-none-eabi/lib/armv7e-m/fpu/libg.a(lib_a-memcpy.o)
                0x000000000800c940                memcpy
 *fill*         0x000000000800ca74        0xc 
 .text          0x000000000800ca80      0x110 /usr/bin/../lib/gcc/arm-none-eabi/4.9.3/armv7e-m/fpu/libgcc.a(_arm_cmpdf2.o)
                0x000000000800ca80                __gtdf2
                0x000000000800ca80                __gedf2
                0x000000000800ca88                __ltdf2
                0x000000000800ca88                __ledf2
                0x000000000800ca90                __cmpdf2
                0x000000000800ca90                __eqdf2
                0x000000000800ca90                __nedf2
                0x000000000800cb0c                __aeabi_cdrcmple
                0x000000000800cb1c                __aeabi_cdcmple
                0x000000000800cb1c                __aeabi_cdcmpeq
                0x000000000800cb2c                __aeabi_dcmpeq
                0x000000000800cb40                __aeabi_dcmplt
                0x000000000800cb54                __aeabi_dcmple
                0x000000000800cb68                __aeabi_dcmpge
                0x000000000800cb7c                __aeabi_dcmpgt
 .text          0x000000000800cb90       0x30 /usr/bin/../lib/gcc/arm-none-eabi/4.9.3/armv7e-m/fpu/libgcc.a(_aeabi_uldivmod.o)
                0x000000000800cb90                __aeabi_uldivmod
 .text          0x000000000800cbc0       0x60 /usr/bin/../lib/gcc/arm-none-eabi/4.9.3/armv7e-m/fpu/libgcc.a(bpabi.o)
                0x000000000800cbc0                __gnu_ldivmod_helper
                0x000000000800cbf0                __gnu_uldivmod_helper
 .text          0x000000000800cc20        0x4 /usr/bin/../lib/gcc/arm-none-eabi/4.9.3/armv7e-m/fpu/libgcc.a(_dvmd_tls.o)
                0x000000000800cc20                __aeabi_ldiv0
                0x000000000800cc20                __aeabi_idiv0
 *fill*         0x000000000800cc24        0xc 
 .text          0x000000000800cc30      0x29c /usr/bin/../lib/gcc/arm-none-eabi/4.9.3/armv7e-m/fpu/libgcc.a(_divdi3.o)
                0x000000000800cc30                __divdi3
 *fill*         0x000000000800cecc        0x4 
 .text          0x000000000800ced0      0x26c /usr/bin/../lib/gcc/arm-none-eabi/4.9.3/armv7e-m/fpu/libgcc.a(_udivdi3.o)
                0x000000000800ced0                __udivdi3
 *(.text.*)
 *fill*         0x000000000800d13c        0x4 
 .text.__core_init
                0x000000000800d140        0x4 build/obj/crt1.o
                0x000000000800d140                __core_init
 *fill*         0x000000000800d144        0xc 
 .text.__late_init
                0x000000000800d150        0x4 build/obj/crt1.o
                0x000000000800d150                __late_init
 *fill*         0x000000000800d154        0xc 
 .text.__default_exit
                0x000000000800d160        0x4 build/obj/crt1.o
                0x000000000800d160                __default_exit
 *fill*         0x000000000800d164        0xc 
 .text._unhandled_exception
                0x000000000800d170        0x4 build/obj/vectors.o
                0x000000000800d170                VectorAC
                0x000000000800d170                DebugMon_Handler
                0x000000000800d170                Vector1A0
                0x000000000800d170                Vector11C
                0x000000000800d170                HardFault_Handler
                0x000000000800d170                Vector1B8
                0x000000000800d170                Vector19C
                0x000000000800d170                VectorDC
                0x000000000800d170                Vector168
                0x000000000800d170                NMI_Handler
                0x000000000800d170                Vector110
                0x000000000800d170                VectorA8
                0x000000000800d170                Vector160
                0x000000000800d170                Vector1B0
                0x000000000800d170                UsageFault_Handler
                0x000000000800d170                VectorEC
                0x000000000800d170                Vector40
                0x000000000800d170                VectorF8
                0x000000000800d170                Vector108
                0x000000000800d170                Vector190
                0x000000000800d170                Vector148
                0x000000000800d170                Vector188
                0x000000000800d170                Vector198
                0x000000000800d170                Vector118
                0x000000000800d170                VectorCC
                0x000000000800d170                Vector54
                0x000000000800d170                VectorD8
                0x000000000800d170                Vector24
                0x000000000800d170                Vector1AC
                0x000000000800d170                Vector178
                0x000000000800d170                Vector1A4
                0x000000000800d170                VectorD0
                0x000000000800d170                Vector1B4
                0x000000000800d170                Vector140
                0x000000000800d170                Vector134
                0x000000000800d170                VectorF0
                0x000000000800d170                Vector13C
                0x000000000800d170                Vector100
                0x000000000800d170                VectorF4
                0x000000000800d170                MemManage_Handler
                0x000000000800d170                VectorA0
                0x000000000800d170                SVC_Handler
                0x000000000800d170                Vector180
                0x000000000800d170                VectorB0
                0x000000000800d170                Vector114
                0x000000000800d170                Vector164
                0x000000000800d170                Vector1C
                0x000000000800d170                Vector1BC
                0x000000000800d170                Vector17C
                0x000000000800d170                Vector1A8
                0x000000000800d170                Vector16C
                0x000000000800d170                VectorD4
                0x000000000800d170                Vector144
                0x000000000800d170                Vector15C
                0x000000000800d170                _unhandled_exception
                0x000000000800d170                Vector104
                0x000000000800d170                Vector184
                0x000000000800d170                Vector10C
                0x000000000800d170                BusFault_Handler
                0x000000000800d170                Vector50
                0x000000000800d170                Vector194
                0x000000000800d170                Vector28
                0x000000000800d170                VectorB8
                0x000000000800d170                Vector34
                0x000000000800d170                VectorA4
                0x000000000800d170                Vector20
                0x000000000800d170                Vector18C
                0x000000000800d170                Vector174
 *fill*         0x000000000800d174        0xc 
 .text._idle_thread
                0x000000000800d180        0x4 build/obj/chsys.o
 *fill*         0x000000000800d184        0xc 
 .text.chSysInit
                0x000000000800d190       0x98 build/obj/chsys.o
                0x000000000800d190                chSysInit
 *fill*         0x000000000800d228        0x8 
 .text.chSysHalt
                0x000000000800d230        0xc build/obj/chsys.o
                0x000000000800d230                chSysHalt
 *fill*         0x000000000800d23c        0x4 
 .text.chSysTimerHandlerI
                0x000000000800d240       0x50 build/obj/chsys.o
                0x000000000800d240                chSysTimerHandlerI
 .text.chSysPolledDelayX
                0x000000000800d290       0x14 build/obj/chsys.o
                0x000000000800d290                chSysPolledDelayX
 *fill*         0x000000000800d2a4        0xc 
 .text._vt_init
                0x000000000800d2b0       0x1c build/obj/chvt.o
                0x000000000800d2b0                _vt_init
 *fill*         0x000000000800d2cc        0x4 
 .text.chVTDoSetI
                0x000000000800d2d0       0x3c build/obj/chvt.o
                0x000000000800d2d0                chVTDoSetI
 *fill*         0x000000000800d30c        0x4 
 .text.chVTDoResetI
                0x000000000800d310       0x28 build/obj/chvt.o
                0x000000000800d310                chVTDoResetI
 *fill*         0x000000000800d338        0x8 
 .text.wakeup   0x000000000800d340       0x5c build/obj/chschd.o
 *fill*         0x000000000800d39c        0x4 
 .text._scheduler_init
                0x000000000800d3a0       0x14 build/obj/chschd.o
                0x000000000800d3a0                _scheduler_init
 *fill*         0x000000000800d3b4        0xc 
 .text.chSchReadyI
                0x000000000800d3c0       0x2c build/obj/chschd.o
                0x000000000800d3c0                chSchReadyI
 *fill*         0x000000000800d3ec        0x4 
 .text.chSchGoSleepS
                0x000000000800d3f0       0x28 build/obj/chschd.o
                0x000000000800d3f0                chSchGoSleepS
 *fill*         0x000000000800d418        0x8 
 .text.chSchGoSleepTimeoutS
                0x000000000800d420       0x44 build/obj/chschd.o
                0x000000000800d420                chSchGoSleepTimeoutS
 *fill*         0x000000000800d464        0xc 
 .text.chSchWakeupS
                0x000000000800d470       0x58 build/obj/chschd.o
                0x000000000800d470                chSchWakeupS
 *fill*         0x000000000800d4c8        0x8 
 .text.chSchIsPreemptionRequired
                0x000000000800d4d0       0x28 build/obj/chschd.o
                0x000000000800d4d0                chSchIsPreemptionRequired
 *fill*         0x000000000800d4f8        0x8 
 .text.chSchDoRescheduleBehind
                0x000000000800d500       0x40 build/obj/chschd.o
                0x000000000800d500                chSchDoRescheduleBehind
 .text.chSchDoRescheduleAhead
                0x000000000800d540       0x3c build/obj/chschd.o
                0x000000000800d540                chSchDoRescheduleAhead
 *fill*         0x000000000800d57c        0x4 
 .text.chSchRescheduleS
                0x000000000800d580       0x18 build/obj/chschd.o
                0x000000000800d580                chSchRescheduleS
 *fill*         0x000000000800d598        0x8 
 .text.chSchDoReschedule
                0x000000000800d5a0       0x14 build/obj/chschd.o
                0x000000000800d5a0                chSchDoReschedule
 *fill*         0x000000000800d5b4        0xc 
 .text._thread_init
                0x000000000800d5c0       0x50 build/obj/chthreads.o
                0x000000000800d5c0                _thread_init
 .text.chThdCreateI
                0x000000000800d610       0x70 build/obj/chthreads.o
                0x000000000800d610                chThdCreateI
 .text.chThdCreateStatic
                0x000000000800d680       0x7c build/obj/chthreads.o
                0x000000000800d680                chThdCreateStatic
 *fill*         0x000000000800d6fc        0x4 
 .text.chThdSleep
                0x000000000800d700       0x10 build/obj/chthreads.o
                0x000000000800d700                chThdSleep
 .text.chThdExitS
                0x000000000800d710       0x40 build/obj/chthreads.o
                0x000000000800d710                chThdExitS
 .text.chThdExit
                0x000000000800d750        0x8 build/obj/chthreads.o
                0x000000000800d750                chThdExit
 *fill*         0x000000000800d758        0x8 
 .text.chThdSuspendS
                0x000000000800d760       0x1c build/obj/chthreads.o
                0x000000000800d760                chThdSuspendS
 *fill*         0x000000000800d77c        0x4 
 .text.chThdSuspendTimeoutS
                0x000000000800d780       0x1c build/obj/chthreads.o
                0x000000000800d780                chThdSuspendTimeoutS
 *fill*         0x000000000800d79c        0x4 
 .text.chThdResumeI
                0x000000000800d7a0       0x14 build/obj/chthreads.o
                0x000000000800d7a0                chThdResumeI
 *fill*         0x000000000800d7b4        0xc 
 .text.chThdEnqueueTimeoutS
                0x000000000800d7c0       0x28 build/obj/chthreads.o
                0x000000000800d7c0                chThdEnqueueTimeoutS
 *fill*         0x000000000800d7e8        0x8 
 .text.chThdDequeueAllI
                0x000000000800d7f0       0x24 build/obj/chthreads.o
                0x000000000800d7f0                chThdDequeueAllI
 *fill*         0x000000000800d814        0xc 
 .text.chTMStartMeasurementX
                0x000000000800d820        0xc build/obj/chtm.o
                0x000000000800d820                chTMStartMeasurementX
 *fill*         0x000000000800d82c        0x4 
 .text.chTMStopMeasurementX
                0x000000000800d830       0x48 build/obj/chtm.o
                0x000000000800d830                chTMStopMeasurementX
 *fill*         0x000000000800d878        0x8 
 .text._tm_init
                0x000000000800d880       0x38 build/obj/chtm.o
                0x000000000800d880                _tm_init
 *fill*         0x000000000800d8b8        0x8 
 .text.chMtxObjectInit
                0x000000000800d8c0        0xc build/obj/chmtx.o
                0x000000000800d8c0                chMtxObjectInit
 *fill*         0x000000000800d8cc        0x4 
 .text.chMtxLockS
                0x000000000800d8d0       0xc8 build/obj/chmtx.o
                0x000000000800d8d0                chMtxLockS
 *fill*         0x000000000800d998        0x8 
 .text.chMtxLock
                0x000000000800d9a0        0xc build/obj/chmtx.o
                0x000000000800d9a0                chMtxLock
 *fill*         0x000000000800d9ac        0x4 
 .text.chMtxUnlock
                0x000000000800d9b0       0x58 build/obj/chmtx.o
                0x000000000800d9b0                chMtxUnlock
 *fill*         0x000000000800da08        0x8 
 .text.chEvtSignalI
                0x000000000800da10       0x2c build/obj/chevents.o
                0x000000000800da10                chEvtSignalI
 *fill*         0x000000000800da3c        0x4 
 .text.chEvtBroadcastFlagsI
                0x000000000800da40       0x2c build/obj/chevents.o
                0x000000000800da40                chEvtBroadcastFlagsI
 *fill*         0x000000000800da6c        0x4 
 .text.chEvtSignal
                0x000000000800da70       0x10 build/obj/chevents.o
                0x000000000800da70                chEvtSignal
 .text.chEvtWaitAny
                0x000000000800da80       0x30 build/obj/chevents.o
                0x000000000800da80                chEvtWaitAny
 .text.chIQObjectInit
                0x000000000800dab0       0x20 build/obj/chqueues.o
                0x000000000800dab0                chIQObjectInit
 .text.chIQResetI
                0x000000000800dad0       0x14 build/obj/chqueues.o
                0x000000000800dad0                chIQResetI
 *fill*         0x000000000800dae4        0xc 
 .text.chIQGetTimeout
                0x000000000800daf0       0x40 build/obj/chqueues.o
                0x000000000800daf0                chIQGetTimeout
 .text.chIQReadTimeout
                0x000000000800db30       0x5c build/obj/chqueues.o
                0x000000000800db30                chIQReadTimeout
 *fill*         0x000000000800db8c        0x4 
 .text.chOQObjectInit
                0x000000000800db90       0x1c build/obj/chqueues.o
                0x000000000800db90                chOQObjectInit
 *fill*         0x000000000800dbac        0x4 
 .text.chOQResetI
                0x000000000800dbb0       0x1c build/obj/chqueues.o
                0x000000000800dbb0                chOQResetI
 *fill*         0x000000000800dbcc        0x4 
 .text.chOQPutTimeout
                0x000000000800dbd0       0x4c build/obj/chqueues.o
                0x000000000800dbd0                chOQPutTimeout
 *fill*         0x000000000800dc1c        0x4 
 .text.chOQWriteTimeout
                0x000000000800dc20       0x70 build/obj/chqueues.o
                0x000000000800dc20                chOQWriteTimeout
 .text._core_init
                0x000000000800dc90       0x28 build/obj/chmemcore.o
                0x000000000800dc90                _core_init
 *fill*         0x000000000800dcb8        0x8 
 .text.chCoreAlloc
                0x000000000800dcc0       0x30 build/obj/chmemcore.o
                0x000000000800dcc0                chCoreAlloc
 .text._heap_init
                0x000000000800dcf0       0x1c build/obj/chheap.o
                0x000000000800dcf0                _heap_init
 *fill*         0x000000000800dd0c        0x4 
 .text.PendSV_Handler
                0x000000000800dd10       0x1c build/obj/chcore_v7m.o
                0x000000000800dd10                PendSV_Handler
 *fill*         0x000000000800dd2c        0x4 
 .text._port_irq_epilogue
                0x000000000800dd30       0x58 build/obj/chcore_v7m.o
                0x000000000800dd30                _port_irq_epilogue
 *fill*         0x000000000800dd88        0x8 
 .text.halInit  0x000000000800dd90       0x3c build/obj/hal.o
                0x000000000800dd90                halInit
 *fill*         0x000000000800ddcc        0x4 
 .text.stInit   0x000000000800ddd0        0x4 build/obj/st.o
                0x000000000800ddd0                stInit
 *fill*         0x000000000800ddd4        0xc 
 .text.adcInit  0x000000000800dde0        0x4 build/obj/adc.o
                0x000000000800dde0                adcInit
 *fill*         0x000000000800dde4        0xc 
 .text.adcObjectInit
                0x000000000800ddf0       0x18 build/obj/adc.o
                0x000000000800ddf0                adcObjectInit
 *fill*         0x000000000800de08        0x8 
 .text.adcStart
                0x000000000800de10       0x14 build/obj/adc.o
                0x000000000800de10                adcStart
 *fill*         0x000000000800de24        0xc 
 .text.adcStartConversion
                0x000000000800de30       0x18 build/obj/adc.o
                0x000000000800de30                adcStartConversion
 *fill*         0x000000000800de48        0x8 
 .text.canInit  0x000000000800de50        0x4 build/obj/can.o
                0x000000000800de50                canInit
 *fill*         0x000000000800de54        0xc 
 .text.canObjectInit
                0x000000000800de60       0x44 build/obj/can.o
                0x000000000800de60                canObjectInit
 *fill*         0x000000000800dea4        0xc 
 .text.extInit  0x000000000800deb0        0x4 build/obj/ext.o
                0x000000000800deb0                extInit
 *fill*         0x000000000800deb4        0xc 
 .text.extObjectInit
                0x000000000800dec0        0xc build/obj/ext.o
                0x000000000800dec0                extObjectInit
 *fill*         0x000000000800decc        0x4 
 .text.extStart
                0x000000000800ded0       0x14 build/obj/ext.o
                0x000000000800ded0                extStart
 *fill*         0x000000000800dee4        0xc 
 .text.extChannelEnable
                0x000000000800def0        0xc build/obj/ext.o
                0x000000000800def0                extChannelEnable
 *fill*         0x000000000800defc        0x4 
 .text.extChannelDisable
                0x000000000800df00        0xc build/obj/ext.o
                0x000000000800df00                extChannelDisable
 *fill*         0x000000000800df0c        0x4 
 .text.i2cInit  0x000000000800df10        0x4 build/obj/i2c.o
                0x000000000800df10                i2cInit
 *fill*         0x000000000800df14        0xc 
 .text.i2cObjectInit
                0x000000000800df20       0x10 build/obj/i2c.o
                0x000000000800df20                i2cObjectInit
 .text.i2cStart
                0x000000000800df30       0x14 build/obj/i2c.o
                0x000000000800df30                i2cStart
 *fill*         0x000000000800df44        0xc 
 .text.i2cMasterTransmitTimeout
                0x000000000800df50       0x34 build/obj/i2c.o
                0x000000000800df50                i2cMasterTransmitTimeout
 *fill*         0x000000000800df84        0xc 
 .text.i2cAcquireBus
                0x000000000800df90        0x8 build/obj/i2c.o
                0x000000000800df90                i2cAcquireBus
 *fill*         0x000000000800df98        0x8 
 .text.i2cReleaseBus
                0x000000000800dfa0        0x8 build/obj/i2c.o
                0x000000000800dfa0                i2cReleaseBus
 *fill*         0x000000000800dfa8        0x8 
 .text.pwmInit  0x000000000800dfb0        0x4 build/obj/pwm.o
                0x000000000800dfb0                pwmInit
 *fill*         0x000000000800dfb4        0xc 
 .text.pwmObjectInit
                0x000000000800dfc0       0x10 build/obj/pwm.o
                0x000000000800dfc0                pwmObjectInit
 .text.onotify  0x000000000800dfd0       0x54 build/obj/serial_usb.o
 *fill*         0x000000000800e024        0xc 
 .text.inotify  0x000000000800e030       0x68 build/obj/serial_usb.o
 *fill*         0x000000000800e098        0x8 
 .text.readt    0x000000000800e0a0        0x8 build/obj/serial_usb.o
 *fill*         0x000000000800e0a8        0x8 
 .text.read     0x000000000800e0b0        0xc build/obj/serial_usb.o
 *fill*         0x000000000800e0bc        0x4 
 .text.writet   0x000000000800e0c0        0x8 build/obj/serial_usb.o
 *fill*         0x000000000800e0c8        0x8 
 .text.write    0x000000000800e0d0        0xc build/obj/serial_usb.o
 *fill*         0x000000000800e0dc        0x4 
 .text.gett     0x000000000800e0e0        0x8 build/obj/serial_usb.o
 *fill*         0x000000000800e0e8        0x8 
 .text.get      0x000000000800e0f0        0xc build/obj/serial_usb.o
 *fill*         0x000000000800e0fc        0x4 
 .text.putt     0x000000000800e100        0x8 build/obj/serial_usb.o
 *fill*         0x000000000800e108        0x8 
 .text.put      0x000000000800e110        0xc build/obj/serial_usb.o
 *fill*         0x000000000800e11c        0x4 
 .text.sduInit  0x000000000800e120        0x4 build/obj/serial_usb.o
                0x000000000800e120                sduInit
 *fill*         0x000000000800e124        0xc 
 .text.sduObjectInit
                0x000000000800e130       0x4c build/obj/serial_usb.o
                0x000000000800e130                sduObjectInit
 *fill*         0x000000000800e17c        0x4 
 .text.sduStart
                0x000000000800e180       0x2c build/obj/serial_usb.o
                0x000000000800e180                sduStart
 *fill*         0x000000000800e1ac        0x4 
 .text.sduConfigureHookI
                0x000000000800e1b0       0x4c build/obj/serial_usb.o
                0x000000000800e1b0                sduConfigureHookI
 *fill*         0x000000000800e1fc        0x4 
 .text.sduRequestsHook
                0x000000000800e200       0x40 build/obj/serial_usb.o
                0x000000000800e200                sduRequestsHook
 .text.sduDataTransmitted
                0x000000000800e240       0x58 build/obj/serial_usb.o
                0x000000000800e240                sduDataTransmitted
 *fill*         0x000000000800e298        0x8 
 .text.sduDataReceived
                0x000000000800e2a0       0x5c build/obj/serial_usb.o
                0x000000000800e2a0                sduDataReceived
 *fill*         0x000000000800e2fc        0x4 
 .text.sduInterruptTransmitted
                0x000000000800e300        0x4 build/obj/serial_usb.o
                0x000000000800e300                sduInterruptTransmitted
 *fill*         0x000000000800e304        0xc 
 .text.spiInit  0x000000000800e310        0x4 build/obj/spi.o
                0x000000000800e310                spiInit
 *fill*         0x000000000800e314        0xc 
 .text.spiObjectInit
                0x000000000800e320       0x10 build/obj/spi.o
                0x000000000800e320                spiObjectInit
 .text.spiStart
                0x000000000800e330       0x14 build/obj/spi.o
                0x000000000800e330                spiStart
 *fill*         0x000000000800e344        0xc 
 .text.spiSelect
                0x000000000800e350        0xc build/obj/spi.o
                0x000000000800e350                spiSelect
 *fill*         0x000000000800e35c        0x4 
 .text.spiUnselect
                0x000000000800e360        0xc build/obj/spi.o
                0x000000000800e360                spiUnselect
 *fill*         0x000000000800e36c        0x4 
 .text.spiExchange
                0x000000000800e370       0x1c build/obj/spi.o
                0x000000000800e370                spiExchange
 *fill*         0x000000000800e38c        0x4 
 .text.spiSend  0x000000000800e390       0x1c build/obj/spi.o
                0x000000000800e390                spiSend
 *fill*         0x000000000800e3ac        0x4 
 .text.spiReceive
                0x000000000800e3b0       0x1c build/obj/spi.o
                0x000000000800e3b0                spiReceive
 *fill*         0x000000000800e3cc        0x4 
 .text.usbInit  0x000000000800e3d0        0x4 build/obj/usb.o
                0x000000000800e3d0                usbInit
 *fill*         0x000000000800e3d4        0xc 
 .text.usbObjectInit
                0x000000000800e3e0       0x1c build/obj/usb.o
                0x000000000800e3e0                usbObjectInit
 *fill*         0x000000000800e3fc        0x4 
 .text.usbStart
                0x000000000800e400       0x20 build/obj/usb.o
                0x000000000800e400                usbStart
 .text.usbInitEndpointI
                0x000000000800e420       0x34 build/obj/usb.o
                0x000000000800e420                usbInitEndpointI
 *fill*         0x000000000800e454        0xc 
 .text.usbPrepareQueuedReceive
                0x000000000800e460       0x1c build/obj/usb.o
                0x000000000800e460                usbPrepareQueuedReceive
 *fill*         0x000000000800e47c        0x4 
 .text.usbPrepareQueuedTransmit
                0x000000000800e480       0x1c build/obj/usb.o
                0x000000000800e480                usbPrepareQueuedTransmit
 *fill*         0x000000000800e49c        0x4 
 .text.usbStartReceiveI
                0x000000000800e4a0       0x24 build/obj/usb.o
                0x000000000800e4a0                usbStartReceiveI
 *fill*         0x000000000800e4c4        0xc 
 .text.usbStartTransmitI
                0x000000000800e4d0       0x24 build/obj/usb.o
                0x000000000800e4d0                usbStartTransmitI
 *fill*         0x000000000800e4f4        0xc 
 .text._usb_reset
                0x000000000800e500       0x28 build/obj/usb.o
                0x000000000800e500                _usb_reset
 *fill*         0x000000000800e528        0x8 
 .text._usb_ep0setup
                0x000000000800e530      0x330 build/obj/usb.o
                0x000000000800e530                _usb_ep0setup
 .text._usb_ep0in
                0x000000000800e860       0xb8 build/obj/usb.o
                0x000000000800e860                _usb_ep0in
 *fill*         0x000000000800e918        0x8 
 .text._usb_ep0out
                0x000000000800e920       0x84 build/obj/usb.o
                0x000000000800e920                _usb_ep0out
 *fill*         0x000000000800e9a4        0xc 
 .text.nvicEnableVector
                0x000000000800e9b0       0x34 build/obj/nvic.o
                0x000000000800e9b0                nvicEnableVector
 *fill*         0x000000000800e9e4        0xc 
 .text.nvicSetSystemHandlerPriority
                0x000000000800e9f0       0x10 build/obj/nvic.o
                0x000000000800e9f0                nvicSetSystemHandlerPriority
 .text.Vector6C
                0x000000000800ea00       0x28 build/obj/stm32_dma.o
                0x000000000800ea00                Vector6C
 *fill*         0x000000000800ea28        0x8 
 .text.Vector70
                0x000000000800ea30       0x2c build/obj/stm32_dma.o
                0x000000000800ea30                Vector70
 *fill*         0x000000000800ea5c        0x4 
 .text.Vector74
                0x000000000800ea60       0x2c build/obj/stm32_dma.o
                0x000000000800ea60                Vector74
 *fill*         0x000000000800ea8c        0x4 
 .text.Vector78
                0x000000000800ea90       0x2c build/obj/stm32_dma.o
                0x000000000800ea90                Vector78
 *fill*         0x000000000800eabc        0x4 
 .text.Vector7C
                0x000000000800eac0       0x28 build/obj/stm32_dma.o
                0x000000000800eac0                Vector7C
 *fill*         0x000000000800eae8        0x8 
 .text.Vector80
                0x000000000800eaf0       0x2c build/obj/stm32_dma.o
                0x000000000800eaf0                Vector80
 *fill*         0x000000000800eb1c        0x4 
 .text.Vector84
                0x000000000800eb20       0x2c build/obj/stm32_dma.o
                0x000000000800eb20                Vector84
 *fill*         0x000000000800eb4c        0x4 
 .text.VectorFC
                0x000000000800eb50       0x2c build/obj/stm32_dma.o
                0x000000000800eb50                VectorFC
 *fill*         0x000000000800eb7c        0x4 
 .text.Vector120
                0x000000000800eb80       0x28 build/obj/stm32_dma.o
                0x000000000800eb80                Vector120
 *fill*         0x000000000800eba8        0x8 
 .text.Vector124
                0x000000000800ebb0       0x2c build/obj/stm32_dma.o
                0x000000000800ebb0                Vector124
 *fill*         0x000000000800ebdc        0x4 
 .text.Vector128
                0x000000000800ebe0       0x2c build/obj/stm32_dma.o
                0x000000000800ebe0                Vector128
 *fill*         0x000000000800ec0c        0x4 
 .text.Vector12C
                0x000000000800ec10       0x2c build/obj/stm32_dma.o
                0x000000000800ec10                Vector12C
 *fill*         0x000000000800ec3c        0x4 
 .text.Vector130
                0x000000000800ec40       0x28 build/obj/stm32_dma.o
                0x000000000800ec40                Vector130
 *fill*         0x000000000800ec68        0x8 
 .text.Vector150
                0x000000000800ec70       0x2c build/obj/stm32_dma.o
                0x000000000800ec70                Vector150
 *fill*         0x000000000800ec9c        0x4 
 .text.Vector154
                0x000000000800eca0       0x2c build/obj/stm32_dma.o
                0x000000000800eca0                Vector154
 *fill*         0x000000000800eccc        0x4 
 .text.Vector158
                0x000000000800ecd0       0x2c build/obj/stm32_dma.o
                0x000000000800ecd0                Vector158
 *fill*         0x000000000800ecfc        0x4 
 .text.dmaInit  0x000000000800ed00       0x4c build/obj/stm32_dma.o
                0x000000000800ed00                dmaInit
 *fill*         0x000000000800ed4c        0x4 
 .text.dmaStreamAllocate
                0x000000000800ed50       0x8c build/obj/stm32_dma.o
                0x000000000800ed50                dmaStreamAllocate
 *fill*         0x000000000800eddc        0x4 
 .text.hal_lld_init
                0x000000000800ede0       0x68 build/obj/hal_lld.o
                0x000000000800ede0                hal_lld_init
 *fill*         0x000000000800ee48        0x8 
 .text.stm32_clock_init
                0x000000000800ee50       0xc8 build/obj/hal_lld.o
                0x000000000800ee50                stm32_clock_init
 *fill*         0x000000000800ef18        0x8 
 .text.SysTick_Handler
                0x000000000800ef20       0x14 build/obj/st_lld.o
                0x000000000800ef20                SysTick_Handler
 *fill*         0x000000000800ef34        0xc 
 .text.st_lld_init
                0x000000000800ef40       0x1c build/obj/st_lld.o
                0x000000000800ef40                st_lld_init
 *fill*         0x000000000800ef5c        0x4 
 .text.adc_lld_init
                0x000000000800ef60       0x34 build/obj/adc_lld.o
                0x000000000800ef60                adc_lld_init
 *fill*         0x000000000800ef94        0xc 
 .text.adc_lld_start
                0x000000000800efa0       0x64 build/obj/adc_lld.o
                0x000000000800efa0                adc_lld_start
 *fill*         0x000000000800f004        0xc 
 .text.adc_lld_start_conversion
                0x000000000800f010       0x9c build/obj/adc_lld.o
                0x000000000800f010                adc_lld_start_conversion
 *fill*         0x000000000800f0ac        0x4 
 .text.adc_lld_stop_conversion
                0x000000000800f0b0       0x30 build/obj/adc_lld.o
                0x000000000800f0b0                adc_lld_stop_conversion
 .text.Vector88
                0x000000000800f0e0       0x68 build/obj/adc_lld.o
                0x000000000800f0e0                Vector88
 *fill*         0x000000000800f148        0x8 
 .text.adc_lld_serve_rx_interrupt
                0x000000000800f150       0xc4 build/obj/adc_lld.o
 *fill*         0x000000000800f214        0xc 
 .text.adcSTM32EnableTSVREFE
                0x000000000800f220       0x10 build/obj/adc_lld.o
                0x000000000800f220                adcSTM32EnableTSVREFE
 .text.Vector58
                0x000000000800f230       0x24 build/obj/ext_lld_isr.o
                0x000000000800f230                Vector58
 *fill*         0x000000000800f254        0xc 
 .text.Vector5C
                0x000000000800f260       0x24 build/obj/ext_lld_isr.o
                0x000000000800f260                Vector5C
 *fill*         0x000000000800f284        0xc 
 .text.Vector60
                0x000000000800f290       0x24 build/obj/ext_lld_isr.o
                0x000000000800f290                Vector60
 *fill*         0x000000000800f2b4        0xc 
 .text.Vector64
                0x000000000800f2c0       0x24 build/obj/ext_lld_isr.o
                0x000000000800f2c0                Vector64
 *fill*         0x000000000800f2e4        0xc 
 .text.Vector68
                0x000000000800f2f0       0x24 build/obj/ext_lld_isr.o
                0x000000000800f2f0                Vector68
 *fill*         0x000000000800f314        0xc 
 .text.Vector9C
                0x000000000800f320       0x6c build/obj/ext_lld_isr.o
                0x000000000800f320                Vector9C
 *fill*         0x000000000800f38c        0x4 
 .text.VectorE0
                0x000000000800f390       0x7c build/obj/ext_lld_isr.o
                0x000000000800f390                VectorE0
 *fill*         0x000000000800f40c        0x4 
 .text.Vector44
                0x000000000800f410       0x28 build/obj/ext_lld_isr.o
                0x000000000800f410                Vector44
 *fill*         0x000000000800f438        0x8 
 .text.VectorE4
                0x000000000800f440       0x28 build/obj/ext_lld_isr.o
                0x000000000800f440                VectorE4
 *fill*         0x000000000800f468        0x8 
 .text.VectorE8
                0x000000000800f470       0x28 build/obj/ext_lld_isr.o
                0x000000000800f470                VectorE8
 *fill*         0x000000000800f498        0x8 
 .text.Vector138
                0x000000000800f4a0       0x28 build/obj/ext_lld_isr.o
                0x000000000800f4a0                Vector138
 *fill*         0x000000000800f4c8        0x8 
 .text.Vector170
                0x000000000800f4d0       0x28 build/obj/ext_lld_isr.o
                0x000000000800f4d0                Vector170
 *fill*         0x000000000800f4f8        0x8 
 .text.Vector48
                0x000000000800f500       0x28 build/obj/ext_lld_isr.o
                0x000000000800f500                Vector48
 *fill*         0x000000000800f528        0x8 
 .text.Vector4C
                0x000000000800f530       0x28 build/obj/ext_lld_isr.o
                0x000000000800f530                Vector4C
 *fill*         0x000000000800f558        0x8 
 .text.ext_lld_exti_irq_enable
                0x000000000800f560       0x78 build/obj/ext_lld_isr.o
                0x000000000800f560                ext_lld_exti_irq_enable
 *fill*         0x000000000800f5d8        0x8 
 .text.ext_lld_init
                0x000000000800f5e0        0xc build/obj/ext_lld.o
                0x000000000800f5e0                ext_lld_init
 *fill*         0x000000000800f5ec        0x4 
 .text.ext_lld_channel_enable
                0x000000000800f5f0       0xa0 build/obj/ext_lld.o
                0x000000000800f5f0                ext_lld_channel_enable
 .text.ext_lld_channel_disable
                0x000000000800f690       0x28 build/obj/ext_lld.o
                0x000000000800f690                ext_lld_channel_disable
 *fill*         0x000000000800f6b8        0x8 
 .text.ext_lld_start
                0x000000000800f6c0       0x40 build/obj/ext_lld.o
                0x000000000800f6c0                ext_lld_start
 .text.can_lld_set_filters
                0x000000000800f700      0x118 build/obj/can_lld.o
 *fill*         0x000000000800f818        0x8 
 .text.Vector8C
                0x000000000800f820       0x34 build/obj/can_lld.o
                0x000000000800f820                Vector8C
 *fill*         0x000000000800f854        0xc 
 .text.Vector90
                0x000000000800f860       0x54 build/obj/can_lld.o
                0x000000000800f860                Vector90
 *fill*         0x000000000800f8b4        0xc 
 .text.Vector94
                0x000000000800f8c0       0x54 build/obj/can_lld.o
                0x000000000800f8c0                Vector94
 *fill*         0x000000000800f914        0xc 
 .text.Vector98
                0x000000000800f920       0x68 build/obj/can_lld.o
                0x000000000800f920                Vector98
 *fill*         0x000000000800f988        0x8 
 .text.can_lld_init
                0x000000000800f990       0x24 build/obj/can_lld.o
                0x000000000800f990                can_lld_init
 *fill*         0x000000000800f9b4        0xc 
 .text._pal_lld_init
                0x000000000800f9c0      0x1cc build/obj/pal_lld.o
                0x000000000800f9c0                _pal_lld_init
 *fill*         0x000000000800fb8c        0x4 
 .text._pal_lld_setgroupmode
                0x000000000800fb90       0xac build/obj/pal_lld.o
                0x000000000800fb90                _pal_lld_setgroupmode
 *fill*         0x000000000800fc3c        0x4 
 .text.i2c_lld_serve_event_interrupt
                0x000000000800fc40       0xf0 build/obj/i2c_lld.o
 .text.i2c_lld_serve_error_interrupt
                0x000000000800fd30       0xb0 build/obj/i2c_lld.o
 .text.i2c_lld_serve_tx_end_irq
                0x000000000800fde0       0x40 build/obj/i2c_lld.o
 .text.i2c_lld_serve_rx_end_irq
                0x000000000800fe20       0x5c build/obj/i2c_lld.o
 *fill*         0x000000000800fe7c        0x4 
 .text.VectorBC
                0x000000000800fe80       0x14 build/obj/i2c_lld.o
                0x000000000800fe80                VectorBC
 *fill*         0x000000000800fe94        0xc 
 .text.VectorC0
                0x000000000800fea0       0x24 build/obj/i2c_lld.o
                0x000000000800fea0                VectorC0
 *fill*         0x000000000800fec4        0xc 
 .text.VectorC4
                0x000000000800fed0       0x14 build/obj/i2c_lld.o
                0x000000000800fed0                VectorC4
 *fill*         0x000000000800fee4        0xc 
 .text.VectorC8
                0x000000000800fef0       0x24 build/obj/i2c_lld.o
                0x000000000800fef0                VectorC8
 *fill*         0x000000000800ff14        0xc 
 .text.i2c_lld_init
                0x000000000800ff20       0x4c build/obj/i2c_lld.o
                0x000000000800ff20                i2c_lld_init
 *fill*         0x000000000800ff6c        0x4 
 .text.i2c_lld_start
                0x000000000800ff70      0x1e4 build/obj/i2c_lld.o
                0x000000000800ff70                i2c_lld_start
 *fill*         0x0000000008010154        0xc 
 .text.i2c_lld_master_transmit_timeout
                0x0000000008010160       0x84 build/obj/i2c_lld.o
                0x0000000008010160                i2c_lld_master_transmit_timeout
 *fill*         0x00000000080101e4        0xc 
 .text.usb_lld_pump
                0x00000000080101f0      0x2fc build/obj/usb_lld.o
                0x00000000080101f0                usb_lld_pump
 *fill*         0x00000000080104ec        0x4 
 .text.otg_disable_ep.isra.0
                0x00000000080104f0       0x74 build/obj/usb_lld.o
 *fill*         0x0000000008010564        0xc 
 .text.usb_lld_init
                0x0000000008010570       0x24 build/obj/usb_lld.o
                0x0000000008010570                usb_lld_init
 *fill*         0x0000000008010594        0xc 
 .text.usb_lld_start
                0x00000000080105a0       0xe8 build/obj/usb_lld.o
                0x00000000080105a0                usb_lld_start
 *fill*         0x0000000008010688        0x8 
 .text.usb_lld_reset
                0x0000000008010690       0xc4 build/obj/usb_lld.o
                0x0000000008010690                usb_lld_reset
 *fill*         0x0000000008010754        0xc 
 .text.usb_lld_set_address
                0x0000000008010760       0x18 build/obj/usb_lld.o
                0x0000000008010760                usb_lld_set_address
 *fill*         0x0000000008010778        0x8 
 .text.usb_lld_init_endpoint
                0x0000000008010780      0x160 build/obj/usb_lld.o
                0x0000000008010780                usb_lld_init_endpoint
 .text.usb_lld_get_status_out
                0x00000000080108e0       0x1c build/obj/usb_lld.o
                0x00000000080108e0                usb_lld_get_status_out
 *fill*         0x00000000080108fc        0x4 
 .text.usb_lld_get_status_in
                0x0000000008010900       0x1c build/obj/usb_lld.o
                0x0000000008010900                usb_lld_get_status_in
 *fill*         0x000000000801091c        0x4 
 .text.usb_lld_read_setup
                0x0000000008010920       0x14 build/obj/usb_lld.o
                0x0000000008010920                usb_lld_read_setup
 *fill*         0x0000000008010934        0xc 
 .text.usb_lld_prepare_receive
                0x0000000008010940       0x44 build/obj/usb_lld.o
                0x0000000008010940                usb_lld_prepare_receive
 *fill*         0x0000000008010984        0xc 
 .text.otg_epout_handler.constprop.7
                0x0000000008010990       0x9c build/obj/usb_lld.o
 *fill*         0x0000000008010a2c        0x4 
 .text.usb_lld_prepare_transmit
                0x0000000008010a30       0x50 build/obj/usb_lld.o
                0x0000000008010a30                usb_lld_prepare_transmit
 .text.otg_epin_handler.constprop.8
                0x0000000008010a80       0xb8 build/obj/usb_lld.o
 *fill*         0x0000000008010b38        0x8 
 .text.Vector14C
                0x0000000008010b40       0xec build/obj/usb_lld.o
                0x0000000008010b40                Vector14C
 *fill*         0x0000000008010c2c        0x4 
 .text.usb_lld_start_out
                0x0000000008010c30       0x14 build/obj/usb_lld.o
                0x0000000008010c30                usb_lld_start_out
 *fill*         0x0000000008010c44        0xc 
 .text.usb_lld_start_in
                0x0000000008010c50       0x28 build/obj/usb_lld.o
                0x0000000008010c50                usb_lld_start_in
 *fill*         0x0000000008010c78        0x8 
 .text.usb_lld_stall_out
                0x0000000008010c80       0x14 build/obj/usb_lld.o
                0x0000000008010c80                usb_lld_stall_out
 *fill*         0x0000000008010c94        0xc 
 .text.usb_lld_stall_in
                0x0000000008010ca0       0x14 build/obj/usb_lld.o
                0x0000000008010ca0                usb_lld_stall_in
 *fill*         0x0000000008010cb4        0xc 
 .text.usb_lld_clear_out
                0x0000000008010cc0       0x14 build/obj/usb_lld.o
                0x0000000008010cc0                usb_lld_clear_out
 *fill*         0x0000000008010cd4        0xc 
 .text.usb_lld_clear_in
                0x0000000008010ce0       0x14 build/obj/usb_lld.o
                0x0000000008010ce0                usb_lld_clear_in
 *fill*         0x0000000008010cf4        0xc 
 .text.spi_lld_serve_tx_interrupt
                0x0000000008010d00       0x14 build/obj/spi_lld.o
 *fill*         0x0000000008010d14        0xc 
 .text.spi_lld_serve_rx_interrupt
                0x0000000008010d20       0x78 build/obj/spi_lld.o
 *fill*         0x0000000008010d98        0x8 
 .text.spi_lld_init
                0x0000000008010da0       0x44 build/obj/spi_lld.o
                0x0000000008010da0                spi_lld_init
 *fill*         0x0000000008010de4        0xc 
 .text.spi_lld_start
                0x0000000008010df0       0x94 build/obj/spi_lld.o
                0x0000000008010df0                spi_lld_start
 *fill*         0x0000000008010e84        0xc 
 .text.spi_lld_select
                0x0000000008010e90       0x10 build/obj/spi_lld.o
                0x0000000008010e90                spi_lld_select
 .text.spi_lld_unselect
                0x0000000008010ea0       0x10 build/obj/spi_lld.o
                0x0000000008010ea0                spi_lld_unselect
 .text.spi_lld_exchange
                0x0000000008010eb0       0x38 build/obj/spi_lld.o
                0x0000000008010eb0                spi_lld_exchange
 *fill*         0x0000000008010ee8        0x8 
 .text.spi_lld_send
                0x0000000008010ef0       0x38 build/obj/spi_lld.o
                0x0000000008010ef0                spi_lld_send
 *fill*         0x0000000008010f28        0x8 
 .text.spi_lld_receive
                0x0000000008010f30       0x38 build/obj/spi_lld.o
                0x0000000008010f30                spi_lld_receive
 *fill*         0x0000000008010f68        0x8 
 .text.VectorB4
                0x0000000008010f70       0x64 build/obj/pwm_lld.o
                0x0000000008010f70                VectorB4
 *fill*         0x0000000008010fd4        0xc 
 .text.pwm_lld_init
                0x0000000008010fe0       0x1c build/obj/pwm_lld.o
                0x0000000008010fe0                pwm_lld_init
 *fill*         0x0000000008010ffc        0x4 
 .text.__early_init
                0x0000000008011000        0x4 build/obj/board.o
                0x0000000008011000                __early_init
 *fill*         0x0000000008011004        0xc 
 .text.boardInit
                0x0000000008011010        0x4 build/obj/board.o
                0x0000000008011010                boardInit
 *fill*         0x0000000008011014        0xc 
 .text._sbrk_r  0x0000000008011020       0x18 build/obj/syscalls.o
                0x0000000008011020                _sbrk_r
 *fill*         0x0000000008011038        0x8 
 .text.halAssyInit
                0x0000000008011040       0xb4 build/obj/stm32_hw.o
                0x0000000008011040                halAssyInit
 *fill*         0x00000000080110f4        0xc 
 .text.halSpiExc
                0x0000000008011100       0x24 build/obj/stm32_hw.o
                0x0000000008011100                halSpiExc
 *fill*         0x0000000008011124        0xc 
 .text.CC2520_INS_STROBE
                0x0000000008011130       0x24 build/obj/hal_cc2520.o
                0x0000000008011130                CC2520_INS_STROBE
 *fill*         0x0000000008011154        0xc 
 .text.CC2520_MEMRD8
                0x0000000008011160       0x34 build/obj/hal_cc2520.o
                0x0000000008011160                CC2520_MEMRD8
 *fill*         0x0000000008011194        0xc 
 .text.CC2520_MEMWR8
                0x00000000080111a0       0x34 build/obj/hal_cc2520.o
                0x00000000080111a0                CC2520_MEMWR8
 *fill*         0x00000000080111d4        0xc 
 .text.CC2520_MEMWR16
                0x00000000080111e0       0x3c build/obj/hal_cc2520.o
                0x00000000080111e0                CC2520_MEMWR16
 *fill*         0x000000000801121c        0x4 
 .text.CC2520_RXBUF
                0x0000000008011220       0x30 build/obj/hal_cc2520.o
                0x0000000008011220                CC2520_RXBUF
 .text.CC2520_RXBUF8
                0x0000000008011250       0x28 build/obj/hal_cc2520.o
                0x0000000008011250                CC2520_RXBUF8
 *fill*         0x0000000008011278        0x8 
 .text.CC2520_TXBUF
                0x0000000008011280       0x30 build/obj/hal_cc2520.o
                0x0000000008011280                CC2520_TXBUF
 .text.CC2520_BCLR
                0x00000000080112b0       0x28 build/obj/hal_cc2520.o
                0x00000000080112b0                CC2520_BCLR
 *fill*         0x00000000080112d8        0x8 
 .text.CC2520_REGRD8
                0x00000000080112e0       0x2c build/obj/hal_cc2520.o
                0x00000000080112e0                CC2520_REGRD8
 *fill*         0x000000000801130c        0x4 
 .text.CC2520_REGWR8
                0x0000000008011310       0x2c build/obj/hal_cc2520.o
                0x0000000008011310                CC2520_REGWR8
 *fill*         0x000000000801133c        0x4 
 .text.isrThread
                0x0000000008011340       0x30 build/obj/hal_rf.o
 .text.halRfGetRssiOffset
                0x0000000008011370        0xc build/obj/hal_rf.o
                0x0000000008011370                halRfGetRssiOffset
 *fill*         0x000000000801137c        0x4 
 .text.halRfSetChannel
                0x0000000008011380       0x10 build/obj/hal_rf.o
                0x0000000008011380                halRfSetChannel
 .text.halRfSetShortAddr
                0x0000000008011390        0xc build/obj/hal_rf.o
                0x0000000008011390                halRfSetShortAddr
 *fill*         0x000000000801139c        0x4 
 .text.halRfSetPanId
                0x00000000080113a0        0xc build/obj/hal_rf.o
                0x00000000080113a0                halRfSetPanId
 *fill*         0x00000000080113ac        0x4 
 .text.halRfWriteTxBuf
                0x00000000080113b0        0xc build/obj/hal_rf.o
                0x00000000080113b0                halRfWriteTxBuf
 *fill*         0x00000000080113bc        0x4 
 .text.halRfReadRxBuf
                0x00000000080113c0        0xc build/obj/hal_rf.o
                0x00000000080113c0                halRfReadRxBuf
 *fill*         0x00000000080113cc        0x4 
 .text.halRfTransmit
                0x00000000080113d0       0x74 build/obj/hal_rf.o
                0x00000000080113d0                halRfTransmit
 *fill*         0x0000000008011444        0xc 
 .text.halRfRxInterruptConfig
                0x0000000008011450       0x10 build/obj/hal_rf.o
                0x0000000008011450                halRfRxInterruptConfig
 .text.halRfDisableRxInterrupt
                0x0000000008011460       0x18 build/obj/hal_rf.o
                0x0000000008011460                halRfDisableRxInterrupt
 *fill*         0x0000000008011478        0x8 
 .text.halRfInit
                0x0000000008011480       0xcc build/obj/hal_rf.o
                0x0000000008011480                halRfInit
 *fill*         0x000000000801154c        0x4 
 .text.halRfReceiveOn
                0x0000000008011550       0x3c build/obj/hal_rf.o
                0x0000000008011550                halRfReceiveOn
 *fill*         0x000000000801158c        0x4 
 .text.halRfReceiveOff
                0x0000000008011590       0x3c build/obj/hal_rf.o
                0x0000000008011590                halRfReceiveOff
 *fill*         0x00000000080115cc        0x4 
 .text.halRfFlushRx
                0x00000000080115d0       0x28 build/obj/hal_rf.o
                0x00000000080115d0                halRfFlushRx
 *fill*         0x00000000080115f8        0x8 
 .text.halRfExtCb
                0x0000000008011600       0x18 build/obj/hal_rf.o
                0x0000000008011600                halRfExtCb
 *fill*         0x0000000008011618        0x8 
 .text.halRfWaitTransceiverReady
                0x0000000008011620       0x48 build/obj/hal_rf.o
                0x0000000008011620                halRfWaitTransceiverReady
 *fill*         0x0000000008011668        0x8 
 .text.min      0x0000000008011670        0x8 build/obj/util.o
                0x0000000008011670                min
 *fill*         0x0000000008011678        0x8 
 .text.basicRf_thread
                0x0000000008011680       0x44 build/obj/basic_rf.o
 *fill*         0x00000000080116c4        0xc 
 .text.basicRfRxFrmDoneIsr
                0x00000000080116d0       0xb4 build/obj/basic_rf.o
 *fill*         0x0000000008011784        0xc 
 .text.basicRfInit
                0x0000000008011790       0x84 build/obj/basic_rf.o
                0x0000000008011790                basicRfInit
 *fill*         0x0000000008011814        0xc 
 .text.basicRfPacketIsReady
                0x0000000008011820        0xc build/obj/basic_rf.o
                0x0000000008011820                basicRfPacketIsReady
 *fill*         0x000000000801182c        0x4 
 .text.basicRfReceive
                0x0000000008011830       0x54 build/obj/basic_rf.o
                0x0000000008011830                basicRfReceive
 *fill*         0x0000000008011884        0xc 
 .text.basicRfReceiveOn
                0x0000000008011890       0x28 build/obj/basic_rf.o
                0x0000000008011890                basicRfReceiveOn
 *fill*         0x00000000080118b8        0x8 
 .text.basicRfReceiveOff
                0x00000000080118c0       0x28 build/obj/basic_rf.o
                0x00000000080118c0                basicRfReceiveOff
 *fill*         0x00000000080118e8        0x8 
 .text.basicRfSendPacket
                0x00000000080118f0       0xf4 build/obj/basic_rf.o
                0x00000000080118f0                basicRfSendPacket
 *fill*         0x00000000080119e4        0xc 
 .text.startup.main
                0x00000000080119f0       0x64 build/obj/main.o
                0x00000000080119f0                main
 *fill*         0x0000000008011a54        0xc 
 .text.get_descriptor
                0x0000000008011a60       0x30 build/obj/comm_usb_serial.o
 .text.usb_event
                0x0000000008011a90       0x38 build/obj/comm_usb_serial.o
 *fill*         0x0000000008011ac8        0x8 
 .text.comm_usb_serial_init
                0x0000000008011ad0       0x4c build/obj/comm_usb_serial.o
                0x0000000008011ad0                comm_usb_serial_init
 *fill*         0x0000000008011b1c        0x4 
 .text.tx_thread
                0x0000000008011b20       0x70 build/obj/comm_cc2520.o
 .text.rx_thread
                0x0000000008011b90       0xe4 build/obj/comm_cc2520.o
 *fill*         0x0000000008011c74        0xc 
 .text.wakeup_tx
                0x0000000008011c80       0x18 build/obj/comm_cc2520.o
 *fill*         0x0000000008011c98        0x8 
 .text.comm_cc2520_init
                0x0000000008011ca0       0x74 build/obj/comm_cc2520.o
                0x0000000008011ca0                comm_cc2520_init
 *fill*         0x0000000008011d14        0xc 
 .text.comm_cc2520_send_packet
                0x0000000008011d20       0x54 build/obj/comm_cc2520.o
                0x0000000008011d20                comm_cc2520_send_packet
 *fill*         0x0000000008011d74        0xc 
 .text.comm_cc2520_send_buffer
                0x0000000008011d80      0x128 build/obj/comm_cc2520.o
                0x0000000008011d80                comm_cc2520_send_buffer
 *fill*         0x0000000008011ea8        0x8 
 .text.reset_init_mpu
                0x0000000008011eb0      0x1e0 build/obj/mpu9150.o
 .text.mpu_thread
                0x0000000008012090      0x2cc build/obj/mpu9150.o
 *fill*         0x000000000801235c        0x4 
 .text.mpu9150_init
                0x0000000008012360       0xc8 build/obj/mpu9150.o
                0x0000000008012360                mpu9150_init
 *fill*         0x0000000008012428        0x8 
 .text.mpu9150_sample_gyro_offsets
                0x0000000008012430       0x78 build/obj/mpu9150.o
                0x0000000008012430                mpu9150_sample_gyro_offsets
 *fill*         0x00000000080124a8        0x8 
 .text.led_init
                0x00000000080124b0       0x2c build/obj/led.o
                0x00000000080124b0                led_init
 *fill*         0x00000000080124dc        0x4 
 .text.led_write
                0x00000000080124e0       0x38 build/obj/led.o
                0x00000000080124e0                led_write
 *fill*         0x0000000008012518        0x8 
 .text.led_toggle
                0x0000000008012520       0x24 build/obj/led.o
                0x0000000008012520                led_toggle
 *fill*         0x0000000008012544        0xc 
 .text.ext_cb_init
                0x0000000008012550       0x10 build/obj/ext_cb.o
                0x0000000008012550                ext_cb_init
 .text.crc16    0x0000000008012560       0x30 build/obj/crc.o
                0x0000000008012560                crc16
 .text.adconv_init
                0x0000000008012590       0x68 build/obj/adconv.o
                0x0000000008012590                adconv_init
 *fill*         0x00000000080125f8        0x8 
 .text.send_packet
                0x0000000008012600       0x1c build/obj/comm_usb.o
 *fill*         0x000000000801261c        0x4 
 .text.serial_process_thread
                0x0000000008012620       0x60 build/obj/comm_usb.o
 .text.serial_read_thread
                0x0000000008012680       0x74 build/obj/comm_usb.o
 *fill*         0x00000000080126f4        0xc 
 .text.process_packet
                0x0000000008012700       0x1c build/obj/comm_usb.o
 *fill*         0x000000000801271c        0x4 
 .text.comm_usb_send_packet
                0x0000000008012720       0x28 build/obj/comm_usb.o
                0x0000000008012720                comm_usb_send_packet
 *fill*         0x0000000008012748        0x8 
 .text.comm_usb_init
                0x0000000008012750       0x5c build/obj/comm_usb.o
                0x0000000008012750                comm_usb_init
 *fill*         0x00000000080127ac        0x4 
 .text.packet_init
                0x00000000080127b0       0x14 build/obj/packet.o
                0x00000000080127b0                packet_init
 *fill*         0x00000000080127c4        0xc 
 .text.packet_send_packet
                0x00000000080127d0       0x84 build/obj/packet.o
                0x00000000080127d0                packet_send_packet
 *fill*         0x0000000008012854        0xc 
 .text.packet_process_byte
                0x0000000008012860      0x148 build/obj/packet.o
                0x0000000008012860                packet_process_byte
 *fill*         0x00000000080129a8        0x8 
 .text.commands_set_send_func
                0x00000000080129b0        0xc build/obj/commands.o
                0x00000000080129b0                commands_set_send_func
 *fill*         0x00000000080129bc        0x4 
 .text.commands_process_packet
                0x00000000080129c0        0x4 build/obj/commands.o
                0x00000000080129c0                commands_process_packet
 *fill*         0x00000000080129c4        0xc 
 .text.commands_printf
                0x00000000080129d0       0x50 build/obj/commands.o
                0x00000000080129d0                commands_printf
 .text.conf_general_init
                0x0000000008012a20       0x84 build/obj/conf_general.o
                0x0000000008012a20                conf_general_init
 *fill*         0x0000000008012aa4        0xc 
 .text.RCC_AHB1PeriphClockCmd
                0x0000000008012ab0       0x18 build/obj/stm32f4xx_rcc.o
                0x0000000008012ab0                RCC_AHB1PeriphClockCmd
 *fill*         0x0000000008012ac8        0x8 
 .text.memset   0x0000000008012ad0       0x9c /usr/bin/../lib/gcc/arm-none-eabi/4.9.3/../../../../arm-none-eabi/lib/armv7e-m/fpu/libg.a(lib_a-memset.o)
                0x0000000008012ad0                memset
 *fill*         0x0000000008012b6c        0x4 
 .text._vsnprintf_r
                0x0000000008012b70       0x74 /usr/bin/../lib/gcc/arm-none-eabi/4.9.3/../../../../arm-none-eabi/lib/armv7e-m/fpu/libg.a(lib_a-vsnprintf.o)
                0x0000000008012b70                _vsnprintf_r
 *fill*         0x0000000008012be4        0xc 
 .text.vsnprintf
                0x0000000008012bf0       0x20 /usr/bin/../lib/gcc/arm-none-eabi/4.9.3/../../../../arm-none-eabi/lib/armv7e-m/fpu/libg.a(lib_a-vsnprintf.o)
                0x0000000008012bf0                vsnprintf
 .text._svfprintf_r
                0x0000000008012c10     0x14cc /usr/bin/../lib/gcc/arm-none-eabi/4.9.3/../../../../arm-none-eabi/lib/armv7e-m/fpu/libg.a(lib_a-svfprintf.o)
                0x0000000008012c10                _svfprintf_r
 *fill*         0x00000000080140dc        0x4 
 .text.quorem   0x00000000080140e0      0x12c /usr/bin/../lib/gcc/arm-none-eabi/4.9.3/../../../../arm-none-eabi/lib/armv7e-m/fpu/libg.a(lib_a-dtoa.o)
 *fill*         0x000000000801420c        0x4 
 .text._dtoa_r  0x0000000008014210      0xea4 /usr/bin/../lib/gcc/arm-none-eabi/4.9.3/../../../../arm-none-eabi/lib/armv7e-m/fpu/libg.a(lib_a-dtoa.o)
                0x0000000008014210                _dtoa_r
 *fill*         0x00000000080150b4        0xc 
 .text._localeconv_r
                0x00000000080150c0        0x8 /usr/bin/../lib/gcc/arm-none-eabi/4.9.3/../../../../arm-none-eabi/lib/armv7e-m/fpu/libg.a(lib_a-locale.o)
                0x00000000080150c0                _localeconv_r
 *fill*         0x00000000080150c8        0x8 
 .text._malloc_r
                0x00000000080150d0      0x524 /usr/bin/../lib/gcc/arm-none-eabi/4.9.3/../../../../arm-none-eabi/lib/armv7e-m/fpu/libg.a(lib_a-mallocr.o)
                0x00000000080150d0                _malloc_r
 *fill*         0x00000000080155f4        0xc 
 .text.memchr   0x0000000008015600       0x94 /usr/bin/../lib/gcc/arm-none-eabi/4.9.3/../../../../arm-none-eabi/lib/armv7e-m/fpu/libg.a(lib_a-memchr.o)
                0x0000000008015600                memchr
 *fill*         0x0000000008015694        0xc 
 .text.__malloc_lock
                0x00000000080156a0        0x4 /usr/bin/../lib/gcc/arm-none-eabi/4.9.3/../../../../arm-none-eabi/lib/armv7e-m/fpu/libg.a(lib_a-mlock.o)
                0x00000000080156a0                __malloc_lock
 *fill*         0x00000000080156a4        0xc 
 .text.__malloc_unlock
                0x00000000080156b0        0x4 /usr/bin/../lib/gcc/arm-none-eabi/4.9.3/../../../../arm-none-eabi/lib/armv7e-m/fpu/libg.a(lib_a-mlock.o)
                0x00000000080156b0                __malloc_unlock
 *fill*         0x00000000080156b4        0xc 
 .text._Balloc  0x00000000080156c0       0x4c /usr/bin/../lib/gcc/arm-none-eabi/4.9.3/../../../../arm-none-eabi/lib/armv7e-m/fpu/libg.a(lib_a-mprec.o)
                0x00000000080156c0                _Balloc
 *fill*         0x000000000801570c        0x4 
 .text._Bfree   0x0000000008015710       0x14 /usr/bin/../lib/gcc/arm-none-eabi/4.9.3/../../../../arm-none-eabi/lib/armv7e-m/fpu/libg.a(lib_a-mprec.o)
                0x0000000008015710                _Bfree
 *fill*         0x0000000008015724        0xc 
 .text.__multadd
                0x0000000008015730       0x84 /usr/bin/../lib/gcc/arm-none-eabi/4.9.3/../../../../arm-none-eabi/lib/armv7e-m/fpu/libg.a(lib_a-mprec.o)
                0x0000000008015730                __multadd
 *fill*         0x00000000080157b4        0xc 
 .text.__hi0bits
                0x00000000080157c0       0x40 /usr/bin/../lib/gcc/arm-none-eabi/4.9.3/../../../../arm-none-eabi/lib/armv7e-m/fpu/libg.a(lib_a-mprec.o)
                0x00000000080157c0                __hi0bits
 .text.__lo0bits
                0x0000000008015800       0x5c /usr/bin/../lib/gcc/arm-none-eabi/4.9.3/../../../../arm-none-eabi/lib/armv7e-m/fpu/libg.a(lib_a-mprec.o)
                0x0000000008015800                __lo0bits
 *fill*         0x000000000801585c        0x4 
 .text.__i2b    0x0000000008015860       0x14 /usr/bin/../lib/gcc/arm-none-eabi/4.9.3/../../../../arm-none-eabi/lib/armv7e-m/fpu/libg.a(lib_a-mprec.o)
                0x0000000008015860                __i2b
 *fill*         0x0000000008015874        0xc 
 .text.__multiply
                0x0000000008015880      0x134 /usr/bin/../lib/gcc/arm-none-eabi/4.9.3/../../../../arm-none-eabi/lib/armv7e-m/fpu/libg.a(lib_a-mprec.o)
                0x0000000008015880                __multiply
 *fill*         0x00000000080159b4        0xc 
 .text.__pow5mult
                0x00000000080159c0       0xa0 /usr/bin/../lib/gcc/arm-none-eabi/4.9.3/../../../../arm-none-eabi/lib/armv7e-m/fpu/libg.a(lib_a-mprec.o)
                0x00000000080159c0                __pow5mult
 .text.__lshift
                0x0000000008015a60       0xac /usr/bin/../lib/gcc/arm-none-eabi/4.9.3/../../../../arm-none-eabi/lib/armv7e-m/fpu/libg.a(lib_a-mprec.o)
                0x0000000008015a60                __lshift
 *fill*         0x0000000008015b0c        0x4 
 .text.__mcmp   0x0000000008015b10       0x48 /usr/bin/../lib/gcc/arm-none-eabi/4.9.3/../../../../arm-none-eabi/lib/armv7e-m/fpu/libg.a(lib_a-mprec.o)
                0x0000000008015b10                __mcmp
 *fill*         0x0000000008015b58        0x8 
 .text.__mdiff  0x0000000008015b60       0xd4 /usr/bin/../lib/gcc/arm-none-eabi/4.9.3/../../../../arm-none-eabi/lib/armv7e-m/fpu/libg.a(lib_a-mprec.o)
                0x0000000008015b60                __mdiff
 *fill*         0x0000000008015c34        0xc 
 .text.__d2b    0x0000000008015c40       0xbc /usr/bin/../lib/gcc/arm-none-eabi/4.9.3/../../../../arm-none-eabi/lib/armv7e-m/fpu/libg.a(lib_a-mprec.o)
                0x0000000008015c40                __d2b
 *fill*         0x0000000008015cfc        0x4 
 .text.__fpclassifyd
                0x0000000008015d00       0x5c /usr/bin/../lib/gcc/arm-none-eabi/4.9.3/../../../../arm-none-eabi/lib/armv7e-m/fpu/libg.a(lib_a-s_fpclassify.o)
                0x0000000008015d00                __fpclassifyd
 *fill*         0x0000000008015d5c        0x4 
 .text.strlen   0x0000000008015d60       0x5c /usr/bin/../lib/gcc/arm-none-eabi/4.9.3/../../../../arm-none-eabi/lib/armv7e-m/fpu/libg.a(lib_a-strlen.o)
                0x0000000008015d60                strlen
 *fill*         0x0000000008015dbc        0x4 
 .text.__ssprint_r
                0x0000000008015dc0      0x104 /usr/bin/../lib/gcc/arm-none-eabi/4.9.3/../../../../arm-none-eabi/lib/armv7e-m/fpu/libg.a(lib_a-svfiprintf.o)
                0x0000000008015dc0                __ssprint_r
 *fill*         0x0000000008015ec4        0xc 
 .text._calloc_r
                0x0000000008015ed0       0x60 /usr/bin/../lib/gcc/arm-none-eabi/4.9.3/../../../../arm-none-eabi/lib/armv7e-m/fpu/libg.a(lib_a-callocr.o)
                0x0000000008015ed0                _calloc_r
 .text._malloc_trim_r
                0x0000000008015f30       0x9c /usr/bin/../lib/gcc/arm-none-eabi/4.9.3/../../../../arm-none-eabi/lib/armv7e-m/fpu/libg.a(lib_a-freer.o)
                0x0000000008015f30                _malloc_trim_r
 *fill*         0x0000000008015fcc        0x4 
 .text._free_r  0x0000000008015fd0      0x1b0 /usr/bin/../lib/gcc/arm-none-eabi/4.9.3/../../../../arm-none-eabi/lib/armv7e-m/fpu/libg.a(lib_a-freer.o)
                0x0000000008015fd0                _free_r
 .text.memmove  0x0000000008016180       0xc8 /usr/bin/../lib/gcc/arm-none-eabi/4.9.3/../../../../arm-none-eabi/lib/armv7e-m/fpu/libg.a(lib_a-memmove.o)
                0x0000000008016180                memmove
 *fill*         0x0000000008016248        0x8 
 .text._realloc_r
                0x0000000008016250      0x3ec /usr/bin/../lib/gcc/arm-none-eabi/4.9.3/../../../../arm-none-eabi/lib/armv7e-m/fpu/libg.a(lib_a-reallocr.o)
                0x0000000008016250                _realloc_r
 *(.rodata)
 *(.rodata.*)
 *fill*         0x000000000801663c        0x4 
 .rodata.str1.4
                0x0000000008016640        0x5 build/obj/chsys.o
 *fill*         0x0000000008016645        0xb 
 .rodata.ch_debug
                0x0000000008016650       0x16 build/obj/chregistry.o
                0x0000000008016650                ch_debug
 *fill*         0x0000000008016666        0xa 
 .rodata.vmt    0x0000000008016670       0x20 build/obj/serial_usb.o
 .rodata.zero_status
                0x0000000008016690        0x2 build/obj/usb.o
 *fill*         0x0000000008016692        0xe 
 .rodata.active_status
                0x00000000080166a0        0x2 build/obj/usb.o
 *fill*         0x00000000080166a2        0xe 
 .rodata.halted_status
                0x00000000080166b0        0x2 build/obj/usb.o
 *fill*         0x00000000080166b2        0xe 
 .rodata._stm32_dma_streams
                0x00000000080166c0       0xc0 build/obj/stm32_dma.o
                0x00000000080166c0                _stm32_dma_streams
 .rodata.str1.4
                0x0000000008016780        0xc build/obj/i2c_lld.o
 *fill*         0x000000000801678c        0x4 
 .rodata.fsparams
                0x0000000008016790        0xc build/obj/usb_lld.o
 *fill*         0x000000000801679c        0x4 
 .rodata.str1.4
                0x00000000080167a0        0xd build/obj/usb_lld.o
 *fill*         0x00000000080167ad        0x3 
 .rodata.ep0config
                0x00000000080167b0       0x24 build/obj/usb_lld.o
 .rodata.str1.4
                0x0000000000000000        0xc build/obj/spi_lld.o
 *fill*         0x00000000080167d4        0xc 
 .rodata.pal_default_config
                0x00000000080167e0       0xfc build/obj/board.o
                0x00000000080167e0                pal_default_config
 *fill*         0x00000000080168dc        0x4 
 .rodata.spicfg
                0x00000000080168e0        0xc build/obj/stm32_hw.o
 *fill*         0x00000000080168ec        0x4 
 .rodata.str1.4
                0x00000000080168f0       0x32 build/obj/hal_rf.o
 *fill*         0x0000000008016922        0xe 
 .rodata.str1.4
                0x0000000008016930        0xb build/obj/basic_rf.o
 *fill*         0x000000000801693b        0x5 
 .rodata.str1.4
                0x0000000008016940        0xc build/obj/main.o
 *fill*         0x000000000801694c        0x4 
 .rodata.ep1config
                0x0000000008016950       0x24 build/obj/comm_usb_serial.o
 *fill*         0x0000000008016974        0xc 
 .rodata.vcom_configuration_descriptor
                0x0000000008016980        0x8 build/obj/comm_usb_serial.o
 *fill*         0x0000000008016988        0x8 
 .rodata.ep2config
                0x0000000008016990       0x24 build/obj/comm_usb_serial.o
 *fill*         0x00000000080169b4        0xc 
 .rodata.usbcfg
                0x00000000080169c0       0x10 build/obj/comm_usb_serial.o
 .rodata.vcom_configuration_descriptor_data
                0x00000000080169d0       0x43 build/obj/comm_usb_serial.o
 *fill*         0x0000000008016a13        0xd 
 .rodata.vcom_device_descriptor_data
                0x0000000008016a20       0x12 build/obj/comm_usb_serial.o
 *fill*         0x0000000008016a32        0xe 
 .rodata.vcom_string0
                0x0000000008016a40        0x4 build/obj/comm_usb_serial.o
 *fill*         0x0000000008016a44        0xc 
 .rodata.vcom_string1
                0x0000000008016a50       0x26 build/obj/comm_usb_serial.o
 *fill*         0x0000000008016a76        0xa 
 .rodata.vcom_string2
                0x0000000008016a80       0x38 build/obj/comm_usb_serial.o
 *fill*         0x0000000008016ab8        0x8 
 .rodata.vcom_string3
                0x0000000008016ac0        0x8 build/obj/comm_usb_serial.o
 *fill*         0x0000000008016ac8        0x8 
 .rodata.vcom_strings
                0x0000000008016ad0       0x20 build/obj/comm_usb_serial.o
 .rodata.serusbcfg
                0x0000000008016af0        0x8 build/obj/comm_usb_serial.o
                0x0000000008016af0                serusbcfg
 *fill*         0x0000000008016af8        0x8 
 .rodata.vcom_device_descriptor
                0x0000000008016b00        0x8 build/obj/comm_usb_serial.o
 *fill*         0x0000000008016b08        0x8 
 .rodata.str1.4
                0x0000000008016b10       0x16 build/obj/comm_cc2520.o
 *fill*         0x0000000008016b26        0xa 
 .rodata.str1.4
                0x0000000008016b30      0x13e build/obj/mpu9150.o
 *fill*         0x0000000008016c6e        0x2 
 .rodata.i2cfg  0x0000000008016c70        0xc build/obj/mpu9150.o
 *fill*         0x0000000008016c7c        0x4 
 .rodata.extcfg
                0x0000000008016c80       0xb8 build/obj/ext_cb.o
 *fill*         0x0000000008016d38        0x8 
 .rodata.crc16_tab
                0x0000000008016d40      0x200 build/obj/crc.o
                0x0000000008016d40                crc16_tab
 .rodata.adcgrpcfg
                0x0000000008016f40       0x28 build/obj/adconv.o
 *fill*         0x0000000008016f68        0x8 
 .rodata.str1.4
                0x0000000008016f70       0x24 build/obj/comm_usb.o
 *fill*         0x0000000008016f94        0xc 
 .rodata.str1.4
                0x0000000008016fa0        0x2 /usr/bin/../lib/gcc/arm-none-eabi/4.9.3/../../../../arm-none-eabi/lib/armv7e-m/fpu/libg.a(lib_a-impure.o)
 *fill*         0x0000000008016fa2        0xe 
 .rodata.zeroes.6911
                0x0000000008016fb0       0x10 /usr/bin/../lib/gcc/arm-none-eabi/4.9.3/../../../../arm-none-eabi/lib/armv7e-m/fpu/libg.a(lib_a-svfprintf.o)
 .rodata.blanks.6910
                0x0000000008016fc0       0x10 /usr/bin/../lib/gcc/arm-none-eabi/4.9.3/../../../../arm-none-eabi/lib/armv7e-m/fpu/libg.a(lib_a-svfprintf.o)
 .rodata.str1.4
                0x0000000008016fd0       0x42 /usr/bin/../lib/gcc/arm-none-eabi/4.9.3/../../../../arm-none-eabi/lib/armv7e-m/fpu/libg.a(lib_a-svfprintf.o)
 *fill*         0x0000000008017012        0xe 
 .rodata.str1.4
                0x0000000008017020       0x10 /usr/bin/../lib/gcc/arm-none-eabi/4.9.3/../../../../arm-none-eabi/lib/armv7e-m/fpu/libg.a(lib_a-dtoa.o)
                                         0x12 (size before relaxing)
 .rodata.str1.4
                0x0000000008017030        0xc /usr/bin/../lib/gcc/arm-none-eabi/4.9.3/../../../../arm-none-eabi/lib/armv7e-m/fpu/libg.a(lib_a-locale.o)
                                         0x12 (size before relaxing)
 *fill*         0x000000000801703c        0x4 
 .rodata.__mprec_tens
                0x0000000008017040       0xc8 /usr/bin/../lib/gcc/arm-none-eabi/4.9.3/../../../../arm-none-eabi/lib/armv7e-m/fpu/libg.a(lib_a-mprec.o)
                0x0000000008017040                __mprec_tens
 *fill*         0x0000000008017108        0x8 
 .rodata.p05.5302
                0x0000000008017110        0xc /usr/bin/../lib/gcc/arm-none-eabi/4.9.3/../../../../arm-none-eabi/lib/armv7e-m/fpu/libg.a(lib_a-mprec.o)
 *fill*         0x000000000801711c        0x4 
 .rodata.__mprec_bigtens
                0x0000000008017120       0x28 /usr/bin/../lib/gcc/arm-none-eabi/4.9.3/../../../../arm-none-eabi/lib/armv7e-m/fpu/libg.a(lib_a-mprec.o)
                0x0000000008017120                __mprec_bigtens
 *(.glue_7t)
 .glue_7t       0x0000000000000000        0x0 linker stubs
 *(.glue_7)
 .glue_7        0x0000000000000000        0x0 linker stubs
 *(.gcc*)

.vfp11_veneer   0x0000000008017148        0x0
 .vfp11_veneer  0x0000000000000000        0x0 linker stubs

.v4_bx          0x0000000008017148        0x0
 .v4_bx         0x0000000000000000        0x0 linker stubs

.iplt           0x0000000008017148        0x0
 .iplt          0x0000000000000000        0x0 build/obj/crt0_v7m.o

.ARM.extab
 *(.ARM.extab* .gnu.linkonce.armextab.*)

.ARM.exidx      0x0000000008017148        0x8
                0x0000000008017148                PROVIDE (__exidx_start, .)
 *(.ARM.exidx* .gnu.linkonce.armexidx.*)
 .ARM.exidx     0x0000000008017148        0x8 /usr/bin/../lib/gcc/arm-none-eabi/4.9.3/armv7e-m/fpu/libgcc.a(_divdi3.o)
 .ARM.exidx     0x0000000008017150        0x0 /usr/bin/../lib/gcc/arm-none-eabi/4.9.3/armv7e-m/fpu/libgcc.a(_udivdi3.o)
                                          0x8 (size before relaxing)
                0x0000000008017150                PROVIDE (__exidx_end, .)

.rel.dyn        0x0000000008017150        0x0
 .rel.iplt      0x0000000000000000        0x0 build/obj/crt0_v7m.o

.eh_frame_hdr
 *(.eh_frame_hdr)

.eh_frame
 *(.eh_frame)

.textalign      0x0000000008017150        0x0
                0x0000000008017150                . = ALIGN (0x8)
                0x0000000008017150                . = ALIGN (0x4)
                0x0000000008017150                _etext = .
                0x0000000008017150                _textdata = _etext

.mstack         0x0000000020000000      0x400
                0x0000000020000000                . = ALIGN (0x8)
                0x0000000020000000                __main_stack_base__ = .
                0x0000000020000400                . = (. + __main_stack_size__)
 *fill*         0x0000000020000000      0x400 
                0x0000000020000400                . = ALIGN (0x8)
                0x0000000020000400                __main_stack_end__ = .

.pstack         0x0000000020000400      0x400
                0x0000000020000400                __process_stack_base__ = .
                0x0000000020000400                __main_thread_stack_base__ = .
                0x0000000020000800                . = (. + __process_stack_size__)
 *fill*         0x0000000020000400      0x400 
                0x0000000020000800                . = ALIGN (0x8)
                0x0000000020000800                __process_stack_end__ = .
                0x0000000020000800                __main_thread_stack_end__ = .

.data           0x0000000020000800      0x8b4 load address 0x0000000008017150
                0x0000000020000800                . = ALIGN (0x4)
                0x0000000020000800                PROVIDE (_data, .)
 *(.data)
 *(.data.*)
 .data.linecoding
                0x0000000020000800        0x7 build/obj/serial_usb.o
 *fill*         0x0000000020000807        0x1 
 .data.regval   0x0000000020000808       0x2e build/obj/hal_rf.o
 .data.rssiOffset
                0x0000000020000836        0x1 build/obj/hal_rf.o
 *fill*         0x0000000020000837        0x1 
 .data.mag_cnt.9709
                0x0000000020000838        0x4 build/obj/mpu9150.o
 *fill*         0x000000002000083c        0x4 
 .data.impure_data
                0x0000000020000840      0x428 /usr/bin/../lib/gcc/arm-none-eabi/4.9.3/../../../../arm-none-eabi/lib/armv7e-m/fpu/libg.a(lib_a-impure.o)
 .data._impure_ptr
                0x0000000020000c68        0x4 /usr/bin/../lib/gcc/arm-none-eabi/4.9.3/../../../../arm-none-eabi/lib/armv7e-m/fpu/libg.a(lib_a-impure.o)
                0x0000000020000c68                _impure_ptr
 .data.lconv    0x0000000020000c6c       0x38 /usr/bin/../lib/gcc/arm-none-eabi/4.9.3/../../../../arm-none-eabi/lib/armv7e-m/fpu/libg.a(lib_a-locale.o)
 .data.__malloc_av_
                0x0000000020000ca4      0x408 /usr/bin/../lib/gcc/arm-none-eabi/4.9.3/../../../../arm-none-eabi/lib/armv7e-m/fpu/libg.a(lib_a-mallocr.o)
                0x0000000020000ca4                __malloc_av_
 .data.__malloc_trim_threshold
                0x00000000200010ac        0x4 /usr/bin/../lib/gcc/arm-none-eabi/4.9.3/../../../../arm-none-eabi/lib/armv7e-m/fpu/libg.a(lib_a-mallocr.o)
                0x00000000200010ac                __malloc_trim_threshold
 .data.__malloc_sbrk_base
                0x00000000200010b0        0x4 /usr/bin/../lib/gcc/arm-none-eabi/4.9.3/../../../../arm-none-eabi/lib/armv7e-m/fpu/libg.a(lib_a-mallocr.o)
                0x00000000200010b0                __malloc_sbrk_base
 *(.ramtext)
                0x00000000200010b4                . = ALIGN (0x4)
                0x00000000200010b4                PROVIDE (_edata, .)

.igot.plt       0x00000000200010b4        0x0 load address 0x0000000008017a04
 .igot.plt      0x0000000000000000        0x0 build/obj/crt0_v7m.o

.bss            0x00000000200010b8     0x5b54 load address 0x0000000008017a04
                0x00000000200010b8                . = ALIGN (0x4)
                0x00000000200010b8                PROVIDE (_bss_start, .)
 *(.bss)
 *(.bss.*)
 .bss.ch        0x00000000200010b8      0x258 build/obj/chschd.o
                0x00000000200010b8                ch
 .bss.endmem    0x0000000020001310        0x4 build/obj/chmemcore.o
 .bss.nextmem   0x0000000020001314        0x4 build/obj/chmemcore.o
 .bss.default_heap
                0x0000000020001318       0x20 build/obj/chheap.o
 .bss.dma_isr_redir
                0x0000000020001338       0x80 build/obj/stm32_dma.o
 .bss.dma_streams_mask
                0x00000000200013b8        0x4 build/obj/stm32_dma.o
 .bss.ADCD1     0x00000000200013bc       0x34 build/obj/adc_lld.o
                0x00000000200013bc                ADCD1
 .bss.EXTD1     0x00000000200013f0        0x8 build/obj/ext_lld.o
                0x00000000200013f0                EXTD1
 .bss.CAND1     0x00000000200013f8       0x30 build/obj/can_lld.o
                0x00000000200013f8                CAND1
 .bss.I2CD1     0x0000000020001428       0x38 build/obj/i2c_lld.o
                0x0000000020001428                I2CD1
 .bss.I2CD2     0x0000000020001460       0x38 build/obj/i2c_lld.o
                0x0000000020001460                I2CD2
 .bss.USBD1     0x0000000020001498      0x280 build/obj/usb_lld.o
                0x0000000020001498                USBD1
 .bss.ep0_state
                0x0000000020001718       0x14 build/obj/usb_lld.o
 .bss.ep0setup_buffer
                0x000000002000172c        0x8 build/obj/usb_lld.o
 .bss.dummytx   0x0000000020001734        0x2 build/obj/spi_lld.o
 *fill*         0x0000000020001736        0x2 
 .bss.SPID2     0x0000000020001738       0x30 build/obj/spi_lld.o
                0x0000000020001738                SPID2
 .bss.dummyrx   0x0000000020001768        0x2 build/obj/spi_lld.o
 *fill*         0x000000002000176a        0x2 
 .bss.PWMD3     0x000000002000176c       0x1c build/obj/pwm_lld.o
                0x000000002000176c                PWMD3
 .bss.waIsrTx   0x0000000020001788      0x598 build/obj/hal_rf.o
 .bss.isr_tp    0x0000000020001d20        0x4 build/obj/hal_rf.o
 .bss.gpio0_func
                0x0000000020001d24        0x4 build/obj/hal_rf.o
 .bss.rxi       0x0000000020001d28       0x10 build/obj/basic_rf.o
 .bss.rxMpdu    0x0000000020001d38       0x80 build/obj/basic_rf.o
 .bss.basicRf_thread_wa
                0x0000000020001db8      0x298 build/obj/basic_rf.o
 .bss.rf_send_mutex
                0x0000000020002050       0x10 build/obj/basic_rf.o
 .bss.txState   0x0000000020002060        0x8 build/obj/basic_rf.o
 .bss.rf_mutex  0x0000000020002068       0x10 build/obj/basic_rf.o
 .bss.pConfig   0x0000000020002078        0x4 build/obj/basic_rf.o
 .bss.txMpdu    0x000000002000207c       0x73 build/obj/basic_rf.o
 *fill*         0x00000000200020ef        0x1 
 .bss.ep2instate
                0x00000000200020f0       0x14 build/obj/comm_usb_serial.o
 .bss.SDU1      0x0000000020002104      0x258 build/obj/comm_usb_serial.o
                0x0000000020002104                SDU1
 .bss.ep1instate
                0x000000002000235c       0x14 build/obj/comm_usb_serial.o
 .bss.ep1outstate
                0x0000000020002370       0x14 build/obj/comm_usb_serial.o
 .bss.tx_buffer
                0x0000000020002384      0x514 build/obj/comm_cc2520.o
 .bss.rx_buffer
                0x0000000020002898      0x400 build/obj/comm_cc2520.o
 .bss.tx_tp     0x0000000020002c98        0x4 build/obj/comm_cc2520.o
 .bss.tx_slot_write
                0x0000000020002c9c        0x4 build/obj/comm_cc2520.o
 .bss.tx_slot_len
                0x0000000020002ca0        0xa build/obj/comm_cc2520.o
 *fill*         0x0000000020002caa        0x2 
 .bss.buf.8608  0x0000000020002cac       0x82 build/obj/comm_cc2520.o
 *fill*         0x0000000020002d2e        0x2 
 .bss.vt        0x0000000020002d30       0x14 build/obj/comm_cc2520.o
 *fill*         0x0000000020002d44        0x4 
 .bss.rx_thread_wa
                0x0000000020002d48      0x998 build/obj/comm_cc2520.o
 .bss.basicRfConfig
                0x00000000200036e0        0x6 build/obj/comm_cc2520.o
 *fill*         0x00000000200036e6        0x2 
 .bss.tx_slot_read
                0x00000000200036e8        0x4 build/obj/comm_cc2520.o
 *fill*         0x00000000200036ec        0x4 
 .bss.tx_thread_wa
                0x00000000200036f0      0x398 build/obj/comm_cc2520.o
 .bss.failed_mag_reads
                0x0000000020003a88        0x4 build/obj/mpu9150.o
 .bss.iteration_timer.9710
                0x0000000020003a8c        0x4 build/obj/mpu9150.o
 .bss.raw_accel_gyro_mag
                0x0000000020003a90       0x12 build/obj/mpu9150.o
 *fill*         0x0000000020003aa2        0x2 
 .bss.failed_reads
                0x0000000020003aa4        0x4 build/obj/mpu9150.o
 .bss.update_time_diff
                0x0000000020003aa8        0x4 build/obj/mpu9150.o
 .bss.mpu9150_gyro_offsets
                0x0000000020003aac        0x6 build/obj/mpu9150.o
                0x0000000020003aac                mpu9150_gyro_offsets
 *fill*         0x0000000020003ab2        0x2 
 .bss.tx_buf    0x0000000020003ab4       0x64 build/obj/mpu9150.o
 .bss.raw_accel_gyro_mag_no_offset
                0x0000000020003b18       0x12 build/obj/mpu9150.o
 *fill*         0x0000000020003b2a        0x2 
 .bss.last_update_time
                0x0000000020003b2c        0x4 build/obj/mpu9150.o
 .bss.identical_reads.9711
                0x0000000020003b30        0x4 build/obj/mpu9150.o
 *fill*         0x0000000020003b34        0x4 
 .bss.mpu_thread_wa
                0x0000000020003b38      0x998 build/obj/mpu9150.o
 .bss.read_callback
                0x00000000200044d0        0x4 build/obj/mpu9150.o
 .bss.mag_updated
                0x00000000200044d4        0x4 build/obj/mpu9150.o
 .bss.raw_accel_gyro_mag_tmp.9708
                0x00000000200044d8       0x12 build/obj/mpu9150.o
 *fill*         0x00000000200044ea        0x2 
 .bss.rx_buf    0x00000000200044ec       0x64 build/obj/mpu9150.o
 .bss.mpu_addr  0x0000000020004550        0x2 build/obj/mpu9150.o
 *fill*         0x0000000020004552        0x2 
 .bss.samples   0x0000000020004554       0x10 build/obj/adconv.o
 .bss.serial_rx_write_pos
                0x0000000020004564        0x4 build/obj/comm_usb.o
 .bss.send_mutex
                0x0000000020004568       0x10 build/obj/comm_usb.o
 .bss.serial_process_thread_wa
                0x0000000020004578     0x1198 build/obj/comm_usb.o
 .bss.serial_rx_buffer
                0x0000000020005710      0x800 build/obj/comm_usb.o
 .bss.serial_read_thread_wa
                0x0000000020005f10      0x398 build/obj/comm_usb.o
 .bss.serial_rx_read_pos
                0x00000000200062a8        0x4 build/obj/comm_usb.o